=== FOV gain candidate 20: p9p75_l5p6_w0p70_fw0p80_stub1p90_w1p00_off1p55_dstub0p70_step1p0_iso11p5_w0p55_i3p6_slit4p0_off0p45_slit5p0_offu0p80_v0p00 ===
Stage: starting DUALPOL_XY AEDT/project build
PyAEDT INFO: Python version 3.12.10 (tags/v3.12.10:0cc8128, Apr  8 2025, 12:21:36) [MSC v.1943 64 bit (AMD64)].
PyAEDT INFO: PyAEDT version 0.26.3.
PyAEDT INFO: Initializing new Desktop session.
PyAEDT INFO: AEDT version 2023.1.
PyAEDT INFO: New AEDT session is starting on gRPC port 53376.
PyAEDT INFO: Starting new AEDT gRPC session on port 53376.
PyAEDT INFO: Launching AEDT server with gRPC transport mode: TransportMode.WNUA
PyAEDT INFO: Electronics Desktop started on gRPC port 53376 after 6.1 seconds.
PyAEDT INFO: AEDT installation Path D:\Program Files\AnsysEM\v231\Win64
PyAEDT INFO: Connected to AEDT gRPC session on port 53376.
PyAEDT INFO: Non-graphical mode detected. Disabling Desktop logs.
PyAEDT INFO: Project UWB_CH9_Diamond_CP_Array_D44_DUALPOL_XY has been created.
PyAEDT INFO: Added design 'Array4_Diamond_D44_DualPolarized_XY' of type HFSS.
PyAEDT INFO: AEDT objects correctly read
PyAEDT INFO: Modeler class has been initialized! Elapsed time: 0m 0sec
PyAEDT INFO: Materials class has been initialized! Elapsed time: 0m 0sec
PyAEDT INFO: Adding new material to the Project Library: RO4350B_custom_D44_Topology
PyAEDT INFO: Material has been added in Desktop.
Stage: substrate, ground, and isolation slots created
PyAEDT INFO: Parsing design objects. This operation can take time
PyAEDT INFO: Refreshing objects from AEDT file
PyAEDT INFO: Parsing D:\WorkSpace\HFSS Sim\UWB-Antenna-Simulation-By-HFSS\UWB_CH9_Diamond_CP_Array_D44_DUALPOL_XY.aedt.
PyAEDT INFO: File D:\WorkSpace\HFSS Sim\UWB-Antenna-Simulation-By-HFSS\UWB_CH9_Diamond_CP_Array_D44_DUALPOL_XY.aedt correctly loaded. Elapsed time: 0m 0sec
PyAEDT INFO: aedt file load time 0.010764598846435547
PyAEDT INFO: 3D Modeler objects parsed. Elapsed time: 0m 0sec
PyAEDT INFO: Boundary Lumped Port P1A has been created.
PyAEDT INFO: Boundary Lumped RLC P1B_switch_off_load has been created.
PyAEDT INFO: Parsing design objects. This operation can take time
PyAEDT INFO: Refreshing objects from AEDT file
PyAEDT INFO: 3D Modeler objects parsed. Elapsed time: 0m 0sec
PyAEDT INFO: Boundary Lumped Port P2A has been created.
PyAEDT INFO: Boundary Lumped RLC P2B_switch_off_load has been created.
PyAEDT INFO: Parsing design objects. This operation can take time
PyAEDT INFO: Refreshing objects from AEDT file
PyAEDT INFO: 3D Modeler objects parsed. Elapsed time: 0m 0sec
PyAEDT INFO: Boundary Lumped Port P3A has been created.
PyAEDT INFO: Boundary Lumped RLC P3B_switch_off_load has been created.
PyAEDT INFO: Parsing design objects. This operation can take time
PyAEDT INFO: Refreshing objects from AEDT file
PyAEDT INFO: 3D Modeler objects parsed. Elapsed time: 0m 0sec
PyAEDT INFO: Boundary Lumped Port P4A has been created.
PyAEDT INFO: Boundary Lumped RLC P4B_switch_off_load has been created.
Stage: DUALPOL_XY radiators and feeds created
PyAEDT INFO: Parsing design objects. This operation can take time
PyAEDT INFO: Refreshing objects from AEDT file
PyAEDT INFO: 3D Modeler objects parsed. Elapsed time: 0m 0sec
Stage: ground slots cut
PyAEDT INFO: Boundary Perfect E DUALPOL_XY_PEC_metallization has been created.
PyAEDT INFO: Open Region correctly created.
PyAEDT INFO: Project UWB_CH9_Diamond_CP_Array_D44_DUALPOL_XY Saved correctly
Stage: radiation region and upper-hemisphere sphere created
PyAEDT INFO: Parsing D:\WorkSpace\HFSS Sim\UWB-Antenna-Simulation-By-HFSS\UWB_CH9_Diamond_CP_Array_D44_DUALPOL_XY.aedt.
PyAEDT INFO: File D:\WorkSpace\HFSS Sim\UWB-Antenna-Simulation-By-HFSS\UWB_CH9_Diamond_CP_Array_D44_DUALPOL_XY.aedt correctly loaded. Elapsed time: 0m 0sec
PyAEDT INFO: aedt file load time 0.08667111396789551
PyAEDT INFO: Linear count sweep Sweep_CH9 has been correctly created.
PyAEDT INFO: PostProcessor class has been initialized! Elapsed time: 0m 0sec
PyAEDT INFO: PostProcessor class has been initialized! Elapsed time: 0m 0sec
PyAEDT INFO: Post class has been initialized! Elapsed time: 0m 0sec
Stage: setup, sweep, and reports created
PyAEDT INFO: Project UWB_CH9_Diamond_CP_Array_D44_DUALPOL_XY Saved correctly
Stage: DUALPOL_XY analysis started
PyAEDT INFO: Key Desktop/ActiveDSOConfigurations/HFSS correctly changed.
PyAEDT INFO: Solving design setup Setup_CH9
PyAEDT INFO: Design setup Setup_CH9 solved correctly in 0.0h 0.0m 58.0s
PyAEDT INFO: Key Desktop/ActiveDSOConfigurations/HFSS correctly changed.
Analyze result: True
PyAEDT INFO: Project UWB_CH9_Diamond_CP_Array_D44_DUALPOL_XY Saved correctly
PyAEDT INFO: Solution Correctly loaded. Elapsed time: 0m 0sec
PyAEDT INFO: Solution Correctly parsed. Elapsed time: 0m 0sec
PyAEDT INFO: Solution Correctly loaded. Elapsed time: 0m 0sec
PyAEDT INFO: Solution Correctly parsed. Elapsed time: 0m 0sec
PyAEDT INFO: Solution Correctly loaded. Elapsed time: 0m 0sec
PyAEDT INFO: Solution Correctly parsed. Elapsed time: 0m 0sec
PyAEDT INFO: Solution Correctly loaded. Elapsed time: 0m 0sec
PyAEDT INFO: Solution Correctly parsed. Elapsed time: 0m 0sec
PyAEDT INFO: Solution Correctly loaded. Elapsed time: 0m 0sec
PyAEDT INFO: Solution Correctly parsed. Elapsed time: 0m 0sec
PyAEDT INFO: Solution Correctly loaded. Elapsed time: 0m 0sec
PyAEDT INFO: Solution Correctly parsed. Elapsed time: 0m 0sec
PyAEDT INFO: Solution Correctly loaded. Elapsed time: 0m 0sec
PyAEDT INFO: Solution Correctly parsed. Elapsed time: 0m 0sec
PyAEDT INFO: Solution Correctly loaded. Elapsed time: 0m 0sec
PyAEDT INFO: Solution Correctly parsed. Elapsed time: 0m 0sec
PyAEDT INFO: Solution Correctly loaded. Elapsed time: 0m 0sec
PyAEDT INFO: Solution Correctly parsed. Elapsed time: 0m 0sec
PyAEDT INFO: Solution Correctly loaded. Elapsed time: 0m 0sec
PyAEDT INFO: Solution Correctly parsed. Elapsed time: 0m 0sec
PyAEDT INFO: Solution Correctly loaded. Elapsed time: 0m 0sec
PyAEDT INFO: Solution Correctly parsed. Elapsed time: 0m 0sec
PyAEDT INFO: Solution Correctly loaded. Elapsed time: 0m 0sec
PyAEDT INFO: Solution Correctly parsed. Elapsed time: 0m 0sec
PyAEDT INFO: Solution Correctly loaded. Elapsed time: 0m 0sec
PyAEDT INFO: Solution Correctly parsed. Elapsed time: 0m 0sec
PyAEDT INFO: Solution Correctly loaded. Elapsed time: 0m 0sec
PyAEDT INFO: Solution Correctly parsed. Elapsed time: 0m 0sec
PyAEDT INFO: Desktop has been released and closed.
Stage: AEDT settle wait 10.0s
Stage: starting DUALPOL_XY AEDT/project build
PyAEDT INFO: Python version 3.12.10 (tags/v3.12.10:0cc8128, Apr  8 2025, 12:21:36) [MSC v.1943 64 bit (AMD64)].
PyAEDT INFO: PyAEDT version 0.26.3.
PyAEDT INFO: Initializing new Desktop session.
PyAEDT INFO: AEDT version 2023.1.
PyAEDT INFO: New AEDT session is starting on gRPC port 53812.
PyAEDT INFO: Starting new AEDT gRPC session on port 53812.
PyAEDT INFO: Launching AEDT server with gRPC transport mode: TransportMode.WNUA
PyAEDT INFO: Electronics Desktop started on gRPC port 53812 after 6.1 seconds.
PyAEDT INFO: AEDT installation Path D:\Program Files\AnsysEM\v231\Win64
PyAEDT INFO: Connected to AEDT gRPC session on port 53812.
PyAEDT INFO: Non-graphical mode detected. Disabling Desktop logs.
PyAEDT INFO: Project UWB_CH9_Diamond_CP_Array_D44_DUALPOL_XY has been created.
PyAEDT INFO: Added design 'Array4_Diamond_D44_DualPolarized_XY' of type HFSS.
PyAEDT INFO: AEDT objects correctly read
PyAEDT INFO: Modeler class has been initialized! Elapsed time: 0m 0sec
PyAEDT INFO: Materials class has been initialized! Elapsed time: 0m 0sec
PyAEDT INFO: Adding new material to the Project Library: RO4350B_custom_D44_Topology
PyAEDT INFO: Material has been added in Desktop.
Stage: substrate, ground, and isolation slots created
PyAEDT INFO: Parsing design objects. This operation can take time
PyAEDT INFO: Refreshing objects from AEDT file
PyAEDT INFO: Parsing D:\WorkSpace\HFSS Sim\UWB-Antenna-Simulation-By-HFSS\UWB_CH9_Diamond_CP_Array_D44_DUALPOL_XY.aedt.
PyAEDT INFO: File D:\WorkSpace\HFSS Sim\UWB-Antenna-Simulation-By-HFSS\UWB_CH9_Diamond_CP_Array_D44_DUALPOL_XY.aedt correctly loaded. Elapsed time: 0m 0sec
PyAEDT INFO: aedt file load time 0.008322477340698242
PyAEDT INFO: 3D Modeler objects parsed. Elapsed time: 0m 0sec
PyAEDT INFO: Boundary Lumped RLC P1A_switch_off_load has been created.
PyAEDT INFO: Boundary Lumped Port P1B has been created.
PyAEDT INFO: Parsing design objects. This operation can take time
PyAEDT INFO: Refreshing objects from AEDT file
PyAEDT INFO: 3D Modeler objects parsed. Elapsed time: 0m 0sec
PyAEDT INFO: Boundary Lumped RLC P2A_switch_off_load has been created.
PyAEDT INFO: Boundary Lumped Port P2B has been created.
PyAEDT INFO: Parsing design objects. This operation can take time
PyAEDT INFO: Refreshing objects from AEDT file
PyAEDT INFO: 3D Modeler objects parsed. Elapsed time: 0m 0sec
PyAEDT INFO: Boundary Lumped RLC P3A_switch_off_load has been created.
PyAEDT INFO: Boundary Lumped Port P3B has been created.
PyAEDT INFO: Parsing design objects. This operation can take time
PyAEDT INFO: Refreshing objects from AEDT file
PyAEDT INFO: 3D Modeler objects parsed. Elapsed time: 0m 0sec
PyAEDT INFO: Boundary Lumped RLC P4A_switch_off_load has been created.
PyAEDT INFO: Boundary Lumped Port P4B has been created.
Stage: DUALPOL_XY radiators and feeds created
PyAEDT INFO: Parsing design objects. This operation can take time
PyAEDT INFO: Refreshing objects from AEDT file
PyAEDT INFO: 3D Modeler objects parsed. Elapsed time: 0m 0sec
Stage: ground slots cut
PyAEDT INFO: Boundary Perfect E DUALPOL_XY_PEC_metallization has been created.
PyAEDT INFO: Open Region correctly created.
PyAEDT INFO: Project UWB_CH9_Diamond_CP_Array_D44_DUALPOL_XY Saved correctly
Stage: radiation region and upper-hemisphere sphere created
PyAEDT INFO: Parsing D:\WorkSpace\HFSS Sim\UWB-Antenna-Simulation-By-HFSS\UWB_CH9_Diamond_CP_Array_D44_DUALPOL_XY.aedt.
PyAEDT INFO: File D:\WorkSpace\HFSS Sim\UWB-Antenna-Simulation-By-HFSS\UWB_CH9_Diamond_CP_Array_D44_DUALPOL_XY.aedt correctly loaded. Elapsed time: 0m 0sec
PyAEDT INFO: aedt file load time 0.08476734161376953
PyAEDT INFO: Linear count sweep Sweep_CH9 has been correctly created.
PyAEDT INFO: PostProcessor class has been initialized! Elapsed time: 0m 0sec
PyAEDT INFO: PostProcessor class has been initialized! Elapsed time: 0m 0sec
PyAEDT INFO: Post class has been initialized! Elapsed time: 0m 0sec
Stage: setup, sweep, and reports created
PyAEDT INFO: Project UWB_CH9_Diamond_CP_Array_D44_DUALPOL_XY Saved correctly
Stage: DUALPOL_XY analysis started
PyAEDT INFO: Key Desktop/ActiveDSOConfigurations/HFSS correctly changed.
PyAEDT INFO: Solving design setup Setup_CH9
PyAEDT INFO: Design setup Setup_CH9 solved correctly in 0.0h 1.0m 1.0s
PyAEDT INFO: Key Desktop/ActiveDSOConfigurations/HFSS correctly changed.
Analyze result: True
PyAEDT INFO: Project UWB_CH9_Diamond_CP_Array_D44_DUALPOL_XY Saved correctly
PyAEDT INFO: Solution Correctly loaded. Elapsed time: 0m 0sec
PyAEDT INFO: Solution Correctly parsed. Elapsed time: 0m 0sec
PyAEDT INFO: Solution Correctly loaded. Elapsed time: 0m 0sec
PyAEDT INFO: Solution Correctly parsed. Elapsed time: 0m 0sec
PyAEDT INFO: Solution Correctly loaded. Elapsed time: 0m 0sec
PyAEDT INFO: Solution Correctly parsed. Elapsed time: 0m 0sec
PyAEDT INFO: Solution Correctly loaded. Elapsed time: 0m 0sec
PyAEDT INFO: Solution Correctly parsed. Elapsed time: 0m 0sec
PyAEDT INFO: Solution Correctly loaded. Elapsed time: 0m 0sec
PyAEDT INFO: Solution Correctly parsed. Elapsed time: 0m 0sec
PyAEDT INFO: Solution Correctly loaded. Elapsed time: 0m 0sec
PyAEDT INFO: Solution Correctly parsed. Elapsed time: 0m 0sec
PyAEDT INFO: Solution Correctly loaded. Elapsed time: 0m 0sec
PyAEDT INFO: Solution Correctly parsed. Elapsed time: 0m 0sec
PyAEDT INFO: Solution Correctly loaded. Elapsed time: 0m 0sec
PyAEDT INFO: Solution Correctly parsed. Elapsed time: 0m 0sec
PyAEDT INFO: Solution Correctly loaded. Elapsed time: 0m 0sec
PyAEDT INFO: Solution Correctly parsed. Elapsed time: 0m 0sec
PyAEDT INFO: Solution Correctly loaded. Elapsed time: 0m 0sec
PyAEDT INFO: Solution Correctly parsed. Elapsed time: 0m 0sec
PyAEDT INFO: Solution Correctly loaded. Elapsed time: 0m 0sec
PyAEDT INFO: Solution Correctly parsed. Elapsed time: 0m 0sec
PyAEDT INFO: Solution Correctly loaded. Elapsed time: 0m 0sec
PyAEDT INFO: Solution Correctly parsed. Elapsed time: 0m 0sec
PyAEDT INFO: Solution Correctly loaded. Elapsed time: 0m 0sec
PyAEDT INFO: Solution Correctly parsed. Elapsed time: 0m 0sec
PyAEDT INFO: Solution Correctly loaded. Elapsed time: 0m 0sec
PyAEDT INFO: Solution Correctly parsed. Elapsed time: 0m 0sec
PyAEDT INFO: Desktop has been released and closed.
Stage: AEDT settle wait 10.0s
{
  "candidate": "p9p75_l5p6_w0p70_fw0p80_stub1p90_w1p00_off1p55_dstub0p70_step1p0_iso11p5_w0p55_i3p6_slit4p0_off0p45_slit5p0_offu0p80_v0p00",
  "strict_realized_min_dbi": -30.21146128686913,
  "coverage_realized_min_dbi": -20.352306854196044,
  "worst_active_s11_db": -12.313330094989436
}
=== FOV gain candidate 21: p9p75_l5p6_w0p70_fw0p80_stub1p90_w1p00_off1p55_dstub0p70_step1p0_iso11p5_w0p55_i3p6_slit4p0_off0p45_slit5p0_offu0p00_v0p80 ===
Stage: starting DUALPOL_XY AEDT/project build
PyAEDT INFO: Python version 3.12.10 (tags/v3.12.10:0cc8128, Apr  8 2025, 12:21:36) [MSC v.1943 64 bit (AMD64)].
PyAEDT INFO: PyAEDT version 0.26.3.
PyAEDT INFO: Initializing new Desktop session.
PyAEDT INFO: AEDT version 2023.1.
PyAEDT INFO: New AEDT session is starting on gRPC port 54474.
PyAEDT INFO: Starting new AEDT gRPC session on port 54474.
PyAEDT INFO: Launching AEDT server with gRPC transport mode: TransportMode.WNUA
PyAEDT INFO: Electronics Desktop started on gRPC port 54474 after 6.1 seconds.
PyAEDT INFO: AEDT installation Path D:\Program Files\AnsysEM\v231\Win64
PyAEDT INFO: Connected to AEDT gRPC session on port 54474.
PyAEDT INFO: Non-graphical mode detected. Disabling Desktop logs.
PyAEDT INFO: Project UWB_CH9_Diamond_CP_Array_D44_DUALPOL_XY has been created.
PyAEDT INFO: Added design 'Array4_Diamond_D44_DualPolarized_XY' of type HFSS.
PyAEDT INFO: AEDT objects correctly read
PyAEDT INFO: Modeler class has been initialized! Elapsed time: 0m 0sec
PyAEDT INFO: Materials class has been initialized! Elapsed time: 0m 0sec
PyAEDT INFO: Adding new material to the Project Library: RO4350B_custom_D44_Topology
PyAEDT INFO: Material has been added in Desktop.
Stage: substrate, ground, and isolation slots created
PyAEDT INFO: Parsing design objects. This operation can take time
PyAEDT INFO: Refreshing objects from AEDT file
PyAEDT INFO: Parsing D:\WorkSpace\HFSS Sim\UWB-Antenna-Simulation-By-HFSS\UWB_CH9_Diamond_CP_Array_D44_DUALPOL_XY.aedt.
PyAEDT INFO: File D:\WorkSpace\HFSS Sim\UWB-Antenna-Simulation-By-HFSS\UWB_CH9_Diamond_CP_Array_D44_DUALPOL_XY.aedt correctly loaded. Elapsed time: 0m 0sec
PyAEDT INFO: aedt file load time 0.010098934173583984
PyAEDT INFO: 3D Modeler objects parsed. Elapsed time: 0m 0sec
PyAEDT INFO: Boundary Lumped Port P1A has been created.
PyAEDT INFO: Boundary Lumped RLC P1B_switch_off_load has been created.
PyAEDT INFO: Parsing design objects. This operation can take time
PyAEDT INFO: Refreshing objects from AEDT file
PyAEDT INFO: 3D Modeler objects parsed. Elapsed time: 0m 0sec
PyAEDT INFO: Boundary Lumped Port P2A has been created.
PyAEDT INFO: Boundary Lumped RLC P2B_switch_off_load has been created.
PyAEDT INFO: Parsing design objects. This operation can take time
PyAEDT INFO: Refreshing objects from AEDT file
PyAEDT INFO: 3D Modeler objects parsed. Elapsed time: 0m 0sec
PyAEDT INFO: Boundary Lumped Port P3A has been created.
PyAEDT INFO: Boundary Lumped RLC P3B_switch_off_load has been created.
PyAEDT INFO: Parsing design objects. This operation can take time
PyAEDT INFO: Refreshing objects from AEDT file
PyAEDT INFO: 3D Modeler objects parsed. Elapsed time: 0m 0sec
PyAEDT INFO: Boundary Lumped Port P4A has been created.
PyAEDT INFO: Boundary Lumped RLC P4B_switch_off_load has been created.
Stage: DUALPOL_XY radiators and feeds created
PyAEDT INFO: Parsing design objects. This operation can take time
PyAEDT INFO: Refreshing objects from AEDT file
PyAEDT INFO: 3D Modeler objects parsed. Elapsed time: 0m 0sec
Stage: ground slots cut
PyAEDT INFO: Boundary Perfect E DUALPOL_XY_PEC_metallization has been created.
PyAEDT INFO: Open Region correctly created.
PyAEDT INFO: Project UWB_CH9_Diamond_CP_Array_D44_DUALPOL_XY Saved correctly
Stage: radiation region and upper-hemisphere sphere created
PyAEDT INFO: Parsing D:\WorkSpace\HFSS Sim\UWB-Antenna-Simulation-By-HFSS\UWB_CH9_Diamond_CP_Array_D44_DUALPOL_XY.aedt.
PyAEDT INFO: File D:\WorkSpace\HFSS Sim\UWB-Antenna-Simulation-By-HFSS\UWB_CH9_Diamond_CP_Array_D44_DUALPOL_XY.aedt correctly loaded. Elapsed time: 0m 0sec
PyAEDT INFO: aedt file load time 0.12007594108581543
PyAEDT INFO: Linear count sweep Sweep_CH9 has been correctly created.
PyAEDT INFO: PostProcessor class has been initialized! Elapsed time: 0m 0sec
PyAEDT INFO: PostProcessor class has been initialized! Elapsed time: 0m 0sec
PyAEDT INFO: Post class has been initialized! Elapsed time: 0m 0sec
Stage: setup, sweep, and reports created
PyAEDT INFO: Project UWB_CH9_Diamond_CP_Array_D44_DUALPOL_XY Saved correctly
Stage: DUALPOL_XY analysis started
PyAEDT INFO: Key Desktop/ActiveDSOConfigurations/HFSS correctly changed.
PyAEDT INFO: Solving design setup Setup_CH9
PyAEDT INFO: Design setup Setup_CH9 solved correctly in 0.0h 0.0m 58.0s
PyAEDT INFO: Key Desktop/ActiveDSOConfigurations/HFSS correctly changed.
Analyze result: True
PyAEDT INFO: Project UWB_CH9_Diamond_CP_Array_D44_DUALPOL_XY Saved correctly
PyAEDT INFO: Solution Correctly loaded. Elapsed time: 0m 0sec
PyAEDT INFO: Solution Correctly parsed. Elapsed time: 0m 0sec
PyAEDT INFO: Solution Correctly loaded. Elapsed time: 0m 0sec
PyAEDT INFO: Solution Correctly parsed. Elapsed time: 0m 0sec
PyAEDT INFO: Solution Correctly loaded. Elapsed time: 0m 0sec
PyAEDT INFO: Solution Correctly parsed. Elapsed time: 0m 0sec
PyAEDT INFO: Solution Correctly loaded. Elapsed time: 0m 0sec
PyAEDT INFO: Solution Correctly parsed. Elapsed time: 0m 0sec
PyAEDT INFO: Solution Correctly loaded. Elapsed time: 0m 0sec
PyAEDT INFO: Solution Correctly parsed. Elapsed time: 0m 0sec
PyAEDT INFO: Solution Correctly loaded. Elapsed time: 0m 0sec
PyAEDT INFO: Solution Correctly parsed. Elapsed time: 0m 0sec
PyAEDT INFO: Solution Correctly loaded. Elapsed time: 0m 0sec
PyAEDT INFO: Solution Correctly parsed. Elapsed time: 0m 0sec
PyAEDT INFO: Solution Correctly loaded. Elapsed time: 0m 0sec
PyAEDT INFO: Solution Correctly parsed. Elapsed time: 0m 0sec
PyAEDT INFO: Solution Correctly loaded. Elapsed time: 0m 0sec
PyAEDT INFO: Solution Correctly parsed. Elapsed time: 0m 0sec
PyAEDT INFO: Solution Correctly loaded. Elapsed time: 0m 0sec
PyAEDT INFO: Solution Correctly parsed. Elapsed time: 0m 0sec
PyAEDT INFO: Solution Correctly loaded. Elapsed time: 0m 0sec
PyAEDT INFO: Solution Correctly parsed. Elapsed time: 0m 0sec
PyAEDT INFO: Solution Correctly loaded. Elapsed time: 0m 0sec
PyAEDT INFO: Solution Correctly parsed. Elapsed time: 0m 0sec
PyAEDT INFO: Solution Correctly loaded. Elapsed time: 0m 0sec
PyAEDT INFO: Solution Correctly parsed. Elapsed time: 0m 0sec
PyAEDT INFO: Solution Correctly loaded. Elapsed time: 0m 0sec
PyAEDT INFO: Solution Correctly parsed. Elapsed time: 0m 0sec
PyAEDT INFO: Desktop has been released and closed.
Stage: AEDT settle wait 10.0s
Stage: starting DUALPOL_XY AEDT/project build
PyAEDT INFO: Python version 3.12.10 (tags/v3.12.10:0cc8128, Apr  8 2025, 12:21:36) [MSC v.1943 64 bit (AMD64)].
PyAEDT INFO: PyAEDT version 0.26.3.
PyAEDT INFO: Initializing new Desktop session.
PyAEDT INFO: AEDT version 2023.1.
PyAEDT INFO: New AEDT session is starting on gRPC port 54711.
PyAEDT INFO: Starting new AEDT gRPC session on port 54711.
PyAEDT INFO: Launching AEDT server with gRPC transport mode: TransportMode.WNUA
PyAEDT INFO: Electronics Desktop started on gRPC port 54711 after 6.6 seconds.
PyAEDT INFO: AEDT installation Path D:\Program Files\AnsysEM\v231\Win64
PyAEDT INFO: Connected to AEDT gRPC session on port 54711.
PyAEDT INFO: Non-graphical mode detected. Disabling Desktop logs.
PyAEDT INFO: Project UWB_CH9_Diamond_CP_Array_D44_DUALPOL_XY has been created.
PyAEDT INFO: Added design 'Array4_Diamond_D44_DualPolarized_XY' of type HFSS.
PyAEDT INFO: AEDT objects correctly read
PyAEDT INFO: Modeler class has been initialized! Elapsed time: 0m 0sec
PyAEDT INFO: Materials class has been initialized! Elapsed time: 0m 0sec
PyAEDT INFO: Adding new material to the Project Library: RO4350B_custom_D44_Topology
PyAEDT INFO: Material has been added in Desktop.
Stage: substrate, ground, and isolation slots created
PyAEDT INFO: Parsing design objects. This operation can take time
PyAEDT INFO: Refreshing objects from AEDT file
PyAEDT INFO: Parsing D:\WorkSpace\HFSS Sim\UWB-Antenna-Simulation-By-HFSS\UWB_CH9_Diamond_CP_Array_D44_DUALPOL_XY.aedt.
PyAEDT INFO: File D:\WorkSpace\HFSS Sim\UWB-Antenna-Simulation-By-HFSS\UWB_CH9_Diamond_CP_Array_D44_DUALPOL_XY.aedt correctly loaded. Elapsed time: 0m 0sec
PyAEDT INFO: aedt file load time 0.010955333709716797
PyAEDT INFO: 3D Modeler objects parsed. Elapsed time: 0m 0sec
PyAEDT INFO: Boundary Lumped RLC P1A_switch_off_load has been created.
PyAEDT INFO: Boundary Lumped Port P1B has been created.
PyAEDT INFO: Parsing design objects. This operation can take time
PyAEDT INFO: Refreshing objects from AEDT file
PyAEDT INFO: 3D Modeler objects parsed. Elapsed time: 0m 0sec
PyAEDT INFO: Boundary Lumped RLC P2A_switch_off_load has been created.
PyAEDT INFO: Boundary Lumped Port P2B has been created.
PyAEDT INFO: Parsing design objects. This operation can take time
PyAEDT INFO: Refreshing objects from AEDT file
PyAEDT INFO: 3D Modeler objects parsed. Elapsed time: 0m 0sec
PyAEDT INFO: Boundary Lumped RLC P3A_switch_off_load has been created.
PyAEDT INFO: Boundary Lumped Port P3B has been created.
PyAEDT INFO: Parsing design objects. This operation can take time
PyAEDT INFO: Refreshing objects from AEDT file
PyAEDT INFO: 3D Modeler objects parsed. Elapsed time: 0m 0sec
PyAEDT INFO: Boundary Lumped RLC P4A_switch_off_load has been created.
PyAEDT INFO: Boundary Lumped Port P4B has been created.
Stage: DUALPOL_XY radiators and feeds created
PyAEDT INFO: Parsing design objects. This operation can take time
PyAEDT INFO: Refreshing objects from AEDT file
PyAEDT INFO: 3D Modeler objects parsed. Elapsed time: 0m 0sec
Stage: ground slots cut
PyAEDT INFO: Boundary Perfect E DUALPOL_XY_PEC_metallization has been created.
PyAEDT INFO: Open Region correctly created.
PyAEDT INFO: Project UWB_CH9_Diamond_CP_Array_D44_DUALPOL_XY Saved correctly
Stage: radiation region and upper-hemisphere sphere created
PyAEDT INFO: Parsing D:\WorkSpace\HFSS Sim\UWB-Antenna-Simulation-By-HFSS\UWB_CH9_Diamond_CP_Array_D44_DUALPOL_XY.aedt.
PyAEDT INFO: File D:\WorkSpace\HFSS Sim\UWB-Antenna-Simulation-By-HFSS\UWB_CH9_Diamond_CP_Array_D44_DUALPOL_XY.aedt correctly loaded. Elapsed time: 0m 0sec
PyAEDT INFO: aedt file load time 0.09505748748779297
PyAEDT INFO: Linear count sweep Sweep_CH9 has been correctly created.
PyAEDT INFO: PostProcessor class has been initialized! Elapsed time: 0m 0sec
PyAEDT INFO: PostProcessor class has been initialized! Elapsed time: 0m 0sec
PyAEDT INFO: Post class has been initialized! Elapsed time: 0m 0sec
Stage: setup, sweep, and reports created
PyAEDT INFO: Project UWB_CH9_Diamond_CP_Array_D44_DUALPOL_XY Saved correctly
Stage: DUALPOL_XY analysis started
PyAEDT INFO: Key Desktop/ActiveDSOConfigurations/HFSS correctly changed.
PyAEDT INFO: Solving design setup Setup_CH9
PyAEDT INFO: Design setup Setup_CH9 solved correctly in 0.0h 0.0m 52.0s
PyAEDT INFO: Key Desktop/ActiveDSOConfigurations/HFSS correctly changed.
Analyze result: True
PyAEDT INFO: Project UWB_CH9_Diamond_CP_Array_D44_DUALPOL_XY Saved correctly
PyAEDT INFO: Solution Correctly loaded. Elapsed time: 0m 0sec
PyAEDT INFO: Solution Correctly parsed. Elapsed time: 0m 0sec
PyAEDT INFO: Solution Correctly loaded. Elapsed time: 0m 0sec
PyAEDT INFO: Solution Correctly parsed. Elapsed time: 0m 0sec
PyAEDT INFO: Solution Correctly loaded. Elapsed time: 0m 0sec
PyAEDT INFO: Solution Correctly parsed. Elapsed time: 0m 0sec
PyAEDT INFO: Solution Correctly loaded. Elapsed time: 0m 0sec
PyAEDT INFO: Solution Correctly parsed. Elapsed time: 0m 0sec
PyAEDT INFO: Solution Correctly loaded. Elapsed time: 0m 0sec
PyAEDT INFO: Solution Correctly parsed. Elapsed time: 0m 0sec
PyAEDT INFO: Solution Correctly loaded. Elapsed time: 0m 0sec
PyAEDT INFO: Solution Correctly parsed. Elapsed time: 0m 0sec
PyAEDT INFO: Solution Correctly loaded. Elapsed time: 0m 0sec
PyAEDT INFO: Solution Correctly parsed. Elapsed time: 0m 0sec
PyAEDT INFO: Solution Correctly loaded. Elapsed time: 0m 0sec
PyAEDT INFO: Solution Correctly parsed. Elapsed time: 0m 0sec
PyAEDT INFO: Solution Correctly loaded. Elapsed time: 0m 0sec
PyAEDT INFO: Solution Correctly parsed. Elapsed time: 0m 0sec
PyAEDT INFO: Solution Correctly loaded. Elapsed time: 0m 0sec
PyAEDT INFO: Solution Correctly parsed. Elapsed time: 0m 0sec
PyAEDT INFO: Solution Correctly loaded. Elapsed time: 0m 0sec
PyAEDT INFO: Solution Correctly parsed. Elapsed time: 0m 0sec
PyAEDT INFO: Solution Correctly loaded. Elapsed time: 0m 0sec
PyAEDT INFO: Solution Correctly parsed. Elapsed time: 0m 0sec
PyAEDT INFO: Solution Correctly loaded. Elapsed time: 0m 0sec
PyAEDT INFO: Solution Correctly parsed. Elapsed time: 0m 0sec
PyAEDT INFO: Solution Correctly loaded. Elapsed time: 0m 0sec
PyAEDT INFO: Solution Correctly parsed. Elapsed time: 0m 0sec
PyAEDT INFO: Desktop has been released and closed.
Stage: AEDT settle wait 10.0s
{
  "candidate": "p9p75_l5p6_w0p70_fw0p80_stub1p90_w1p00_off1p55_dstub0p70_step1p0_iso11p5_w0p55_i3p6_slit4p0_off0p45_slit5p0_offu0p00_v0p80",
  "strict_realized_min_dbi": -28.18381572027341,
  "coverage_realized_min_dbi": -20.459661951989297,
  "worst_active_s11_db": -11.784996545692108
}
=== FOV gain candidate 22: p9p75_l5p6_w0p70_fw0p80_stub1p90_w1p00_off1p55_dstub0p70_step1p0_iso11p5_w0p55_i3p6_slit4p0_off0p45_slit5p5_offu0p60_v0p00 ===
Stage: starting DUALPOL_XY AEDT/project build
PyAEDT INFO: Python version 3.12.10 (tags/v3.12.10:0cc8128, Apr  8 2025, 12:21:36) [MSC v.1943 64 bit (AMD64)].
PyAEDT INFO: PyAEDT version 0.26.3.
PyAEDT INFO: Initializing new Desktop session.
PyAEDT INFO: AEDT version 2023.1.
PyAEDT INFO: New AEDT session is starting on gRPC port 54882.
PyAEDT INFO: Starting new AEDT gRPC session on port 54882.
PyAEDT INFO: Launching AEDT server with gRPC transport mode: TransportMode.WNUA
PyAEDT INFO: Electronics Desktop started on gRPC port 54882 after 6.1 seconds.
PyAEDT INFO: AEDT installation Path D:\Program Files\AnsysEM\v231\Win64
PyAEDT INFO: Connected to AEDT gRPC session on port 54882.
PyAEDT INFO: Non-graphical mode detected. Disabling Desktop logs.
PyAEDT INFO: Project UWB_CH9_Diamond_CP_Array_D44_DUALPOL_XY has been created.
PyAEDT INFO: Added design 'Array4_Diamond_D44_DualPolarized_XY' of type HFSS.
PyAEDT INFO: AEDT objects correctly read
PyAEDT INFO: Modeler class has been initialized! Elapsed time: 0m 0sec
PyAEDT INFO: Materials class has been initialized! Elapsed time: 0m 0sec
PyAEDT INFO: Adding new material to the Project Library: RO4350B_custom_D44_Topology
PyAEDT INFO: Material has been added in Desktop.
Stage: substrate, ground, and isolation slots created
PyAEDT INFO: Parsing design objects. This operation can take time
PyAEDT INFO: Refreshing objects from AEDT file
PyAEDT INFO: Parsing D:\WorkSpace\HFSS Sim\UWB-Antenna-Simulation-By-HFSS\UWB_CH9_Diamond_CP_Array_D44_DUALPOL_XY.aedt.
PyAEDT INFO: File D:\WorkSpace\HFSS Sim\UWB-Antenna-Simulation-By-HFSS\UWB_CH9_Diamond_CP_Array_D44_DUALPOL_XY.aedt correctly loaded. Elapsed time: 0m 0sec
PyAEDT INFO: aedt file load time 0.008825302124023438
PyAEDT INFO: 3D Modeler objects parsed. Elapsed time: 0m 0sec
PyAEDT INFO: Boundary Lumped Port P1A has been created.
PyAEDT INFO: Boundary Lumped RLC P1B_switch_off_load has been created.
PyAEDT INFO: Parsing design objects. This operation can take time
PyAEDT INFO: Refreshing objects from AEDT file
PyAEDT INFO: 3D Modeler objects parsed. Elapsed time: 0m 0sec
PyAEDT INFO: Boundary Lumped Port P2A has been created.
PyAEDT INFO: Boundary Lumped RLC P2B_switch_off_load has been created.
PyAEDT INFO: Parsing design objects. This operation can take time
PyAEDT INFO: Refreshing objects from AEDT file
PyAEDT INFO: 3D Modeler objects parsed. Elapsed time: 0m 0sec
PyAEDT INFO: Boundary Lumped Port P3A has been created.
PyAEDT INFO: Boundary Lumped RLC P3B_switch_off_load has been created.
PyAEDT INFO: Parsing design objects. This operation can take time
PyAEDT INFO: Refreshing objects from AEDT file
PyAEDT INFO: 3D Modeler objects parsed. Elapsed time: 0m 0sec
PyAEDT INFO: Boundary Lumped Port P4A has been created.
PyAEDT INFO: Boundary Lumped RLC P4B_switch_off_load has been created.
Stage: DUALPOL_XY radiators and feeds created
PyAEDT INFO: Parsing design objects. This operation can take time
PyAEDT INFO: Refreshing objects from AEDT file
PyAEDT INFO: 3D Modeler objects parsed. Elapsed time: 0m 0sec
Stage: ground slots cut
PyAEDT INFO: Boundary Perfect E DUALPOL_XY_PEC_metallization has been created.
PyAEDT INFO: Open Region correctly created.
PyAEDT INFO: Project UWB_CH9_Diamond_CP_Array_D44_DUALPOL_XY Saved correctly
Stage: radiation region and upper-hemisphere sphere created
PyAEDT INFO: Parsing D:\WorkSpace\HFSS Sim\UWB-Antenna-Simulation-By-HFSS\UWB_CH9_Diamond_CP_Array_D44_DUALPOL_XY.aedt.
PyAEDT INFO: File D:\WorkSpace\HFSS Sim\UWB-Antenna-Simulation-By-HFSS\UWB_CH9_Diamond_CP_Array_D44_DUALPOL_XY.aedt correctly loaded. Elapsed time: 0m 0sec
PyAEDT INFO: aedt file load time 0.08039307594299316
PyAEDT INFO: Linear count sweep Sweep_CH9 has been correctly created.
PyAEDT INFO: PostProcessor class has been initialized! Elapsed time: 0m 0sec
PyAEDT INFO: PostProcessor class has been initialized! Elapsed time: 0m 0sec
PyAEDT INFO: Post class has been initialized! Elapsed time: 0m 0sec
Stage: setup, sweep, and reports created
PyAEDT INFO: Project UWB_CH9_Diamond_CP_Array_D44_DUALPOL_XY Saved correctly
Stage: DUALPOL_XY analysis started
PyAEDT INFO: Key Desktop/ActiveDSOConfigurations/HFSS correctly changed.
PyAEDT INFO: Solving design setup Setup_CH9
PyAEDT INFO: Design setup Setup_CH9 solved correctly in 0.0h 0.0m 55.0s
PyAEDT INFO: Key Desktop/ActiveDSOConfigurations/HFSS correctly changed.
Analyze result: True
PyAEDT INFO: Project UWB_CH9_Diamond_CP_Array_D44_DUALPOL_XY Saved correctly
PyAEDT INFO: Solution Correctly loaded. Elapsed time: 0m 0sec
PyAEDT INFO: Solution Correctly parsed. Elapsed time: 0m 0sec
PyAEDT INFO: Solution Correctly loaded. Elapsed time: 0m 0sec
PyAEDT INFO: Solution Correctly parsed. Elapsed time: 0m 0sec
PyAEDT INFO: Solution Correctly loaded. Elapsed time: 0m 0sec
PyAEDT INFO: Solution Correctly parsed. Elapsed time: 0m 0sec
PyAEDT INFO: Solution Correctly loaded. Elapsed time: 0m 0sec
PyAEDT INFO: Solution Correctly parsed. Elapsed time: 0m 0sec
PyAEDT INFO: Solution Correctly loaded. Elapsed time: 0m 0sec
PyAEDT INFO: Solution Correctly parsed. Elapsed time: 0m 0sec
PyAEDT INFO: Solution Correctly loaded. Elapsed time: 0m 0sec
PyAEDT INFO: Solution Correctly parsed. Elapsed time: 0m 0sec
PyAEDT INFO: Solution Correctly loaded. Elapsed time: 0m 0sec
PyAEDT INFO: Solution Correctly parsed. Elapsed time: 0m 0sec
PyAEDT INFO: Solution Correctly loaded. Elapsed time: 0m 0sec
PyAEDT INFO: Solution Correctly parsed. Elapsed time: 0m 0sec
PyAEDT INFO: Solution Correctly loaded. Elapsed time: 0m 0sec
PyAEDT INFO: Solution Correctly parsed. Elapsed time: 0m 0sec
PyAEDT INFO: Solution Correctly loaded. Elapsed time: 0m 0sec
PyAEDT INFO: Solution Correctly parsed. Elapsed time: 0m 0sec
PyAEDT INFO: Solution Correctly loaded. Elapsed time: 0m 0sec
PyAEDT INFO: Solution Correctly parsed. Elapsed time: 0m 0sec
PyAEDT INFO: Solution Correctly loaded. Elapsed time: 0m 0sec
PyAEDT INFO: Solution Correctly parsed. Elapsed time: 0m 0sec
PyAEDT INFO: Solution Correctly loaded. Elapsed time: 0m 0sec
PyAEDT INFO: Solution Correctly parsed. Elapsed time: 0m 0sec
PyAEDT INFO: Solution Correctly loaded. Elapsed time: 0m 0sec
PyAEDT INFO: Solution Correctly parsed. Elapsed time: 0m 0sec
PyAEDT INFO: Desktop has been released and closed.
Stage: AEDT settle wait 10.0s
Stage: starting DUALPOL_XY AEDT/project build
PyAEDT INFO: Python version 3.12.10 (tags/v3.12.10:0cc8128, Apr  8 2025, 12:21:36) [MSC v.1943 64 bit (AMD64)].
PyAEDT INFO: PyAEDT version 0.26.3.
PyAEDT INFO: Initializing new Desktop session.
PyAEDT INFO: AEDT version 2023.1.
PyAEDT INFO: New AEDT session is starting on gRPC port 55054.
PyAEDT INFO: Starting new AEDT gRPC session on port 55054.
PyAEDT INFO: Launching AEDT server with gRPC transport mode: TransportMode.WNUA
PyAEDT INFO: Electronics Desktop started on gRPC port 55054 after 6.2 seconds.
PyAEDT INFO: AEDT installation Path D:\Program Files\AnsysEM\v231\Win64
PyAEDT INFO: Connected to AEDT gRPC session on port 55054.
PyAEDT INFO: Non-graphical mode detected. Disabling Desktop logs.
PyAEDT INFO: Project UWB_CH9_Diamond_CP_Array_D44_DUALPOL_XY has been created.
PyAEDT INFO: Added design 'Array4_Diamond_D44_DualPolarized_XY' of type HFSS.
PyAEDT INFO: AEDT objects correctly read
PyAEDT INFO: Modeler class has been initialized! Elapsed time: 0m 0sec
PyAEDT INFO: Materials class has been initialized! Elapsed time: 0m 0sec
PyAEDT INFO: Adding new material to the Project Library: RO4350B_custom_D44_Topology
PyAEDT INFO: Material has been added in Desktop.
Stage: substrate, ground, and isolation slots created
PyAEDT INFO: Parsing design objects. This operation can take time
PyAEDT INFO: Refreshing objects from AEDT file
PyAEDT INFO: Parsing D:\WorkSpace\HFSS Sim\UWB-Antenna-Simulation-By-HFSS\UWB_CH9_Diamond_CP_Array_D44_DUALPOL_XY.aedt.
PyAEDT INFO: File D:\WorkSpace\HFSS Sim\UWB-Antenna-Simulation-By-HFSS\UWB_CH9_Diamond_CP_Array_D44_DUALPOL_XY.aedt correctly loaded. Elapsed time: 0m 0sec
PyAEDT INFO: aedt file load time 0.009347677230834961
PyAEDT INFO: 3D Modeler objects parsed. Elapsed time: 0m 0sec
PyAEDT INFO: Boundary Lumped RLC P1A_switch_off_load has been created.
PyAEDT INFO: Boundary Lumped Port P1B has been created.
PyAEDT INFO: Parsing design objects. This operation can take time
PyAEDT INFO: Refreshing objects from AEDT file
PyAEDT INFO: 3D Modeler objects parsed. Elapsed time: 0m 0sec
PyAEDT INFO: Boundary Lumped RLC P2A_switch_off_load has been created.
PyAEDT INFO: Boundary Lumped Port P2B has been created.
PyAEDT INFO: Parsing design objects. This operation can take time
PyAEDT INFO: Refreshing objects from AEDT file
PyAEDT INFO: 3D Modeler objects parsed. Elapsed time: 0m 0sec
PyAEDT INFO: Boundary Lumped RLC P3A_switch_off_load has been created.
PyAEDT INFO: Boundary Lumped Port P3B has been created.
PyAEDT INFO: Parsing design objects. This operation can take time
PyAEDT INFO: Refreshing objects from AEDT file
PyAEDT INFO: 3D Modeler objects parsed. Elapsed time: 0m 0sec
PyAEDT INFO: Boundary Lumped RLC P4A_switch_off_load has been created.
PyAEDT INFO: Boundary Lumped Port P4B has been created.
Stage: DUALPOL_XY radiators and feeds created
PyAEDT INFO: Parsing design objects. This operation can take time
PyAEDT INFO: Refreshing objects from AEDT file
PyAEDT INFO: 3D Modeler objects parsed. Elapsed time: 0m 0sec
Stage: ground slots cut
PyAEDT INFO: Boundary Perfect E DUALPOL_XY_PEC_metallization has been created.
PyAEDT INFO: Open Region correctly created.
PyAEDT INFO: Project UWB_CH9_Diamond_CP_Array_D44_DUALPOL_XY Saved correctly
Stage: radiation region and upper-hemisphere sphere created
PyAEDT INFO: Parsing D:\WorkSpace\HFSS Sim\UWB-Antenna-Simulation-By-HFSS\UWB_CH9_Diamond_CP_Array_D44_DUALPOL_XY.aedt.
PyAEDT INFO: File D:\WorkSpace\HFSS Sim\UWB-Antenna-Simulation-By-HFSS\UWB_CH9_Diamond_CP_Array_D44_DUALPOL_XY.aedt correctly loaded. Elapsed time: 0m 0sec
PyAEDT INFO: aedt file load time 0.08434629440307617
PyAEDT INFO: Linear count sweep Sweep_CH9 has been correctly created.
PyAEDT INFO: PostProcessor class has been initialized! Elapsed time: 0m 0sec
PyAEDT INFO: PostProcessor class has been initialized! Elapsed time: 0m 0sec
PyAEDT INFO: Post class has been initialized! Elapsed time: 0m 0sec
Stage: setup, sweep, and reports created
PyAEDT INFO: Project UWB_CH9_Diamond_CP_Array_D44_DUALPOL_XY Saved correctly
Stage: DUALPOL_XY analysis started
PyAEDT INFO: Key Desktop/ActiveDSOConfigurations/HFSS correctly changed.
PyAEDT INFO: Solving design setup Setup_CH9
PyAEDT INFO: Design setup Setup_CH9 solved correctly in 0.0h 1.0m 12.0s
PyAEDT INFO: Key Desktop/ActiveDSOConfigurations/HFSS correctly changed.
Analyze result: True
PyAEDT INFO: Project UWB_CH9_Diamond_CP_Array_D44_DUALPOL_XY Saved correctly
PyAEDT INFO: Solution Correctly loaded. Elapsed time: 0m 0sec
PyAEDT INFO: Solution Correctly parsed. Elapsed time: 0m 0sec
PyAEDT INFO: Solution Correctly loaded. Elapsed time: 0m 0sec
PyAEDT INFO: Solution Correctly parsed. Elapsed time: 0m 0sec
PyAEDT INFO: Solution Correctly loaded. Elapsed time: 0m 0sec
PyAEDT INFO: Solution Correctly parsed. Elapsed time: 0m 0sec
PyAEDT INFO: Solution Correctly loaded. Elapsed time: 0m 0sec
PyAEDT INFO: Solution Correctly parsed. Elapsed time: 0m 0sec
PyAEDT INFO: Solution Correctly loaded. Elapsed time: 0m 0sec
PyAEDT INFO: Solution Correctly parsed. Elapsed time: 0m 0sec
PyAEDT INFO: Solution Correctly loaded. Elapsed time: 0m 0sec
PyAEDT INFO: Solution Correctly parsed. Elapsed time: 0m 0sec
PyAEDT INFO: Solution Correctly loaded. Elapsed time: 0m 0sec
PyAEDT INFO: Solution Correctly parsed. Elapsed time: 0m 0sec
PyAEDT INFO: Solution Correctly loaded. Elapsed time: 0m 0sec
PyAEDT INFO: Solution Correctly parsed. Elapsed time: 0m 0sec
PyAEDT INFO: Solution Correctly loaded. Elapsed time: 0m 0sec
PyAEDT INFO: Solution Correctly parsed. Elapsed time: 0m 0sec
PyAEDT INFO: Solution Correctly loaded. Elapsed time: 0m 0sec
PyAEDT INFO: Solution Correctly parsed. Elapsed time: 0m 0sec
PyAEDT INFO: Solution Correctly loaded. Elapsed time: 0m 0sec
PyAEDT INFO: Solution Correctly parsed. Elapsed time: 0m 0sec
PyAEDT INFO: Solution Correctly loaded. Elapsed time: 0m 0sec
PyAEDT INFO: Solution Correctly parsed. Elapsed time: 0m 0sec
PyAEDT INFO: Solution Correctly loaded. Elapsed time: 0m 0sec
PyAEDT INFO: Solution Correctly parsed. Elapsed time: 0m 0sec
PyAEDT INFO: Solution Correctly loaded. Elapsed time: 0m 0sec
PyAEDT INFO: Solution Correctly parsed. Elapsed time: 0m 0sec
PyAEDT INFO: Desktop has been released and closed.
Stage: AEDT settle wait 10.0s
{
  "candidate": "p9p75_l5p6_w0p70_fw0p80_stub1p90_w1p00_off1p55_dstub0p70_step1p0_iso11p5_w0p55_i3p6_slit4p0_off0p45_slit5p5_offu0p60_v0p00",
  "strict_realized_min_dbi": -32.43293489174449,
  "coverage_realized_min_dbi": -19.948203594385507,
  "worst_active_s11_db": -10.040926559366014
}
=== FOV gain candidate 23: p9p75_l5p6_w0p70_fw0p80_stub1p90_w1p00_off1p55_dstub0p70_step1p0_iso11p5_w0p55_i3p6_slit4p0_off0p45_slit5p5_offu0p00_v0p60 ===
Stage: starting DUALPOL_XY AEDT/project build
PyAEDT INFO: Python version 3.12.10 (tags/v3.12.10:0cc8128, Apr  8 2025, 12:21:36) [MSC v.1943 64 bit (AMD64)].
PyAEDT INFO: PyAEDT version 0.26.3.
PyAEDT INFO: Initializing new Desktop session.
PyAEDT INFO: AEDT version 2023.1.
PyAEDT INFO: New AEDT session is starting on gRPC port 55243.
PyAEDT INFO: Starting new AEDT gRPC session on port 55243.
PyAEDT INFO: Launching AEDT server with gRPC transport mode: TransportMode.WNUA
PyAEDT INFO: Electronics Desktop started on gRPC port 55243 after 6.1 seconds.
PyAEDT INFO: AEDT installation Path D:\Program Files\AnsysEM\v231\Win64
PyAEDT INFO: Connected to AEDT gRPC session on port 55243.
PyAEDT INFO: Non-graphical mode detected. Disabling Desktop logs.
PyAEDT INFO: Project UWB_CH9_Diamond_CP_Array_D44_DUALPOL_XY has been created.
PyAEDT INFO: Added design 'Array4_Diamond_D44_DualPolarized_XY' of type HFSS.
PyAEDT INFO: AEDT objects correctly read
PyAEDT INFO: Modeler class has been initialized! Elapsed time: 0m 0sec
PyAEDT INFO: Materials class has been initialized! Elapsed time: 0m 0sec
PyAEDT INFO: Adding new material to the Project Library: RO4350B_custom_D44_Topology
PyAEDT INFO: Material has been added in Desktop.
Stage: substrate, ground, and isolation slots created
PyAEDT INFO: Parsing design objects. This operation can take time
PyAEDT INFO: Refreshing objects from AEDT file
PyAEDT INFO: Parsing D:\WorkSpace\HFSS Sim\UWB-Antenna-Simulation-By-HFSS\UWB_CH9_Diamond_CP_Array_D44_DUALPOL_XY.aedt.
PyAEDT INFO: File D:\WorkSpace\HFSS Sim\UWB-Antenna-Simulation-By-HFSS\UWB_CH9_Diamond_CP_Array_D44_DUALPOL_XY.aedt correctly loaded. Elapsed time: 0m 0sec
PyAEDT INFO: aedt file load time 0.013423442840576172
PyAEDT INFO: 3D Modeler objects parsed. Elapsed time: 0m 0sec
PyAEDT INFO: Boundary Lumped Port P1A has been created.
PyAEDT INFO: Boundary Lumped RLC P1B_switch_off_load has been created.
PyAEDT INFO: Parsing design objects. This operation can take time
PyAEDT INFO: Refreshing objects from AEDT file
PyAEDT INFO: 3D Modeler objects parsed. Elapsed time: 0m 0sec
PyAEDT INFO: Boundary Lumped Port P2A has been created.
PyAEDT INFO: Boundary Lumped RLC P2B_switch_off_load has been created.
PyAEDT INFO: Parsing design objects. This operation can take time
PyAEDT INFO: Refreshing objects from AEDT file
PyAEDT INFO: 3D Modeler objects parsed. Elapsed time: 0m 0sec
PyAEDT INFO: Boundary Lumped Port P3A has been created.
PyAEDT INFO: Boundary Lumped RLC P3B_switch_off_load has been created.
PyAEDT INFO: Parsing design objects. This operation can take time
PyAEDT INFO: Refreshing objects from AEDT file
PyAEDT INFO: 3D Modeler objects parsed. Elapsed time: 0m 0sec
PyAEDT INFO: Boundary Lumped Port P4A has been created.
PyAEDT INFO: Boundary Lumped RLC P4B_switch_off_load has been created.
Stage: DUALPOL_XY radiators and feeds created
PyAEDT INFO: Parsing design objects. This operation can take time
PyAEDT INFO: Refreshing objects from AEDT file
PyAEDT INFO: 3D Modeler objects parsed. Elapsed time: 0m 0sec
Stage: ground slots cut
PyAEDT INFO: Boundary Perfect E DUALPOL_XY_PEC_metallization has been created.
PyAEDT INFO: Open Region correctly created.
PyAEDT INFO: Project UWB_CH9_Diamond_CP_Array_D44_DUALPOL_XY Saved correctly
Stage: radiation region and upper-hemisphere sphere created
PyAEDT INFO: Parsing D:\WorkSpace\HFSS Sim\UWB-Antenna-Simulation-By-HFSS\UWB_CH9_Diamond_CP_Array_D44_DUALPOL_XY.aedt.
PyAEDT INFO: File D:\WorkSpace\HFSS Sim\UWB-Antenna-Simulation-By-HFSS\UWB_CH9_Diamond_CP_Array_D44_DUALPOL_XY.aedt correctly loaded. Elapsed time: 0m 0sec
PyAEDT INFO: aedt file load time 0.1046295166015625
PyAEDT INFO: Linear count sweep Sweep_CH9 has been correctly created.
PyAEDT INFO: PostProcessor class has been initialized! Elapsed time: 0m 0sec
PyAEDT INFO: PostProcessor class has been initialized! Elapsed time: 0m 0sec
PyAEDT INFO: Post class has been initialized! Elapsed time: 0m 0sec
Stage: setup, sweep, and reports created
PyAEDT INFO: Project UWB_CH9_Diamond_CP_Array_D44_DUALPOL_XY Saved correctly
Stage: DUALPOL_XY analysis started
PyAEDT INFO: Key Desktop/ActiveDSOConfigurations/HFSS correctly changed.
PyAEDT INFO: Solving design setup Setup_CH9
PyAEDT INFO: Design setup Setup_CH9 solved correctly in 0.0h 0.0m 55.0s
PyAEDT INFO: Key Desktop/ActiveDSOConfigurations/HFSS correctly changed.
Analyze result: True
PyAEDT INFO: Project UWB_CH9_Diamond_CP_Array_D44_DUALPOL_XY Saved correctly
PyAEDT INFO: Solution Correctly loaded. Elapsed time: 0m 0sec
PyAEDT INFO: Solution Correctly parsed. Elapsed time: 0m 0sec
PyAEDT INFO: Solution Correctly loaded. Elapsed time: 0m 0sec
PyAEDT INFO: Solution Correctly parsed. Elapsed time: 0m 0sec
PyAEDT INFO: Solution Correctly loaded. Elapsed time: 0m 0sec
PyAEDT INFO: Solution Correctly parsed. Elapsed time: 0m 0sec
PyAEDT INFO: Solution Correctly loaded. Elapsed time: 0m 0sec
PyAEDT INFO: Solution Correctly parsed. Elapsed time: 0m 0sec
PyAEDT INFO: Solution Correctly loaded. Elapsed time: 0m 0sec
PyAEDT INFO: Solution Correctly parsed. Elapsed time: 0m 0sec
PyAEDT INFO: Solution Correctly loaded. Elapsed time: 0m 0sec
PyAEDT INFO: Solution Correctly parsed. Elapsed time: 0m 0sec
PyAEDT INFO: Solution Correctly loaded. Elapsed time: 0m 0sec
PyAEDT INFO: Solution Correctly parsed. Elapsed time: 0m 0sec
PyAEDT INFO: Solution Correctly loaded. Elapsed time: 0m 0sec
PyAEDT INFO: Solution Correctly parsed. Elapsed time: 0m 0sec
PyAEDT INFO: Solution Correctly loaded. Elapsed time: 0m 0sec
PyAEDT INFO: Solution Correctly parsed. Elapsed time: 0m 0sec
PyAEDT INFO: Solution Correctly loaded. Elapsed time: 0m 0sec
PyAEDT INFO: Solution Correctly parsed. Elapsed time: 0m 0sec
PyAEDT INFO: Solution Correctly loaded. Elapsed time: 0m 0sec
PyAEDT INFO: Solution Correctly parsed. Elapsed time: 0m 0sec
PyAEDT INFO: Solution Correctly loaded. Elapsed time: 0m 0sec
PyAEDT INFO: Solution Correctly parsed. Elapsed time: 0m 0sec
PyAEDT INFO: Solution Correctly loaded. Elapsed time: 0m 0sec
PyAEDT INFO: Solution Correctly parsed. Elapsed time: 0m 0sec
PyAEDT INFO: Solution Correctly loaded. Elapsed time: 0m 0sec
PyAEDT INFO: Solution Correctly parsed. Elapsed time: 0m 0sec
PyAEDT INFO: Desktop has been released and closed.
Stage: AEDT settle wait 10.0s
Stage: starting DUALPOL_XY AEDT/project build
PyAEDT INFO: Python version 3.12.10 (tags/v3.12.10:0cc8128, Apr  8 2025, 12:21:36) [MSC v.1943 64 bit (AMD64)].
PyAEDT INFO: PyAEDT version 0.26.3.
PyAEDT INFO: Initializing new Desktop session.
PyAEDT INFO: AEDT version 2023.1.
PyAEDT INFO: New AEDT session is starting on gRPC port 55445.
PyAEDT INFO: Starting new AEDT gRPC session on port 55445.
PyAEDT INFO: Launching AEDT server with gRPC transport mode: TransportMode.WNUA
PyAEDT INFO: Electronics Desktop started on gRPC port 55445 after 6.2 seconds.
PyAEDT INFO: AEDT installation Path D:\Program Files\AnsysEM\v231\Win64
PyAEDT INFO: Connected to AEDT gRPC session on port 55445.
PyAEDT INFO: Non-graphical mode detected. Disabling Desktop logs.
PyAEDT INFO: Project UWB_CH9_Diamond_CP_Array_D44_DUALPOL_XY has been created.
PyAEDT INFO: Added design 'Array4_Diamond_D44_DualPolarized_XY' of type HFSS.
PyAEDT INFO: AEDT objects correctly read
PyAEDT INFO: Modeler class has been initialized! Elapsed time: 0m 0sec
PyAEDT INFO: Materials class has been initialized! Elapsed time: 0m 0sec
PyAEDT INFO: Adding new material to the Project Library: RO4350B_custom_D44_Topology
PyAEDT INFO: Material has been added in Desktop.
Stage: substrate, ground, and isolation slots created
PyAEDT INFO: Parsing design objects. This operation can take time
PyAEDT INFO: Refreshing objects from AEDT file
PyAEDT INFO: Parsing D:\WorkSpace\HFSS Sim\UWB-Antenna-Simulation-By-HFSS\UWB_CH9_Diamond_CP_Array_D44_DUALPOL_XY.aedt.
PyAEDT INFO: File D:\WorkSpace\HFSS Sim\UWB-Antenna-Simulation-By-HFSS\UWB_CH9_Diamond_CP_Array_D44_DUALPOL_XY.aedt correctly loaded. Elapsed time: 0m 0sec
PyAEDT INFO: aedt file load time 0.009092569351196289
PyAEDT INFO: 3D Modeler objects parsed. Elapsed time: 0m 0sec
PyAEDT INFO: Boundary Lumped RLC P1A_switch_off_load has been created.
PyAEDT INFO: Boundary Lumped Port P1B has been created.
PyAEDT INFO: Parsing design objects. This operation can take time
PyAEDT INFO: Refreshing objects from AEDT file
PyAEDT INFO: 3D Modeler objects parsed. Elapsed time: 0m 0sec
PyAEDT INFO: Boundary Lumped RLC P2A_switch_off_load has been created.
PyAEDT INFO: Boundary Lumped Port P2B has been created.
PyAEDT INFO: Parsing design objects. This operation can take time
PyAEDT INFO: Refreshing objects from AEDT file
PyAEDT INFO: 3D Modeler objects parsed. Elapsed time: 0m 0sec
PyAEDT INFO: Boundary Lumped RLC P3A_switch_off_load has been created.
PyAEDT INFO: Boundary Lumped Port P3B has been created.
PyAEDT INFO: Parsing design objects. This operation can take time
PyAEDT INFO: Refreshing objects from AEDT file
PyAEDT INFO: 3D Modeler objects parsed. Elapsed time: 0m 0sec
PyAEDT INFO: Boundary Lumped RLC P4A_switch_off_load has been created.
PyAEDT INFO: Boundary Lumped Port P4B has been created.
Stage: DUALPOL_XY radiators and feeds created
PyAEDT INFO: Parsing design objects. This operation can take time
PyAEDT INFO: Refreshing objects from AEDT file
PyAEDT INFO: 3D Modeler objects parsed. Elapsed time: 0m 0sec
Stage: ground slots cut
PyAEDT INFO: Boundary Perfect E DUALPOL_XY_PEC_metallization has been created.
PyAEDT INFO: Open Region correctly created.
PyAEDT INFO: Project UWB_CH9_Diamond_CP_Array_D44_DUALPOL_XY Saved correctly
Stage: radiation region and upper-hemisphere sphere created
PyAEDT INFO: Parsing D:\WorkSpace\HFSS Sim\UWB-Antenna-Simulation-By-HFSS\UWB_CH9_Diamond_CP_Array_D44_DUALPOL_XY.aedt.
PyAEDT INFO: File D:\WorkSpace\HFSS Sim\UWB-Antenna-Simulation-By-HFSS\UWB_CH9_Diamond_CP_Array_D44_DUALPOL_XY.aedt correctly loaded. Elapsed time: 0m 0sec
PyAEDT INFO: aedt file load time 0.0820624828338623
PyAEDT INFO: Linear count sweep Sweep_CH9 has been correctly created.
PyAEDT INFO: PostProcessor class has been initialized! Elapsed time: 0m 0sec
PyAEDT INFO: PostProcessor class has been initialized! Elapsed time: 0m 0sec
PyAEDT INFO: Post class has been initialized! Elapsed time: 0m 0sec
Stage: setup, sweep, and reports created
PyAEDT INFO: Project UWB_CH9_Diamond_CP_Array_D44_DUALPOL_XY Saved correctly
Stage: DUALPOL_XY analysis started
PyAEDT INFO: Key Desktop/ActiveDSOConfigurations/HFSS correctly changed.
PyAEDT INFO: Solving design setup Setup_CH9
PyAEDT INFO: Design setup Setup_CH9 solved correctly in 0.0h 0.0m 55.0s
PyAEDT INFO: Key Desktop/ActiveDSOConfigurations/HFSS correctly changed.
Analyze result: True
PyAEDT INFO: Project UWB_CH9_Diamond_CP_Array_D44_DUALPOL_XY Saved correctly
PyAEDT INFO: Solution Correctly loaded. Elapsed time: 0m 0sec
PyAEDT INFO: Solution Correctly parsed. Elapsed time: 0m 0sec
PyAEDT INFO: Solution Correctly loaded. Elapsed time: 0m 0sec
PyAEDT INFO: Solution Correctly parsed. Elapsed time: 0m 0sec
PyAEDT INFO: Solution Correctly loaded. Elapsed time: 0m 0sec
PyAEDT INFO: Solution Correctly parsed. Elapsed time: 0m 0sec
PyAEDT INFO: Solution Correctly loaded. Elapsed time: 0m 0sec
PyAEDT INFO: Solution Correctly parsed. Elapsed time: 0m 0sec
PyAEDT INFO: Solution Correctly loaded. Elapsed time: 0m 0sec
PyAEDT INFO: Solution Correctly parsed. Elapsed time: 0m 0sec
PyAEDT INFO: Solution Correctly loaded. Elapsed time: 0m 0sec
PyAEDT INFO: Solution Correctly parsed. Elapsed time: 0m 0sec
PyAEDT INFO: Solution Correctly loaded. Elapsed time: 0m 0sec
PyAEDT INFO: Solution Correctly parsed. Elapsed time: 0m 0sec
PyAEDT INFO: Solution Correctly loaded. Elapsed time: 0m 0sec
PyAEDT INFO: Solution Correctly parsed. Elapsed time: 0m 0sec
PyAEDT INFO: Solution Correctly loaded. Elapsed time: 0m 0sec
PyAEDT INFO: Solution Correctly parsed. Elapsed time: 0m 0sec
PyAEDT INFO: Solution Correctly loaded. Elapsed time: 0m 0sec
PyAEDT INFO: Solution Correctly parsed. Elapsed time: 0m 0sec
PyAEDT INFO: Solution Correctly loaded. Elapsed time: 0m 0sec
PyAEDT INFO: Solution Correctly parsed. Elapsed time: 0m 0sec
PyAEDT INFO: Solution Correctly loaded. Elapsed time: 0m 0sec
PyAEDT INFO: Solution Correctly parsed. Elapsed time: 0m 0sec
PyAEDT INFO: Solution Correctly loaded. Elapsed time: 0m 0sec
PyAEDT INFO: Solution Correctly parsed. Elapsed time: 0m 0sec
PyAEDT INFO: Solution Correctly loaded. Elapsed time: 0m 0sec
PyAEDT INFO: Solution Correctly parsed. Elapsed time: 0m 0sec
PyAEDT INFO: Desktop has been released and closed.
Stage: AEDT settle wait 10.0s
{
  "candidate": "p9p75_l5p6_w0p70_fw0p80_stub1p90_w1p00_off1p55_dstub0p70_step1p0_iso11p5_w0p55_i3p6_slit4p0_off0p45_slit5p5_offu0p00_v0p60",
  "strict_realized_min_dbi": -32.51210570279539,
  "coverage_realized_min_dbi": -20.284047172765494,
  "worst_active_s11_db": -11.841013792217778
}
