=== FOV gain candidate 15: p9p75_l5p6_w0p70_fw0p80_stub1p90_w1p00_off1p55_dstub0p70_step1p0_iso11p5_w0p55_i3p6_stack_p9p55_gap0p80 ===
Stage: starting DUALPOL_XY AEDT/project build
PyAEDT INFO: Python version 3.12.10 (tags/v3.12.10:0cc8128, Apr  8 2025, 12:21:36) [MSC v.1943 64 bit (AMD64)].
PyAEDT INFO: PyAEDT version 0.26.3.
PyAEDT INFO: Initializing new Desktop session.
PyAEDT INFO: AEDT version 2023.1.
PyAEDT INFO: New AEDT session is starting on gRPC port 51297.
PyAEDT INFO: Starting new AEDT gRPC session on port 51297.
PyAEDT INFO: Launching AEDT server with gRPC transport mode: TransportMode.WNUA
PyAEDT INFO: Electronics Desktop started on gRPC port 51297 after 12.5 seconds.
PyAEDT INFO: AEDT installation Path D:\Program Files\AnsysEM\v231\Win64
PyAEDT INFO: Connected to AEDT gRPC session on port 51297.
PyAEDT INFO: Non-graphical mode detected. Disabling Desktop logs.
PyAEDT INFO: Project UWB_CH9_Diamond_CP_Array_D44_DUALPOL_XY has been created.
PyAEDT INFO: Added design 'Array4_Diamond_D44_DualPolarized_XY' of type HFSS.
PyAEDT INFO: AEDT objects correctly read
PyAEDT INFO: Modeler class has been initialized! Elapsed time: 0m 0sec
PyAEDT INFO: Materials class has been initialized! Elapsed time: 0m 0sec
PyAEDT INFO: Adding new material to the Project Library: RO4350B_custom_D44_Topology
PyAEDT INFO: Material has been added in Desktop.
Stage: substrate, ground, and isolation slots created
PyAEDT INFO: Boundary Lumped Port P1A has been created.
PyAEDT INFO: Boundary Lumped RLC P1B_switch_off_load has been created.
PyAEDT INFO: Boundary Lumped Port P2A has been created.
PyAEDT INFO: Boundary Lumped RLC P2B_switch_off_load has been created.
PyAEDT INFO: Boundary Lumped Port P3A has been created.
PyAEDT INFO: Boundary Lumped RLC P3B_switch_off_load has been created.
PyAEDT INFO: Boundary Lumped Port P4A has been created.
PyAEDT INFO: Boundary Lumped RLC P4B_switch_off_load has been created.
Stage: DUALPOL_XY radiators and feeds created
PyAEDT INFO: Parsing design objects. This operation can take time
PyAEDT INFO: Refreshing objects from AEDT file
PyAEDT INFO: Parsing D:\WorkSpace\HFSS Sim\UWB-Antenna-Simulation-By-HFSS\UWB_CH9_Diamond_CP_Array_D44_DUALPOL_XY.aedt.
PyAEDT INFO: File D:\WorkSpace\HFSS Sim\UWB-Antenna-Simulation-By-HFSS\UWB_CH9_Diamond_CP_Array_D44_DUALPOL_XY.aedt correctly loaded. Elapsed time: 0m 0sec
PyAEDT INFO: aedt file load time 0.008791446685791016
PyAEDT INFO: 3D Modeler objects parsed. Elapsed time: 0m 0sec
Stage: ground slots cut
PyAEDT INFO: Boundary Perfect E DUALPOL_XY_PEC_metallization has been created.
PyAEDT INFO: Open Region correctly created.
PyAEDT INFO: Project UWB_CH9_Diamond_CP_Array_D44_DUALPOL_XY Saved correctly
Stage: radiation region and upper-hemisphere sphere created
PyAEDT INFO: Parsing D:\WorkSpace\HFSS Sim\UWB-Antenna-Simulation-By-HFSS\UWB_CH9_Diamond_CP_Array_D44_DUALPOL_XY.aedt.
PyAEDT INFO: File D:\WorkSpace\HFSS Sim\UWB-Antenna-Simulation-By-HFSS\UWB_CH9_Diamond_CP_Array_D44_DUALPOL_XY.aedt correctly loaded. Elapsed time: 0m 0sec
PyAEDT INFO: aedt file load time 0.08188390731811523
PyAEDT INFO: Linear count sweep Sweep_CH9 has been correctly created.
PyAEDT INFO: PostProcessor class has been initialized! Elapsed time: 0m 0sec
PyAEDT INFO: PostProcessor class has been initialized! Elapsed time: 0m 0sec
PyAEDT INFO: Post class has been initialized! Elapsed time: 0m 0sec
Stage: setup, sweep, and reports created
PyAEDT INFO: Project UWB_CH9_Diamond_CP_Array_D44_DUALPOL_XY Saved correctly
Stage: DUALPOL_XY analysis started
PyAEDT INFO: Key Desktop/ActiveDSOConfigurations/HFSS correctly changed.
PyAEDT INFO: Solving design setup Setup_CH9
PyAEDT INFO: Design setup Setup_CH9 solved correctly in 0.0h 1.0m 2.0s
PyAEDT INFO: Key Desktop/ActiveDSOConfigurations/HFSS correctly changed.
Analyze result: True
PyAEDT INFO: Project UWB_CH9_Diamond_CP_Array_D44_DUALPOL_XY Saved correctly
PyAEDT INFO: Solution Correctly loaded. Elapsed time: 0m 0sec
PyAEDT INFO: Solution Correctly parsed. Elapsed time: 0m 0sec
PyAEDT INFO: Solution Correctly loaded. Elapsed time: 0m 0sec
PyAEDT INFO: Solution Correctly parsed. Elapsed time: 0m 0sec
PyAEDT INFO: Solution Correctly loaded. Elapsed time: 0m 0sec
PyAEDT INFO: Solution Correctly parsed. Elapsed time: 0m 0sec
PyAEDT INFO: Solution Correctly loaded. Elapsed time: 0m 0sec
PyAEDT INFO: Solution Correctly parsed. Elapsed time: 0m 0sec
PyAEDT INFO: Solution Correctly loaded. Elapsed time: 0m 0sec
PyAEDT INFO: Solution Correctly parsed. Elapsed time: 0m 0sec
PyAEDT INFO: Solution Correctly loaded. Elapsed time: 0m 0sec
PyAEDT INFO: Solution Correctly parsed. Elapsed time: 0m 0sec
PyAEDT INFO: Solution Correctly loaded. Elapsed time: 0m 0sec
PyAEDT INFO: Solution Correctly parsed. Elapsed time: 0m 0sec
PyAEDT INFO: Solution Correctly loaded. Elapsed time: 0m 0sec
PyAEDT INFO: Solution Correctly parsed. Elapsed time: 0m 0sec
PyAEDT INFO: Solution Correctly loaded. Elapsed time: 0m 0sec
PyAEDT INFO: Solution Correctly parsed. Elapsed time: 0m 0sec
PyAEDT INFO: Solution Correctly loaded. Elapsed time: 0m 0sec
PyAEDT INFO: Solution Correctly parsed. Elapsed time: 0m 0sec
PyAEDT INFO: Solution Correctly loaded. Elapsed time: 0m 0sec
PyAEDT INFO: Solution Correctly parsed. Elapsed time: 0m 0sec
PyAEDT INFO: Solution Correctly loaded. Elapsed time: 0m 0sec
PyAEDT INFO: Solution Correctly parsed. Elapsed time: 0m 0sec
PyAEDT INFO: Solution Correctly loaded. Elapsed time: 0m 0sec
PyAEDT INFO: Solution Correctly parsed. Elapsed time: 0m 0sec
PyAEDT INFO: Solution Correctly loaded. Elapsed time: 0m 0sec
PyAEDT INFO: Solution Correctly parsed. Elapsed time: 0m 0sec
PyAEDT INFO: Desktop has been released and closed.
Stage: AEDT settle wait 10.0s
Stage: starting DUALPOL_XY AEDT/project build
PyAEDT INFO: Python version 3.12.10 (tags/v3.12.10:0cc8128, Apr  8 2025, 12:21:36) [MSC v.1943 64 bit (AMD64)].
PyAEDT INFO: PyAEDT version 0.26.3.
PyAEDT INFO: Initializing new Desktop session.
PyAEDT INFO: AEDT version 2023.1.
PyAEDT INFO: New AEDT session is starting on gRPC port 51518.
PyAEDT INFO: Starting new AEDT gRPC session on port 51518.
PyAEDT INFO: Launching AEDT server with gRPC transport mode: TransportMode.WNUA
PyAEDT INFO: Electronics Desktop started on gRPC port 51518 after 6.1 seconds.
PyAEDT INFO: AEDT installation Path D:\Program Files\AnsysEM\v231\Win64
PyAEDT INFO: Connected to AEDT gRPC session on port 51518.
PyAEDT INFO: Non-graphical mode detected. Disabling Desktop logs.
PyAEDT INFO: Project UWB_CH9_Diamond_CP_Array_D44_DUALPOL_XY has been created.
PyAEDT INFO: Added design 'Array4_Diamond_D44_DualPolarized_XY' of type HFSS.
PyAEDT INFO: AEDT objects correctly read
PyAEDT INFO: Modeler class has been initialized! Elapsed time: 0m 0sec
PyAEDT INFO: Materials class has been initialized! Elapsed time: 0m 0sec
PyAEDT INFO: Adding new material to the Project Library: RO4350B_custom_D44_Topology
PyAEDT INFO: Material has been added in Desktop.
Stage: substrate, ground, and isolation slots created
PyAEDT INFO: Boundary Lumped RLC P1A_switch_off_load has been created.
PyAEDT INFO: Boundary Lumped Port P1B has been created.
PyAEDT INFO: Boundary Lumped RLC P2A_switch_off_load has been created.
PyAEDT INFO: Boundary Lumped Port P2B has been created.
PyAEDT INFO: Boundary Lumped RLC P3A_switch_off_load has been created.
PyAEDT INFO: Boundary Lumped Port P3B has been created.
PyAEDT INFO: Boundary Lumped RLC P4A_switch_off_load has been created.
PyAEDT INFO: Boundary Lumped Port P4B has been created.
Stage: DUALPOL_XY radiators and feeds created
PyAEDT INFO: Parsing design objects. This operation can take time
PyAEDT INFO: Refreshing objects from AEDT file
PyAEDT INFO: Parsing D:\WorkSpace\HFSS Sim\UWB-Antenna-Simulation-By-HFSS\UWB_CH9_Diamond_CP_Array_D44_DUALPOL_XY.aedt.
PyAEDT INFO: File D:\WorkSpace\HFSS Sim\UWB-Antenna-Simulation-By-HFSS\UWB_CH9_Diamond_CP_Array_D44_DUALPOL_XY.aedt correctly loaded. Elapsed time: 0m 0sec
PyAEDT INFO: aedt file load time 0.00930166244506836
PyAEDT INFO: 3D Modeler objects parsed. Elapsed time: 0m 0sec
Stage: ground slots cut
PyAEDT INFO: Boundary Perfect E DUALPOL_XY_PEC_metallization has been created.
PyAEDT INFO: Open Region correctly created.
PyAEDT INFO: Project UWB_CH9_Diamond_CP_Array_D44_DUALPOL_XY Saved correctly
Stage: radiation region and upper-hemisphere sphere created
PyAEDT INFO: Parsing D:\WorkSpace\HFSS Sim\UWB-Antenna-Simulation-By-HFSS\UWB_CH9_Diamond_CP_Array_D44_DUALPOL_XY.aedt.
PyAEDT INFO: File D:\WorkSpace\HFSS Sim\UWB-Antenna-Simulation-By-HFSS\UWB_CH9_Diamond_CP_Array_D44_DUALPOL_XY.aedt correctly loaded. Elapsed time: 0m 0sec
PyAEDT INFO: aedt file load time 0.08115172386169434
PyAEDT INFO: Linear count sweep Sweep_CH9 has been correctly created.
PyAEDT INFO: PostProcessor class has been initialized! Elapsed time: 0m 0sec
PyAEDT INFO: PostProcessor class has been initialized! Elapsed time: 0m 0sec
PyAEDT INFO: Post class has been initialized! Elapsed time: 0m 0sec
Stage: setup, sweep, and reports created
PyAEDT INFO: Project UWB_CH9_Diamond_CP_Array_D44_DUALPOL_XY Saved correctly
Stage: DUALPOL_XY analysis started
PyAEDT INFO: Key Desktop/ActiveDSOConfigurations/HFSS correctly changed.
PyAEDT INFO: Solving design setup Setup_CH9
PyAEDT INFO: Design setup Setup_CH9 solved correctly in 0.0h 1.0m 3.0s
PyAEDT INFO: Key Desktop/ActiveDSOConfigurations/HFSS correctly changed.
Analyze result: True
PyAEDT INFO: Project UWB_CH9_Diamond_CP_Array_D44_DUALPOL_XY Saved correctly
PyAEDT INFO: Solution Correctly loaded. Elapsed time: 0m 0sec
PyAEDT INFO: Solution Correctly parsed. Elapsed time: 0m 0sec
PyAEDT INFO: Solution Correctly loaded. Elapsed time: 0m 0sec
PyAEDT INFO: Solution Correctly parsed. Elapsed time: 0m 0sec
PyAEDT INFO: Solution Correctly loaded. Elapsed time: 0m 0sec
PyAEDT INFO: Solution Correctly parsed. Elapsed time: 0m 0sec
PyAEDT INFO: Solution Correctly loaded. Elapsed time: 0m 0sec
PyAEDT INFO: Solution Correctly parsed. Elapsed time: 0m 0sec
PyAEDT INFO: Solution Correctly loaded. Elapsed time: 0m 0sec
PyAEDT INFO: Solution Correctly parsed. Elapsed time: 0m 0sec
PyAEDT INFO: Solution Correctly loaded. Elapsed time: 0m 0sec
PyAEDT INFO: Solution Correctly parsed. Elapsed time: 0m 0sec
PyAEDT INFO: Solution Correctly loaded. Elapsed time: 0m 0sec
PyAEDT INFO: Solution Correctly parsed. Elapsed time: 0m 0sec
PyAEDT INFO: Solution Correctly loaded. Elapsed time: 0m 0sec
PyAEDT INFO: Solution Correctly parsed. Elapsed time: 0m 0sec
PyAEDT INFO: Solution Correctly loaded. Elapsed time: 0m 0sec
PyAEDT INFO: Solution Correctly parsed. Elapsed time: 0m 0sec
PyAEDT INFO: Solution Correctly loaded. Elapsed time: 0m 0sec
PyAEDT INFO: Solution Correctly parsed. Elapsed time: 0m 0sec
PyAEDT INFO: Solution Correctly loaded. Elapsed time: 0m 0sec
PyAEDT INFO: Solution Correctly parsed. Elapsed time: 0m 0sec
PyAEDT INFO: Solution Correctly loaded. Elapsed time: 0m 0sec
PyAEDT INFO: Solution Correctly parsed. Elapsed time: 0m 0sec
PyAEDT INFO: Solution Correctly loaded. Elapsed time: 0m 0sec
PyAEDT INFO: Solution Correctly parsed. Elapsed time: 0m 0sec
PyAEDT INFO: Solution Correctly loaded. Elapsed time: 0m 0sec
PyAEDT INFO: Solution Correctly parsed. Elapsed time: 0m 0sec
PyAEDT INFO: Desktop has been released and closed.
Stage: AEDT settle wait 10.0s
{
  "candidate": "p9p75_l5p6_w0p70_fw0p80_stub1p90_w1p00_off1p55_dstub0p70_step1p0_iso11p5_w0p55_i3p6_stack_p9p55_gap0p80",
  "strict_realized_min_dbi": -29.328571453643505,
  "coverage_realized_min_dbi": -20.30634305900565,
  "worst_active_s11_db": -11.801140792308422
}
=== FOV gain candidate 16: p9p75_l5p6_w0p70_fw0p80_stub1p90_w1p00_off1p55_dstub0p70_step1p0_iso11p5_w0p55_i3p6_stack_p9p75_gap1p20 ===
Stage: starting DUALPOL_XY AEDT/project build
PyAEDT INFO: Python version 3.12.10 (tags/v3.12.10:0cc8128, Apr  8 2025, 12:21:36) [MSC v.1943 64 bit (AMD64)].
PyAEDT INFO: PyAEDT version 0.26.3.
PyAEDT INFO: Initializing new Desktop session.
PyAEDT INFO: AEDT version 2023.1.
PyAEDT INFO: New AEDT session is starting on gRPC port 51719.
PyAEDT INFO: Starting new AEDT gRPC session on port 51719.
PyAEDT INFO: Launching AEDT server with gRPC transport mode: TransportMode.WNUA
PyAEDT INFO: Electronics Desktop started on gRPC port 51719 after 6.1 seconds.
PyAEDT INFO: AEDT installation Path D:\Program Files\AnsysEM\v231\Win64
PyAEDT INFO: Connected to AEDT gRPC session on port 51719.
PyAEDT INFO: Non-graphical mode detected. Disabling Desktop logs.
PyAEDT INFO: Project UWB_CH9_Diamond_CP_Array_D44_DUALPOL_XY has been created.
PyAEDT INFO: Added design 'Array4_Diamond_D44_DualPolarized_XY' of type HFSS.
PyAEDT INFO: AEDT objects correctly read
PyAEDT INFO: Modeler class has been initialized! Elapsed time: 0m 0sec
PyAEDT INFO: Materials class has been initialized! Elapsed time: 0m 0sec
PyAEDT INFO: Adding new material to the Project Library: RO4350B_custom_D44_Topology
PyAEDT INFO: Material has been added in Desktop.
Stage: substrate, ground, and isolation slots created
PyAEDT INFO: Boundary Lumped Port P1A has been created.
PyAEDT INFO: Boundary Lumped RLC P1B_switch_off_load has been created.
PyAEDT INFO: Boundary Lumped Port P2A has been created.
PyAEDT INFO: Boundary Lumped RLC P2B_switch_off_load has been created.
PyAEDT INFO: Boundary Lumped Port P3A has been created.
PyAEDT INFO: Boundary Lumped RLC P3B_switch_off_load has been created.
PyAEDT INFO: Boundary Lumped Port P4A has been created.
PyAEDT INFO: Boundary Lumped RLC P4B_switch_off_load has been created.
Stage: DUALPOL_XY radiators and feeds created
PyAEDT INFO: Parsing design objects. This operation can take time
PyAEDT INFO: Refreshing objects from AEDT file
PyAEDT INFO: Parsing D:\WorkSpace\HFSS Sim\UWB-Antenna-Simulation-By-HFSS\UWB_CH9_Diamond_CP_Array_D44_DUALPOL_XY.aedt.
PyAEDT INFO: File D:\WorkSpace\HFSS Sim\UWB-Antenna-Simulation-By-HFSS\UWB_CH9_Diamond_CP_Array_D44_DUALPOL_XY.aedt correctly loaded. Elapsed time: 0m 0sec
PyAEDT INFO: aedt file load time 0.0076711177825927734
PyAEDT INFO: 3D Modeler objects parsed. Elapsed time: 0m 0sec
Stage: ground slots cut
PyAEDT INFO: Boundary Perfect E DUALPOL_XY_PEC_metallization has been created.
PyAEDT INFO: Open Region correctly created.
PyAEDT INFO: Project UWB_CH9_Diamond_CP_Array_D44_DUALPOL_XY Saved correctly
Stage: radiation region and upper-hemisphere sphere created
PyAEDT INFO: Parsing D:\WorkSpace\HFSS Sim\UWB-Antenna-Simulation-By-HFSS\UWB_CH9_Diamond_CP_Array_D44_DUALPOL_XY.aedt.
PyAEDT INFO: File D:\WorkSpace\HFSS Sim\UWB-Antenna-Simulation-By-HFSS\UWB_CH9_Diamond_CP_Array_D44_DUALPOL_XY.aedt correctly loaded. Elapsed time: 0m 0sec
PyAEDT INFO: aedt file load time 0.09171843528747559
PyAEDT INFO: Linear count sweep Sweep_CH9 has been correctly created.
PyAEDT INFO: PostProcessor class has been initialized! Elapsed time: 0m 0sec
PyAEDT INFO: PostProcessor class has been initialized! Elapsed time: 0m 0sec
PyAEDT INFO: Post class has been initialized! Elapsed time: 0m 0sec
Stage: setup, sweep, and reports created
PyAEDT INFO: Project UWB_CH9_Diamond_CP_Array_D44_DUALPOL_XY Saved correctly
Stage: DUALPOL_XY analysis started
PyAEDT INFO: Key Desktop/ActiveDSOConfigurations/HFSS correctly changed.
PyAEDT INFO: Solving design setup Setup_CH9
PyAEDT INFO: Design setup Setup_CH9 solved correctly in 0.0h 0.0m 53.0s
PyAEDT INFO: Key Desktop/ActiveDSOConfigurations/HFSS correctly changed.
Analyze result: True
PyAEDT INFO: Project UWB_CH9_Diamond_CP_Array_D44_DUALPOL_XY Saved correctly
PyAEDT INFO: Solution Correctly loaded. Elapsed time: 0m 0sec
PyAEDT INFO: Solution Correctly parsed. Elapsed time: 0m 0sec
PyAEDT INFO: Solution Correctly loaded. Elapsed time: 0m 0sec
PyAEDT INFO: Solution Correctly parsed. Elapsed time: 0m 0sec
PyAEDT INFO: Solution Correctly loaded. Elapsed time: 0m 0sec
PyAEDT INFO: Solution Correctly parsed. Elapsed time: 0m 0sec
PyAEDT INFO: Solution Correctly loaded. Elapsed time: 0m 0sec
PyAEDT INFO: Solution Correctly parsed. Elapsed time: 0m 0sec
PyAEDT INFO: Solution Correctly loaded. Elapsed time: 0m 0sec
PyAEDT INFO: Solution Correctly parsed. Elapsed time: 0m 0sec
PyAEDT INFO: Solution Correctly loaded. Elapsed time: 0m 0sec
PyAEDT INFO: Solution Correctly parsed. Elapsed time: 0m 0sec
PyAEDT INFO: Solution Correctly loaded. Elapsed time: 0m 0sec
PyAEDT INFO: Solution Correctly parsed. Elapsed time: 0m 0sec
PyAEDT INFO: Solution Correctly loaded. Elapsed time: 0m 0sec
PyAEDT INFO: Solution Correctly parsed. Elapsed time: 0m 0sec
PyAEDT INFO: Solution Correctly loaded. Elapsed time: 0m 0sec
PyAEDT INFO: Solution Correctly parsed. Elapsed time: 0m 0sec
PyAEDT INFO: Solution Correctly loaded. Elapsed time: 0m 0sec
PyAEDT INFO: Solution Correctly parsed. Elapsed time: 0m 0sec
PyAEDT INFO: Solution Correctly loaded. Elapsed time: 0m 0sec
PyAEDT INFO: Solution Correctly parsed. Elapsed time: 0m 0sec
PyAEDT INFO: Solution Correctly loaded. Elapsed time: 0m 0sec
PyAEDT INFO: Solution Correctly parsed. Elapsed time: 0m 0sec
PyAEDT INFO: Solution Correctly loaded. Elapsed time: 0m 0sec
PyAEDT INFO: Solution Correctly parsed. Elapsed time: 0m 0sec
PyAEDT INFO: Solution Correctly loaded. Elapsed time: 0m 0sec
PyAEDT INFO: Solution Correctly parsed. Elapsed time: 0m 0sec
PyAEDT INFO: Desktop has been released and closed.
Stage: AEDT settle wait 10.0s
Stage: starting DUALPOL_XY AEDT/project build
PyAEDT INFO: Python version 3.12.10 (tags/v3.12.10:0cc8128, Apr  8 2025, 12:21:36) [MSC v.1943 64 bit (AMD64)].
PyAEDT INFO: PyAEDT version 0.26.3.
PyAEDT INFO: Initializing new Desktop session.
PyAEDT INFO: AEDT version 2023.1.
PyAEDT INFO: New AEDT session is starting on gRPC port 51894.
PyAEDT INFO: Starting new AEDT gRPC session on port 51894.
PyAEDT INFO: Launching AEDT server with gRPC transport mode: TransportMode.WNUA
PyAEDT INFO: Electronics Desktop started on gRPC port 51894 after 6.1 seconds.
PyAEDT INFO: AEDT installation Path D:\Program Files\AnsysEM\v231\Win64
PyAEDT INFO: Connected to AEDT gRPC session on port 51894.
PyAEDT INFO: Non-graphical mode detected. Disabling Desktop logs.
PyAEDT INFO: Project UWB_CH9_Diamond_CP_Array_D44_DUALPOL_XY has been created.
PyAEDT INFO: Added design 'Array4_Diamond_D44_DualPolarized_XY' of type HFSS.
PyAEDT INFO: AEDT objects correctly read
PyAEDT INFO: Modeler class has been initialized! Elapsed time: 0m 0sec
PyAEDT INFO: Materials class has been initialized! Elapsed time: 0m 0sec
PyAEDT INFO: Adding new material to the Project Library: RO4350B_custom_D44_Topology
PyAEDT INFO: Material has been added in Desktop.
Stage: substrate, ground, and isolation slots created
PyAEDT INFO: Boundary Lumped RLC P1A_switch_off_load has been created.
PyAEDT INFO: Boundary Lumped Port P1B has been created.
PyAEDT INFO: Boundary Lumped RLC P2A_switch_off_load has been created.
PyAEDT INFO: Boundary Lumped Port P2B has been created.
PyAEDT INFO: Boundary Lumped RLC P3A_switch_off_load has been created.
PyAEDT INFO: Boundary Lumped Port P3B has been created.
PyAEDT INFO: Boundary Lumped RLC P4A_switch_off_load has been created.
PyAEDT INFO: Boundary Lumped Port P4B has been created.
Stage: DUALPOL_XY radiators and feeds created
PyAEDT INFO: Parsing design objects. This operation can take time
PyAEDT INFO: Refreshing objects from AEDT file
PyAEDT INFO: Parsing D:\WorkSpace\HFSS Sim\UWB-Antenna-Simulation-By-HFSS\UWB_CH9_Diamond_CP_Array_D44_DUALPOL_XY.aedt.
PyAEDT INFO: File D:\WorkSpace\HFSS Sim\UWB-Antenna-Simulation-By-HFSS\UWB_CH9_Diamond_CP_Array_D44_DUALPOL_XY.aedt correctly loaded. Elapsed time: 0m 0sec
PyAEDT INFO: aedt file load time 0.008238792419433594
PyAEDT INFO: 3D Modeler objects parsed. Elapsed time: 0m 0sec
Stage: ground slots cut
PyAEDT INFO: Boundary Perfect E DUALPOL_XY_PEC_metallization has been created.
PyAEDT INFO: Open Region correctly created.
PyAEDT INFO: Project UWB_CH9_Diamond_CP_Array_D44_DUALPOL_XY Saved correctly
Stage: radiation region and upper-hemisphere sphere created
PyAEDT INFO: Parsing D:\WorkSpace\HFSS Sim\UWB-Antenna-Simulation-By-HFSS\UWB_CH9_Diamond_CP_Array_D44_DUALPOL_XY.aedt.
PyAEDT INFO: File D:\WorkSpace\HFSS Sim\UWB-Antenna-Simulation-By-HFSS\UWB_CH9_Diamond_CP_Array_D44_DUALPOL_XY.aedt correctly loaded. Elapsed time: 0m 0sec
PyAEDT INFO: aedt file load time 0.08000540733337402
PyAEDT INFO: Linear count sweep Sweep_CH9 has been correctly created.
PyAEDT INFO: PostProcessor class has been initialized! Elapsed time: 0m 0sec
PyAEDT INFO: PostProcessor class has been initialized! Elapsed time: 0m 0sec
PyAEDT INFO: Post class has been initialized! Elapsed time: 0m 0sec
Stage: setup, sweep, and reports created
PyAEDT INFO: Project UWB_CH9_Diamond_CP_Array_D44_DUALPOL_XY Saved correctly
Stage: DUALPOL_XY analysis started
PyAEDT INFO: Key Desktop/ActiveDSOConfigurations/HFSS correctly changed.
PyAEDT INFO: Solving design setup Setup_CH9
PyAEDT INFO: Design setup Setup_CH9 solved correctly in 0.0h 0.0m 54.0s
PyAEDT INFO: Key Desktop/ActiveDSOConfigurations/HFSS correctly changed.
Analyze result: True
PyAEDT INFO: Project UWB_CH9_Diamond_CP_Array_D44_DUALPOL_XY Saved correctly
PyAEDT INFO: Solution Correctly loaded. Elapsed time: 0m 0sec
PyAEDT INFO: Solution Correctly parsed. Elapsed time: 0m 0sec
PyAEDT INFO: Solution Correctly loaded. Elapsed time: 0m 0sec
PyAEDT INFO: Solution Correctly parsed. Elapsed time: 0m 0sec
PyAEDT INFO: Solution Correctly loaded. Elapsed time: 0m 0sec
PyAEDT INFO: Solution Correctly parsed. Elapsed time: 0m 0sec
PyAEDT INFO: Solution Correctly loaded. Elapsed time: 0m 0sec
PyAEDT INFO: Solution Correctly parsed. Elapsed time: 0m 0sec
PyAEDT INFO: Solution Correctly loaded. Elapsed time: 0m 0sec
PyAEDT INFO: Solution Correctly parsed. Elapsed time: 0m 0sec
PyAEDT INFO: Solution Correctly loaded. Elapsed time: 0m 0sec
PyAEDT INFO: Solution Correctly parsed. Elapsed time: 0m 0sec
PyAEDT INFO: Solution Correctly loaded. Elapsed time: 0m 0sec
PyAEDT INFO: Solution Correctly parsed. Elapsed time: 0m 0sec
PyAEDT INFO: Solution Correctly loaded. Elapsed time: 0m 0sec
PyAEDT INFO: Solution Correctly parsed. Elapsed time: 0m 0sec
PyAEDT INFO: Solution Correctly loaded. Elapsed time: 0m 0sec
PyAEDT INFO: Solution Correctly parsed. Elapsed time: 0m 0sec
PyAEDT INFO: Solution Correctly loaded. Elapsed time: 0m 0sec
PyAEDT INFO: Solution Correctly parsed. Elapsed time: 0m 0sec
PyAEDT INFO: Solution Correctly loaded. Elapsed time: 0m 0sec
PyAEDT INFO: Solution Correctly parsed. Elapsed time: 0m 0sec
PyAEDT INFO: Solution Correctly loaded. Elapsed time: 0m 0sec
PyAEDT INFO: Solution Correctly parsed. Elapsed time: 0m 0sec
PyAEDT INFO: Solution Correctly loaded. Elapsed time: 0m 0sec
PyAEDT INFO: Solution Correctly parsed. Elapsed time: 0m 0sec
PyAEDT INFO: Solution Correctly loaded. Elapsed time: 0m 0sec
PyAEDT INFO: Solution Correctly parsed. Elapsed time: 0m 0sec
PyAEDT INFO: Desktop has been released and closed.
Stage: AEDT settle wait 10.0s
{
  "candidate": "p9p75_l5p6_w0p70_fw0p80_stub1p90_w1p00_off1p55_dstub0p70_step1p0_iso11p5_w0p55_i3p6_stack_p9p75_gap1p20",
  "strict_realized_min_dbi": -33.93706162194333,
  "coverage_realized_min_dbi": -20.74877919206655,
  "worst_active_s11_db": -12.559982699395265
}
=== FOV gain candidate 17: p9p75_l5p6_w0p70_fw0p80_stub1p90_w1p00_off1p55_dstub0p70_step1p0_iso11p5_w0p55_i3p6_stack_p9p95_gap1p60 ===
Stage: starting DUALPOL_XY AEDT/project build
PyAEDT INFO: Python version 3.12.10 (tags/v3.12.10:0cc8128, Apr  8 2025, 12:21:36) [MSC v.1943 64 bit (AMD64)].
PyAEDT INFO: PyAEDT version 0.26.3.
PyAEDT INFO: Initializing new Desktop session.
PyAEDT INFO: AEDT version 2023.1.
PyAEDT INFO: New AEDT session is starting on gRPC port 52062.
PyAEDT INFO: Starting new AEDT gRPC session on port 52062.
PyAEDT INFO: Launching AEDT server with gRPC transport mode: TransportMode.WNUA
PyAEDT INFO: Electronics Desktop started on gRPC port 52062 after 6.1 seconds.
PyAEDT INFO: AEDT installation Path D:\Program Files\AnsysEM\v231\Win64
PyAEDT INFO: Connected to AEDT gRPC session on port 52062.
PyAEDT INFO: Non-graphical mode detected. Disabling Desktop logs.
PyAEDT INFO: Project UWB_CH9_Diamond_CP_Array_D44_DUALPOL_XY has been created.
PyAEDT INFO: Added design 'Array4_Diamond_D44_DualPolarized_XY' of type HFSS.
PyAEDT INFO: AEDT objects correctly read
PyAEDT INFO: Modeler class has been initialized! Elapsed time: 0m 0sec
PyAEDT INFO: Materials class has been initialized! Elapsed time: 0m 0sec
PyAEDT INFO: Adding new material to the Project Library: RO4350B_custom_D44_Topology
PyAEDT INFO: Material has been added in Desktop.
Stage: substrate, ground, and isolation slots created
PyAEDT INFO: Boundary Lumped Port P1A has been created.
PyAEDT INFO: Boundary Lumped RLC P1B_switch_off_load has been created.
PyAEDT INFO: Boundary Lumped Port P2A has been created.
PyAEDT INFO: Boundary Lumped RLC P2B_switch_off_load has been created.
PyAEDT INFO: Boundary Lumped Port P3A has been created.
PyAEDT INFO: Boundary Lumped RLC P3B_switch_off_load has been created.
PyAEDT INFO: Boundary Lumped Port P4A has been created.
PyAEDT INFO: Boundary Lumped RLC P4B_switch_off_load has been created.
Stage: DUALPOL_XY radiators and feeds created
PyAEDT INFO: Parsing design objects. This operation can take time
PyAEDT INFO: Refreshing objects from AEDT file
PyAEDT INFO: Parsing D:\WorkSpace\HFSS Sim\UWB-Antenna-Simulation-By-HFSS\UWB_CH9_Diamond_CP_Array_D44_DUALPOL_XY.aedt.
PyAEDT INFO: File D:\WorkSpace\HFSS Sim\UWB-Antenna-Simulation-By-HFSS\UWB_CH9_Diamond_CP_Array_D44_DUALPOL_XY.aedt correctly loaded. Elapsed time: 0m 0sec
PyAEDT INFO: aedt file load time 0.009366035461425781
PyAEDT INFO: 3D Modeler objects parsed. Elapsed time: 0m 0sec
Stage: ground slots cut
PyAEDT INFO: Boundary Perfect E DUALPOL_XY_PEC_metallization has been created.
PyAEDT INFO: Open Region correctly created.
PyAEDT INFO: Project UWB_CH9_Diamond_CP_Array_D44_DUALPOL_XY Saved correctly
Stage: radiation region and upper-hemisphere sphere created
PyAEDT INFO: Parsing D:\WorkSpace\HFSS Sim\UWB-Antenna-Simulation-By-HFSS\UWB_CH9_Diamond_CP_Array_D44_DUALPOL_XY.aedt.
PyAEDT INFO: File D:\WorkSpace\HFSS Sim\UWB-Antenna-Simulation-By-HFSS\UWB_CH9_Diamond_CP_Array_D44_DUALPOL_XY.aedt correctly loaded. Elapsed time: 0m 0sec
PyAEDT INFO: aedt file load time 0.08402276039123535
PyAEDT INFO: Linear count sweep Sweep_CH9 has been correctly created.
PyAEDT INFO: PostProcessor class has been initialized! Elapsed time: 0m 0sec
PyAEDT INFO: PostProcessor class has been initialized! Elapsed time: 0m 0sec
PyAEDT INFO: Post class has been initialized! Elapsed time: 0m 0sec
Stage: setup, sweep, and reports created
PyAEDT INFO: Project UWB_CH9_Diamond_CP_Array_D44_DUALPOL_XY Saved correctly
Stage: DUALPOL_XY analysis started
PyAEDT INFO: Key Desktop/ActiveDSOConfigurations/HFSS correctly changed.
PyAEDT INFO: Solving design setup Setup_CH9
PyAEDT INFO: Design setup Setup_CH9 solved correctly in 0.0h 1.0m 1.0s
PyAEDT INFO: Key Desktop/ActiveDSOConfigurations/HFSS correctly changed.
Analyze result: True
PyAEDT INFO: Project UWB_CH9_Diamond_CP_Array_D44_DUALPOL_XY Saved correctly
PyAEDT INFO: Solution Correctly loaded. Elapsed time: 0m 0sec
PyAEDT INFO: Solution Correctly parsed. Elapsed time: 0m 0sec
PyAEDT INFO: Solution Correctly loaded. Elapsed time: 0m 0sec
PyAEDT INFO: Solution Correctly parsed. Elapsed time: 0m 0sec
PyAEDT INFO: Solution Correctly loaded. Elapsed time: 0m 0sec
PyAEDT INFO: Solution Correctly parsed. Elapsed time: 0m 0sec
PyAEDT INFO: Solution Correctly loaded. Elapsed time: 0m 0sec
PyAEDT INFO: Solution Correctly parsed. Elapsed time: 0m 0sec
PyAEDT INFO: Solution Correctly loaded. Elapsed time: 0m 0sec
PyAEDT INFO: Solution Correctly parsed. Elapsed time: 0m 0sec
PyAEDT INFO: Solution Correctly loaded. Elapsed time: 0m 0sec
PyAEDT INFO: Solution Correctly parsed. Elapsed time: 0m 0sec
PyAEDT INFO: Solution Correctly loaded. Elapsed time: 0m 0sec
PyAEDT INFO: Solution Correctly parsed. Elapsed time: 0m 0sec
PyAEDT INFO: Solution Correctly loaded. Elapsed time: 0m 0sec
PyAEDT INFO: Solution Correctly parsed. Elapsed time: 0m 0sec
PyAEDT INFO: Solution Correctly loaded. Elapsed time: 0m 0sec
PyAEDT INFO: Solution Correctly parsed. Elapsed time: 0m 0sec
PyAEDT INFO: Solution Correctly loaded. Elapsed time: 0m 0sec
PyAEDT INFO: Solution Correctly parsed. Elapsed time: 0m 0sec
PyAEDT INFO: Solution Correctly loaded. Elapsed time: 0m 0sec
PyAEDT INFO: Solution Correctly parsed. Elapsed time: 0m 0sec
PyAEDT INFO: Solution Correctly loaded. Elapsed time: 0m 0sec
PyAEDT INFO: Solution Correctly parsed. Elapsed time: 0m 0sec
PyAEDT INFO: Solution Correctly loaded. Elapsed time: 0m 0sec
PyAEDT INFO: Solution Correctly parsed. Elapsed time: 0m 0sec
PyAEDT INFO: Solution Correctly loaded. Elapsed time: 0m 0sec
PyAEDT INFO: Solution Correctly parsed. Elapsed time: 0m 0sec
PyAEDT INFO: Desktop has been released and closed.
Stage: AEDT settle wait 10.0s
Stage: starting DUALPOL_XY AEDT/project build
PyAEDT INFO: Python version 3.12.10 (tags/v3.12.10:0cc8128, Apr  8 2025, 12:21:36) [MSC v.1943 64 bit (AMD64)].
PyAEDT INFO: PyAEDT version 0.26.3.
PyAEDT INFO: Initializing new Desktop session.
PyAEDT INFO: AEDT version 2023.1.
PyAEDT INFO: New AEDT session is starting on gRPC port 52268.
PyAEDT INFO: Starting new AEDT gRPC session on port 52268.
PyAEDT INFO: Launching AEDT server with gRPC transport mode: TransportMode.WNUA
PyAEDT INFO: Electronics Desktop started on gRPC port 52268 after 6.1 seconds.
PyAEDT INFO: AEDT installation Path D:\Program Files\AnsysEM\v231\Win64
PyAEDT INFO: Connected to AEDT gRPC session on port 52268.
PyAEDT INFO: Non-graphical mode detected. Disabling Desktop logs.
PyAEDT INFO: Project UWB_CH9_Diamond_CP_Array_D44_DUALPOL_XY has been created.
PyAEDT INFO: Added design 'Array4_Diamond_D44_DualPolarized_XY' of type HFSS.
PyAEDT INFO: AEDT objects correctly read
PyAEDT INFO: Modeler class has been initialized! Elapsed time: 0m 0sec
PyAEDT INFO: Materials class has been initialized! Elapsed time: 0m 0sec
PyAEDT INFO: Adding new material to the Project Library: RO4350B_custom_D44_Topology
PyAEDT INFO: Material has been added in Desktop.
Stage: substrate, ground, and isolation slots created
PyAEDT INFO: Boundary Lumped RLC P1A_switch_off_load has been created.
PyAEDT INFO: Boundary Lumped Port P1B has been created.
PyAEDT INFO: Boundary Lumped RLC P2A_switch_off_load has been created.
PyAEDT INFO: Boundary Lumped Port P2B has been created.
PyAEDT INFO: Boundary Lumped RLC P3A_switch_off_load has been created.
PyAEDT INFO: Boundary Lumped Port P3B has been created.
PyAEDT INFO: Boundary Lumped RLC P4A_switch_off_load has been created.
PyAEDT INFO: Boundary Lumped Port P4B has been created.
Stage: DUALPOL_XY radiators and feeds created
PyAEDT INFO: Parsing design objects. This operation can take time
PyAEDT INFO: Refreshing objects from AEDT file
PyAEDT INFO: Parsing D:\WorkSpace\HFSS Sim\UWB-Antenna-Simulation-By-HFSS\UWB_CH9_Diamond_CP_Array_D44_DUALPOL_XY.aedt.
PyAEDT INFO: File D:\WorkSpace\HFSS Sim\UWB-Antenna-Simulation-By-HFSS\UWB_CH9_Diamond_CP_Array_D44_DUALPOL_XY.aedt correctly loaded. Elapsed time: 0m 0sec
PyAEDT INFO: aedt file load time 0.008820295333862305
PyAEDT INFO: 3D Modeler objects parsed. Elapsed time: 0m 0sec
Stage: ground slots cut
PyAEDT INFO: Boundary Perfect E DUALPOL_XY_PEC_metallization has been created.
PyAEDT INFO: Open Region correctly created.
PyAEDT INFO: Project UWB_CH9_Diamond_CP_Array_D44_DUALPOL_XY Saved correctly
Stage: radiation region and upper-hemisphere sphere created
PyAEDT INFO: Parsing D:\WorkSpace\HFSS Sim\UWB-Antenna-Simulation-By-HFSS\UWB_CH9_Diamond_CP_Array_D44_DUALPOL_XY.aedt.
PyAEDT INFO: File D:\WorkSpace\HFSS Sim\UWB-Antenna-Simulation-By-HFSS\UWB_CH9_Diamond_CP_Array_D44_DUALPOL_XY.aedt correctly loaded. Elapsed time: 0m 0sec
PyAEDT INFO: aedt file load time 0.0853719711303711
PyAEDT INFO: Linear count sweep Sweep_CH9 has been correctly created.
PyAEDT INFO: PostProcessor class has been initialized! Elapsed time: 0m 0sec
PyAEDT INFO: PostProcessor class has been initialized! Elapsed time: 0m 0sec
PyAEDT INFO: Post class has been initialized! Elapsed time: 0m 0sec
Stage: setup, sweep, and reports created
PyAEDT INFO: Project UWB_CH9_Diamond_CP_Array_D44_DUALPOL_XY Saved correctly
Stage: DUALPOL_XY analysis started
PyAEDT INFO: Key Desktop/ActiveDSOConfigurations/HFSS correctly changed.
PyAEDT INFO: Solving design setup Setup_CH9
PyAEDT INFO: Design setup Setup_CH9 solved correctly in 0.0h 0.0m 56.0s
PyAEDT INFO: Key Desktop/ActiveDSOConfigurations/HFSS correctly changed.
Analyze result: True
PyAEDT INFO: Project UWB_CH9_Diamond_CP_Array_D44_DUALPOL_XY Saved correctly
PyAEDT INFO: Solution Correctly loaded. Elapsed time: 0m 0sec
PyAEDT INFO: Solution Correctly parsed. Elapsed time: 0m 0sec
PyAEDT INFO: Solution Correctly loaded. Elapsed time: 0m 0sec
PyAEDT INFO: Solution Correctly parsed. Elapsed time: 0m 0sec
PyAEDT INFO: Solution Correctly loaded. Elapsed time: 0m 0sec
PyAEDT INFO: Solution Correctly parsed. Elapsed time: 0m 0sec
PyAEDT INFO: Solution Correctly loaded. Elapsed time: 0m 0sec
PyAEDT INFO: Solution Correctly parsed. Elapsed time: 0m 0sec
PyAEDT INFO: Solution Correctly loaded. Elapsed time: 0m 0sec
PyAEDT INFO: Solution Correctly parsed. Elapsed time: 0m 0sec
PyAEDT INFO: Solution Correctly loaded. Elapsed time: 0m 0sec
PyAEDT INFO: Solution Correctly parsed. Elapsed time: 0m 0sec
PyAEDT INFO: Solution Correctly loaded. Elapsed time: 0m 0sec
PyAEDT INFO: Solution Correctly parsed. Elapsed time: 0m 0sec
PyAEDT INFO: Solution Correctly loaded. Elapsed time: 0m 0sec
PyAEDT INFO: Solution Correctly parsed. Elapsed time: 0m 0sec
PyAEDT INFO: Solution Correctly loaded. Elapsed time: 0m 0sec
PyAEDT INFO: Solution Correctly parsed. Elapsed time: 0m 0sec
PyAEDT INFO: Solution Correctly loaded. Elapsed time: 0m 0sec
PyAEDT INFO: Solution Correctly parsed. Elapsed time: 0m 0sec
PyAEDT INFO: Solution Correctly loaded. Elapsed time: 0m 0sec
PyAEDT INFO: Solution Correctly parsed. Elapsed time: 0m 0sec
PyAEDT INFO: Solution Correctly loaded. Elapsed time: 0m 0sec
PyAEDT INFO: Solution Correctly parsed. Elapsed time: 0m 0sec
PyAEDT INFO: Solution Correctly loaded. Elapsed time: 0m 0sec
PyAEDT INFO: Solution Correctly parsed. Elapsed time: 0m 0sec
PyAEDT INFO: Solution Correctly loaded. Elapsed time: 0m 0sec
PyAEDT INFO: Solution Correctly parsed. Elapsed time: 0m 0sec
PyAEDT INFO: Desktop has been released and closed.
Stage: AEDT settle wait 10.0s
{
  "candidate": "p9p75_l5p6_w0p70_fw0p80_stub1p90_w1p00_off1p55_dstub0p70_step1p0_iso11p5_w0p55_i3p6_stack_p9p95_gap1p60",
  "strict_realized_min_dbi": -43.643060324623335,
  "coverage_realized_min_dbi": -20.44124345347803,
  "worst_active_s11_db": -12.404114599051725
}
=== FOV gain candidate 18: p9p75_l5p6_w0p70_fw0p80_stub1p90_w1p00_off1p55_dstub0p70_step1p0_iso11p5_w0p55_i3p6_slit4p0_off0p45 ===
Stage: starting DUALPOL_XY AEDT/project build
PyAEDT INFO: Python version 3.12.10 (tags/v3.12.10:0cc8128, Apr  8 2025, 12:21:36) [MSC v.1943 64 bit (AMD64)].
PyAEDT INFO: PyAEDT version 0.26.3.
PyAEDT INFO: Initializing new Desktop session.
PyAEDT INFO: AEDT version 2023.1.
PyAEDT INFO: New AEDT session is starting on gRPC port 52446.
PyAEDT INFO: Starting new AEDT gRPC session on port 52446.
PyAEDT INFO: Launching AEDT server with gRPC transport mode: TransportMode.WNUA
PyAEDT INFO: Electronics Desktop started on gRPC port 52446 after 6.1 seconds.
PyAEDT INFO: AEDT installation Path D:\Program Files\AnsysEM\v231\Win64
PyAEDT INFO: Connected to AEDT gRPC session on port 52446.
PyAEDT INFO: Non-graphical mode detected. Disabling Desktop logs.
PyAEDT INFO: Project UWB_CH9_Diamond_CP_Array_D44_DUALPOL_XY has been created.
PyAEDT INFO: Added design 'Array4_Diamond_D44_DualPolarized_XY' of type HFSS.
PyAEDT INFO: AEDT objects correctly read
PyAEDT INFO: Modeler class has been initialized! Elapsed time: 0m 0sec
PyAEDT INFO: Materials class has been initialized! Elapsed time: 0m 0sec
PyAEDT INFO: Adding new material to the Project Library: RO4350B_custom_D44_Topology
PyAEDT INFO: Material has been added in Desktop.
Stage: substrate, ground, and isolation slots created
PyAEDT INFO: Parsing design objects. This operation can take time
PyAEDT INFO: Refreshing objects from AEDT file
PyAEDT INFO: Parsing D:\WorkSpace\HFSS Sim\UWB-Antenna-Simulation-By-HFSS\UWB_CH9_Diamond_CP_Array_D44_DUALPOL_XY.aedt.
PyAEDT INFO: File D:\WorkSpace\HFSS Sim\UWB-Antenna-Simulation-By-HFSS\UWB_CH9_Diamond_CP_Array_D44_DUALPOL_XY.aedt correctly loaded. Elapsed time: 0m 0sec
PyAEDT INFO: aedt file load time 0.00808858871459961
PyAEDT INFO: 3D Modeler objects parsed. Elapsed time: 0m 0sec
PyAEDT INFO: Boundary Lumped Port P1A has been created.
PyAEDT INFO: Boundary Lumped RLC P1B_switch_off_load has been created.
PyAEDT INFO: Parsing design objects. This operation can take time
PyAEDT INFO: Refreshing objects from AEDT file
PyAEDT INFO: 3D Modeler objects parsed. Elapsed time: 0m 0sec
PyAEDT INFO: Boundary Lumped Port P2A has been created.
PyAEDT INFO: Boundary Lumped RLC P2B_switch_off_load has been created.
PyAEDT INFO: Parsing design objects. This operation can take time
PyAEDT INFO: Refreshing objects from AEDT file
PyAEDT INFO: 3D Modeler objects parsed. Elapsed time: 0m 0sec
PyAEDT INFO: Boundary Lumped Port P3A has been created.
PyAEDT INFO: Boundary Lumped RLC P3B_switch_off_load has been created.
PyAEDT INFO: Parsing design objects. This operation can take time
PyAEDT INFO: Refreshing objects from AEDT file
PyAEDT INFO: 3D Modeler objects parsed. Elapsed time: 0m 0sec
PyAEDT INFO: Boundary Lumped Port P4A has been created.
PyAEDT INFO: Boundary Lumped RLC P4B_switch_off_load has been created.
Stage: DUALPOL_XY radiators and feeds created
PyAEDT INFO: Parsing design objects. This operation can take time
PyAEDT INFO: Refreshing objects from AEDT file
PyAEDT INFO: 3D Modeler objects parsed. Elapsed time: 0m 0sec
Stage: ground slots cut
PyAEDT INFO: Boundary Perfect E DUALPOL_XY_PEC_metallization has been created.
PyAEDT INFO: Open Region correctly created.
PyAEDT INFO: Project UWB_CH9_Diamond_CP_Array_D44_DUALPOL_XY Saved correctly
Stage: radiation region and upper-hemisphere sphere created
PyAEDT INFO: Parsing D:\WorkSpace\HFSS Sim\UWB-Antenna-Simulation-By-HFSS\UWB_CH9_Diamond_CP_Array_D44_DUALPOL_XY.aedt.
PyAEDT INFO: File D:\WorkSpace\HFSS Sim\UWB-Antenna-Simulation-By-HFSS\UWB_CH9_Diamond_CP_Array_D44_DUALPOL_XY.aedt correctly loaded. Elapsed time: 0m 0sec
PyAEDT INFO: aedt file load time 0.08795642852783203
PyAEDT INFO: Linear count sweep Sweep_CH9 has been correctly created.
PyAEDT INFO: PostProcessor class has been initialized! Elapsed time: 0m 0sec
PyAEDT INFO: PostProcessor class has been initialized! Elapsed time: 0m 0sec
PyAEDT INFO: Post class has been initialized! Elapsed time: 0m 0sec
Stage: setup, sweep, and reports created
PyAEDT INFO: Project UWB_CH9_Diamond_CP_Array_D44_DUALPOL_XY Saved correctly
Stage: DUALPOL_XY analysis started
PyAEDT INFO: Key Desktop/ActiveDSOConfigurations/HFSS correctly changed.
PyAEDT INFO: Solving design setup Setup_CH9
PyAEDT INFO: Design setup Setup_CH9 solved correctly in 0.0h 0.0m 59.0s
PyAEDT INFO: Key Desktop/ActiveDSOConfigurations/HFSS correctly changed.
Analyze result: True
PyAEDT INFO: Project UWB_CH9_Diamond_CP_Array_D44_DUALPOL_XY Saved correctly
PyAEDT INFO: Solution Correctly loaded. Elapsed time: 0m 0sec
PyAEDT INFO: Solution Correctly parsed. Elapsed time: 0m 0sec
PyAEDT INFO: Solution Correctly loaded. Elapsed time: 0m 0sec
PyAEDT INFO: Solution Correctly parsed. Elapsed time: 0m 0sec
PyAEDT INFO: Solution Correctly loaded. Elapsed time: 0m 0sec
PyAEDT INFO: Solution Correctly parsed. Elapsed time: 0m 0sec
PyAEDT INFO: Solution Correctly loaded. Elapsed time: 0m 0sec
PyAEDT INFO: Solution Correctly parsed. Elapsed time: 0m 0sec
PyAEDT INFO: Solution Correctly loaded. Elapsed time: 0m 0sec
PyAEDT INFO: Solution Correctly parsed. Elapsed time: 0m 0sec
PyAEDT INFO: Solution Correctly loaded. Elapsed time: 0m 0sec
PyAEDT INFO: Solution Correctly parsed. Elapsed time: 0m 0sec
PyAEDT INFO: Solution Correctly loaded. Elapsed time: 0m 0sec
PyAEDT INFO: Solution Correctly parsed. Elapsed time: 0m 0sec
PyAEDT INFO: Solution Correctly loaded. Elapsed time: 0m 0sec
PyAEDT INFO: Solution Correctly parsed. Elapsed time: 0m 0sec
PyAEDT INFO: Solution Correctly loaded. Elapsed time: 0m 0sec
PyAEDT INFO: Solution Correctly parsed. Elapsed time: 0m 0sec
PyAEDT INFO: Solution Correctly loaded. Elapsed time: 0m 0sec
PyAEDT INFO: Solution Correctly parsed. Elapsed time: 0m 0sec
PyAEDT INFO: Solution Correctly loaded. Elapsed time: 0m 0sec
PyAEDT INFO: Solution Correctly parsed. Elapsed time: 0m 0sec
PyAEDT INFO: Solution Correctly loaded. Elapsed time: 0m 0sec
PyAEDT INFO: Solution Correctly parsed. Elapsed time: 0m 0sec
PyAEDT INFO: Solution Correctly loaded. Elapsed time: 0m 0sec
PyAEDT INFO: Solution Correctly parsed. Elapsed time: 0m 0sec
PyAEDT INFO: Solution Correctly loaded. Elapsed time: 0m 0sec
PyAEDT INFO: Solution Correctly parsed. Elapsed time: 0m 0sec
PyAEDT INFO: Desktop has been released and closed.
Stage: AEDT settle wait 10.0s
Stage: starting DUALPOL_XY AEDT/project build
PyAEDT INFO: Python version 3.12.10 (tags/v3.12.10:0cc8128, Apr  8 2025, 12:21:36) [MSC v.1943 64 bit (AMD64)].
PyAEDT INFO: PyAEDT version 0.26.3.
PyAEDT INFO: Initializing new Desktop session.
PyAEDT INFO: AEDT version 2023.1.
PyAEDT INFO: New AEDT session is starting on gRPC port 52626.
PyAEDT INFO: Starting new AEDT gRPC session on port 52626.
PyAEDT INFO: Launching AEDT server with gRPC transport mode: TransportMode.WNUA
PyAEDT INFO: Electronics Desktop started on gRPC port 52626 after 6.5 seconds.
PyAEDT INFO: AEDT installation Path D:\Program Files\AnsysEM\v231\Win64
PyAEDT INFO: Connected to AEDT gRPC session on port 52626.
PyAEDT INFO: Non-graphical mode detected. Disabling Desktop logs.
PyAEDT INFO: Project UWB_CH9_Diamond_CP_Array_D44_DUALPOL_XY has been created.
PyAEDT INFO: Added design 'Array4_Diamond_D44_DualPolarized_XY' of type HFSS.
PyAEDT INFO: AEDT objects correctly read
PyAEDT INFO: Modeler class has been initialized! Elapsed time: 0m 0sec
PyAEDT INFO: Materials class has been initialized! Elapsed time: 0m 0sec
PyAEDT INFO: Adding new material to the Project Library: RO4350B_custom_D44_Topology
PyAEDT INFO: Material has been added in Desktop.
Stage: substrate, ground, and isolation slots created
PyAEDT INFO: Parsing design objects. This operation can take time
PyAEDT INFO: Refreshing objects from AEDT file
PyAEDT INFO: Parsing D:\WorkSpace\HFSS Sim\UWB-Antenna-Simulation-By-HFSS\UWB_CH9_Diamond_CP_Array_D44_DUALPOL_XY.aedt.
PyAEDT INFO: File D:\WorkSpace\HFSS Sim\UWB-Antenna-Simulation-By-HFSS\UWB_CH9_Diamond_CP_Array_D44_DUALPOL_XY.aedt correctly loaded. Elapsed time: 0m 0sec
PyAEDT INFO: aedt file load time 0.009785652160644531
PyAEDT INFO: 3D Modeler objects parsed. Elapsed time: 0m 0sec
PyAEDT INFO: Boundary Lumped RLC P1A_switch_off_load has been created.
PyAEDT INFO: Boundary Lumped Port P1B has been created.
PyAEDT INFO: Parsing design objects. This operation can take time
PyAEDT INFO: Refreshing objects from AEDT file
PyAEDT INFO: 3D Modeler objects parsed. Elapsed time: 0m 0sec
PyAEDT INFO: Boundary Lumped RLC P2A_switch_off_load has been created.
PyAEDT INFO: Boundary Lumped Port P2B has been created.
PyAEDT INFO: Parsing design objects. This operation can take time
PyAEDT INFO: Refreshing objects from AEDT file
PyAEDT INFO: 3D Modeler objects parsed. Elapsed time: 0m 0sec
PyAEDT INFO: Boundary Lumped RLC P3A_switch_off_load has been created.
PyAEDT INFO: Boundary Lumped Port P3B has been created.
PyAEDT INFO: Parsing design objects. This operation can take time
PyAEDT INFO: Refreshing objects from AEDT file
PyAEDT INFO: 3D Modeler objects parsed. Elapsed time: 0m 0sec
PyAEDT INFO: Boundary Lumped RLC P4A_switch_off_load has been created.
PyAEDT INFO: Boundary Lumped Port P4B has been created.
Stage: DUALPOL_XY radiators and feeds created
PyAEDT INFO: Parsing design objects. This operation can take time
PyAEDT INFO: Refreshing objects from AEDT file
PyAEDT INFO: 3D Modeler objects parsed. Elapsed time: 0m 0sec
Stage: ground slots cut
PyAEDT INFO: Boundary Perfect E DUALPOL_XY_PEC_metallization has been created.
PyAEDT INFO: Open Region correctly created.
PyAEDT INFO: Project UWB_CH9_Diamond_CP_Array_D44_DUALPOL_XY Saved correctly
Stage: radiation region and upper-hemisphere sphere created
PyAEDT INFO: Parsing D:\WorkSpace\HFSS Sim\UWB-Antenna-Simulation-By-HFSS\UWB_CH9_Diamond_CP_Array_D44_DUALPOL_XY.aedt.
PyAEDT INFO: File D:\WorkSpace\HFSS Sim\UWB-Antenna-Simulation-By-HFSS\UWB_CH9_Diamond_CP_Array_D44_DUALPOL_XY.aedt correctly loaded. Elapsed time: 0m 0sec
PyAEDT INFO: aedt file load time 0.08705425262451172
PyAEDT INFO: Linear count sweep Sweep_CH9 has been correctly created.
PyAEDT INFO: PostProcessor class has been initialized! Elapsed time: 0m 0sec
PyAEDT INFO: PostProcessor class has been initialized! Elapsed time: 0m 0sec
PyAEDT INFO: Post class has been initialized! Elapsed time: 0m 0sec
Stage: setup, sweep, and reports created
PyAEDT INFO: Project UWB_CH9_Diamond_CP_Array_D44_DUALPOL_XY Saved correctly
Stage: DUALPOL_XY analysis started
PyAEDT INFO: Key Desktop/ActiveDSOConfigurations/HFSS correctly changed.
PyAEDT INFO: Solving design setup Setup_CH9
PyAEDT INFO: Design setup Setup_CH9 solved correctly in 0.0h 0.0m 52.0s
PyAEDT INFO: Key Desktop/ActiveDSOConfigurations/HFSS correctly changed.
Analyze result: True
PyAEDT INFO: Project UWB_CH9_Diamond_CP_Array_D44_DUALPOL_XY Saved correctly
PyAEDT INFO: Solution Correctly loaded. Elapsed time: 0m 0sec
PyAEDT INFO: Solution Correctly parsed. Elapsed time: 0m 0sec
PyAEDT INFO: Solution Correctly loaded. Elapsed time: 0m 0sec
PyAEDT INFO: Solution Correctly parsed. Elapsed time: 0m 0sec
PyAEDT INFO: Solution Correctly loaded. Elapsed time: 0m 0sec
PyAEDT INFO: Solution Correctly parsed. Elapsed time: 0m 0sec
PyAEDT INFO: Solution Correctly loaded. Elapsed time: 0m 0sec
PyAEDT INFO: Solution Correctly parsed. Elapsed time: 0m 0sec
PyAEDT INFO: Solution Correctly loaded. Elapsed time: 0m 0sec
PyAEDT INFO: Solution Correctly parsed. Elapsed time: 0m 0sec
PyAEDT INFO: Solution Correctly loaded. Elapsed time: 0m 0sec
PyAEDT INFO: Solution Correctly parsed. Elapsed time: 0m 0sec
PyAEDT INFO: Solution Correctly loaded. Elapsed time: 0m 0sec
PyAEDT INFO: Solution Correctly parsed. Elapsed time: 0m 0sec
PyAEDT INFO: Solution Correctly loaded. Elapsed time: 0m 0sec
PyAEDT INFO: Solution Correctly parsed. Elapsed time: 0m 0sec
PyAEDT INFO: Solution Correctly loaded. Elapsed time: 0m 0sec
PyAEDT INFO: Solution Correctly parsed. Elapsed time: 0m 0sec
PyAEDT INFO: Solution Correctly loaded. Elapsed time: 0m 0sec
PyAEDT INFO: Solution Correctly parsed. Elapsed time: 0m 0sec
PyAEDT INFO: Solution Correctly loaded. Elapsed time: 0m 0sec
PyAEDT INFO: Solution Correctly parsed. Elapsed time: 0m 0sec
PyAEDT INFO: Solution Correctly loaded. Elapsed time: 0m 0sec
PyAEDT INFO: Solution Correctly parsed. Elapsed time: 0m 0sec
PyAEDT INFO: Solution Correctly loaded. Elapsed time: 0m 0sec
PyAEDT INFO: Solution Correctly parsed. Elapsed time: 0m 0sec
PyAEDT INFO: Solution Correctly loaded. Elapsed time: 0m 0sec
PyAEDT INFO: Solution Correctly parsed. Elapsed time: 0m 0sec
PyAEDT INFO: Desktop has been released and closed.
Stage: AEDT settle wait 10.0s
{
  "candidate": "p9p75_l5p6_w0p70_fw0p80_stub1p90_w1p00_off1p55_dstub0p70_step1p0_iso11p5_w0p55_i3p6_slit4p0_off0p45",
  "strict_realized_min_dbi": -26.370387674420286,
  "coverage_realized_min_dbi": -19.702233884321217,
  "worst_active_s11_db": -11.540383679484767
}
=== FOV gain candidate 19: p9p75_l5p6_w0p70_fw0p80_stub1p90_w1p00_off1p55_dstub0p70_step1p0_iso11p5_w0p55_i3p6_weakline2p4_gap0p12 ===
Stage: starting DUALPOL_XY AEDT/project build
PyAEDT INFO: Python version 3.12.10 (tags/v3.12.10:0cc8128, Apr  8 2025, 12:21:36) [MSC v.1943 64 bit (AMD64)].
PyAEDT INFO: PyAEDT version 0.26.3.
PyAEDT INFO: Initializing new Desktop session.
PyAEDT INFO: AEDT version 2023.1.
PyAEDT INFO: New AEDT session is starting on gRPC port 52806.
PyAEDT INFO: Starting new AEDT gRPC session on port 52806.
PyAEDT INFO: Launching AEDT server with gRPC transport mode: TransportMode.WNUA
PyAEDT INFO: Electronics Desktop started on gRPC port 52806 after 6.1 seconds.
PyAEDT INFO: AEDT installation Path D:\Program Files\AnsysEM\v231\Win64
PyAEDT INFO: Connected to AEDT gRPC session on port 52806.
PyAEDT INFO: Non-graphical mode detected. Disabling Desktop logs.
PyAEDT INFO: Project UWB_CH9_Diamond_CP_Array_D44_DUALPOL_XY has been created.
PyAEDT INFO: Added design 'Array4_Diamond_D44_DualPolarized_XY' of type HFSS.
PyAEDT INFO: AEDT objects correctly read
PyAEDT INFO: Modeler class has been initialized! Elapsed time: 0m 0sec
PyAEDT INFO: Materials class has been initialized! Elapsed time: 0m 0sec
PyAEDT INFO: Adding new material to the Project Library: RO4350B_custom_D44_Topology
PyAEDT INFO: Material has been added in Desktop.
Stage: substrate, ground, and isolation slots created
PyAEDT INFO: Boundary Lumped Port P1A has been created.
PyAEDT INFO: Boundary Lumped RLC P1B_switch_off_load has been created.
PyAEDT INFO: Boundary Lumped Port P2A has been created.
PyAEDT INFO: Boundary Lumped RLC P2B_switch_off_load has been created.
PyAEDT INFO: Boundary Lumped Port P3A has been created.
PyAEDT INFO: Boundary Lumped RLC P3B_switch_off_load has been created.
PyAEDT INFO: Boundary Lumped Port P4A has been created.
PyAEDT INFO: Boundary Lumped RLC P4B_switch_off_load has been created.
Stage: DUALPOL_XY radiators and feeds created
PyAEDT INFO: Parsing design objects. This operation can take time
PyAEDT INFO: Refreshing objects from AEDT file
PyAEDT INFO: Parsing D:\WorkSpace\HFSS Sim\UWB-Antenna-Simulation-By-HFSS\UWB_CH9_Diamond_CP_Array_D44_DUALPOL_XY.aedt.
PyAEDT INFO: File D:\WorkSpace\HFSS Sim\UWB-Antenna-Simulation-By-HFSS\UWB_CH9_Diamond_CP_Array_D44_DUALPOL_XY.aedt correctly loaded. Elapsed time: 0m 0sec
PyAEDT INFO: aedt file load time 0.008580207824707031
PyAEDT INFO: 3D Modeler objects parsed. Elapsed time: 0m 0sec
Stage: ground slots cut
PyAEDT INFO: Boundary Perfect E DUALPOL_XY_PEC_metallization has been created.
PyAEDT INFO: Open Region correctly created.
PyAEDT INFO: Project UWB_CH9_Diamond_CP_Array_D44_DUALPOL_XY Saved correctly
Stage: radiation region and upper-hemisphere sphere created
PyAEDT INFO: Parsing D:\WorkSpace\HFSS Sim\UWB-Antenna-Simulation-By-HFSS\UWB_CH9_Diamond_CP_Array_D44_DUALPOL_XY.aedt.
PyAEDT INFO: File D:\WorkSpace\HFSS Sim\UWB-Antenna-Simulation-By-HFSS\UWB_CH9_Diamond_CP_Array_D44_DUALPOL_XY.aedt correctly loaded. Elapsed time: 0m 0sec
PyAEDT INFO: aedt file load time 0.07613849639892578
PyAEDT INFO: Linear count sweep Sweep_CH9 has been correctly created.
PyAEDT INFO: PostProcessor class has been initialized! Elapsed time: 0m 0sec
PyAEDT INFO: PostProcessor class has been initialized! Elapsed time: 0m 0sec
PyAEDT INFO: Post class has been initialized! Elapsed time: 0m 0sec
Stage: setup, sweep, and reports created
PyAEDT INFO: Project UWB_CH9_Diamond_CP_Array_D44_DUALPOL_XY Saved correctly
Stage: DUALPOL_XY analysis started
PyAEDT INFO: Key Desktop/ActiveDSOConfigurations/HFSS correctly changed.
PyAEDT INFO: Solving design setup Setup_CH9
PyAEDT INFO: Design setup Setup_CH9 solved correctly in 0.0h 0.0m 55.0s
PyAEDT INFO: Key Desktop/ActiveDSOConfigurations/HFSS correctly changed.
Analyze result: True
PyAEDT INFO: Project UWB_CH9_Diamond_CP_Array_D44_DUALPOL_XY Saved correctly
PyAEDT INFO: Solution Correctly loaded. Elapsed time: 0m 0sec
PyAEDT INFO: Solution Correctly parsed. Elapsed time: 0m 0sec
PyAEDT INFO: Solution Correctly loaded. Elapsed time: 0m 0sec
PyAEDT INFO: Solution Correctly parsed. Elapsed time: 0m 0sec
PyAEDT INFO: Solution Correctly loaded. Elapsed time: 0m 0sec
PyAEDT INFO: Solution Correctly parsed. Elapsed time: 0m 0sec
PyAEDT INFO: Solution Correctly loaded. Elapsed time: 0m 0sec
PyAEDT INFO: Solution Correctly parsed. Elapsed time: 0m 0sec
PyAEDT INFO: Solution Correctly loaded. Elapsed time: 0m 0sec
PyAEDT INFO: Solution Correctly parsed. Elapsed time: 0m 0sec
PyAEDT INFO: Solution Correctly loaded. Elapsed time: 0m 0sec
PyAEDT INFO: Solution Correctly parsed. Elapsed time: 0m 0sec
PyAEDT INFO: Solution Correctly loaded. Elapsed time: 0m 0sec
PyAEDT INFO: Solution Correctly parsed. Elapsed time: 0m 0sec
PyAEDT INFO: Solution Correctly loaded. Elapsed time: 0m 0sec
PyAEDT INFO: Solution Correctly parsed. Elapsed time: 0m 0sec
PyAEDT INFO: Solution Correctly loaded. Elapsed time: 0m 0sec
PyAEDT INFO: Solution Correctly parsed. Elapsed time: 0m 0sec
PyAEDT INFO: Solution Correctly loaded. Elapsed time: 0m 0sec
PyAEDT INFO: Solution Correctly parsed. Elapsed time: 0m 0sec
PyAEDT INFO: Solution Correctly loaded. Elapsed time: 0m 0sec
PyAEDT INFO: Solution Correctly parsed. Elapsed time: 0m 0sec
PyAEDT INFO: Solution Correctly loaded. Elapsed time: 0m 0sec
PyAEDT INFO: Solution Correctly parsed. Elapsed time: 0m 0sec
PyAEDT INFO: Solution Correctly loaded. Elapsed time: 0m 0sec
PyAEDT INFO: Solution Correctly parsed. Elapsed time: 0m 0sec
PyAEDT INFO: Solution Correctly loaded. Elapsed time: 0m 0sec
PyAEDT INFO: Solution Correctly parsed. Elapsed time: 0m 0sec
PyAEDT INFO: Desktop has been released and closed.
Stage: AEDT settle wait 10.0s
Stage: starting DUALPOL_XY AEDT/project build
PyAEDT INFO: Python version 3.12.10 (tags/v3.12.10:0cc8128, Apr  8 2025, 12:21:36) [MSC v.1943 64 bit (AMD64)].
PyAEDT INFO: PyAEDT version 0.26.3.
PyAEDT INFO: Initializing new Desktop session.
PyAEDT INFO: AEDT version 2023.1.
PyAEDT INFO: New AEDT session is starting on gRPC port 52981.
PyAEDT INFO: Starting new AEDT gRPC session on port 52981.
PyAEDT INFO: Launching AEDT server with gRPC transport mode: TransportMode.WNUA
PyAEDT INFO: Electronics Desktop started on gRPC port 52981 after 6.1 seconds.
PyAEDT INFO: AEDT installation Path D:\Program Files\AnsysEM\v231\Win64
PyAEDT INFO: Connected to AEDT gRPC session on port 52981.
PyAEDT INFO: Non-graphical mode detected. Disabling Desktop logs.
PyAEDT INFO: Project UWB_CH9_Diamond_CP_Array_D44_DUALPOL_XY has been created.
PyAEDT INFO: Added design 'Array4_Diamond_D44_DualPolarized_XY' of type HFSS.
PyAEDT INFO: AEDT objects correctly read
PyAEDT INFO: Modeler class has been initialized! Elapsed time: 0m 0sec
PyAEDT INFO: Materials class has been initialized! Elapsed time: 0m 0sec
PyAEDT INFO: Adding new material to the Project Library: RO4350B_custom_D44_Topology
PyAEDT INFO: Material has been added in Desktop.
Stage: substrate, ground, and isolation slots created
PyAEDT INFO: Boundary Lumped RLC P1A_switch_off_load has been created.
PyAEDT INFO: Boundary Lumped Port P1B has been created.
PyAEDT INFO: Boundary Lumped RLC P2A_switch_off_load has been created.
PyAEDT INFO: Boundary Lumped Port P2B has been created.
PyAEDT INFO: Boundary Lumped RLC P3A_switch_off_load has been created.
PyAEDT INFO: Boundary Lumped Port P3B has been created.
PyAEDT INFO: Boundary Lumped RLC P4A_switch_off_load has been created.
PyAEDT INFO: Boundary Lumped Port P4B has been created.
Stage: DUALPOL_XY radiators and feeds created
PyAEDT INFO: Parsing design objects. This operation can take time
PyAEDT INFO: Refreshing objects from AEDT file
PyAEDT INFO: Parsing D:\WorkSpace\HFSS Sim\UWB-Antenna-Simulation-By-HFSS\UWB_CH9_Diamond_CP_Array_D44_DUALPOL_XY.aedt.
PyAEDT INFO: File D:\WorkSpace\HFSS Sim\UWB-Antenna-Simulation-By-HFSS\UWB_CH9_Diamond_CP_Array_D44_DUALPOL_XY.aedt correctly loaded. Elapsed time: 0m 0sec
PyAEDT INFO: aedt file load time 0.010438680648803711
PyAEDT INFO: 3D Modeler objects parsed. Elapsed time: 0m 0sec
Stage: ground slots cut
PyAEDT INFO: Boundary Perfect E DUALPOL_XY_PEC_metallization has been created.
PyAEDT INFO: Open Region correctly created.
PyAEDT INFO: Project UWB_CH9_Diamond_CP_Array_D44_DUALPOL_XY Saved correctly
Stage: radiation region and upper-hemisphere sphere created
PyAEDT INFO: Parsing D:\WorkSpace\HFSS Sim\UWB-Antenna-Simulation-By-HFSS\UWB_CH9_Diamond_CP_Array_D44_DUALPOL_XY.aedt.
PyAEDT INFO: File D:\WorkSpace\HFSS Sim\UWB-Antenna-Simulation-By-HFSS\UWB_CH9_Diamond_CP_Array_D44_DUALPOL_XY.aedt correctly loaded. Elapsed time: 0m 0sec
PyAEDT INFO: aedt file load time 0.08757591247558594
PyAEDT INFO: Linear count sweep Sweep_CH9 has been correctly created.
PyAEDT INFO: PostProcessor class has been initialized! Elapsed time: 0m 0sec
PyAEDT INFO: PostProcessor class has been initialized! Elapsed time: 0m 0sec
PyAEDT INFO: Post class has been initialized! Elapsed time: 0m 0sec
Stage: setup, sweep, and reports created
PyAEDT INFO: Project UWB_CH9_Diamond_CP_Array_D44_DUALPOL_XY Saved correctly
Stage: DUALPOL_XY analysis started
PyAEDT INFO: Key Desktop/ActiveDSOConfigurations/HFSS correctly changed.
PyAEDT INFO: Solving design setup Setup_CH9
PyAEDT INFO: Design setup Setup_CH9 solved correctly in 0.0h 0.0m 51.0s
PyAEDT INFO: Key Desktop/ActiveDSOConfigurations/HFSS correctly changed.
Analyze result: True
PyAEDT INFO: Project UWB_CH9_Diamond_CP_Array_D44_DUALPOL_XY Saved correctly
PyAEDT INFO: Solution Correctly loaded. Elapsed time: 0m 0sec
PyAEDT INFO: Solution Correctly parsed. Elapsed time: 0m 0sec
PyAEDT INFO: Solution Correctly loaded. Elapsed time: 0m 0sec
PyAEDT INFO: Solution Correctly parsed. Elapsed time: 0m 0sec
PyAEDT INFO: Solution Correctly loaded. Elapsed time: 0m 0sec
PyAEDT INFO: Solution Correctly parsed. Elapsed time: 0m 0sec
PyAEDT INFO: Solution Correctly loaded. Elapsed time: 0m 0sec
PyAEDT INFO: Solution Correctly parsed. Elapsed time: 0m 0sec
PyAEDT INFO: Solution Correctly loaded. Elapsed time: 0m 0sec
PyAEDT INFO: Solution Correctly parsed. Elapsed time: 0m 0sec
PyAEDT INFO: Solution Correctly loaded. Elapsed time: 0m 0sec
PyAEDT INFO: Solution Correctly parsed. Elapsed time: 0m 0sec
PyAEDT INFO: Solution Correctly loaded. Elapsed time: 0m 0sec
PyAEDT INFO: Solution Correctly parsed. Elapsed time: 0m 0sec
PyAEDT INFO: Solution Correctly loaded. Elapsed time: 0m 0sec
PyAEDT INFO: Solution Correctly parsed. Elapsed time: 0m 0sec
PyAEDT INFO: Solution Correctly loaded. Elapsed time: 0m 0sec
PyAEDT INFO: Solution Correctly parsed. Elapsed time: 0m 0sec
PyAEDT INFO: Solution Correctly loaded. Elapsed time: 0m 0sec
PyAEDT INFO: Solution Correctly parsed. Elapsed time: 0m 0sec
PyAEDT INFO: Solution Correctly loaded. Elapsed time: 0m 0sec
PyAEDT INFO: Solution Correctly parsed. Elapsed time: 0m 0sec
PyAEDT INFO: Solution Correctly loaded. Elapsed time: 0m 0sec
PyAEDT INFO: Solution Correctly parsed. Elapsed time: 0m 0sec
PyAEDT INFO: Solution Correctly loaded. Elapsed time: 0m 0sec
PyAEDT INFO: Solution Correctly parsed. Elapsed time: 0m 0sec
PyAEDT INFO: Solution Correctly loaded. Elapsed time: 0m 0sec
PyAEDT INFO: Solution Correctly parsed. Elapsed time: 0m 0sec
PyAEDT INFO: Desktop has been released and closed.
Stage: AEDT settle wait 10.0s
{
  "candidate": "p9p75_l5p6_w0p70_fw0p80_stub1p90_w1p00_off1p55_dstub0p70_step1p0_iso11p5_w0p55_i3p6_weakline2p4_gap0p12",
  "strict_realized_min_dbi": -28.893921111599248,
  "coverage_realized_min_dbi": -20.400342581242207,
  "worst_active_s11_db": -9.313471803813734
}
Wrote D:\WorkSpace\HFSS Sim\UWB-Antenna-Simulation-By-HFSS\reports_d44_dualpol_rf_switch_fov_gain_opt\UWB_CH9_D44_DUALPOL_RF_SWITCH_FOV_GAIN_report.md
