=== FOV gain candidate 24: p9p75_l5p6_w0p70_fw0p80_stub1p90_w1p00_off1p55_dstub0p70_step1p0_iso11p5_w0p55_i3p6_slit4p0_off0p45_slit3p6_off0p35 ===
Stage: starting DUALPOL_XY AEDT/project build
PyAEDT INFO: Python version 3.12.10 (tags/v3.12.10:0cc8128, Apr  8 2025, 12:21:36) [MSC v.1943 64 bit (AMD64)].
PyAEDT INFO: PyAEDT version 0.26.3.
PyAEDT INFO: Initializing new Desktop session.
PyAEDT INFO: AEDT version 2023.1.
PyAEDT INFO: New AEDT session is starting on gRPC port 56056.
PyAEDT INFO: Starting new AEDT gRPC session on port 56056.
PyAEDT INFO: Launching AEDT server with gRPC transport mode: TransportMode.WNUA
PyAEDT INFO: Electronics Desktop started on gRPC port 56056 after 6.1 seconds.
PyAEDT INFO: AEDT installation Path D:\Program Files\AnsysEM\v231\Win64
PyAEDT INFO: Connected to AEDT gRPC session on port 56056.
PyAEDT INFO: Non-graphical mode detected. Disabling Desktop logs.
PyAEDT INFO: Project UWB_CH9_Diamond_CP_Array_D44_DUALPOL_XY has been created.
PyAEDT INFO: Added design 'Array4_Diamond_D44_DualPolarized_XY' of type HFSS.
PyAEDT INFO: AEDT objects correctly read
PyAEDT INFO: Modeler class has been initialized! Elapsed time: 0m 0sec
PyAEDT INFO: Materials class has been initialized! Elapsed time: 0m 0sec
PyAEDT INFO: Adding new material to the Project Library: RO4350B_custom_D44_Topology
PyAEDT INFO: Material has been added in Desktop.
Stage: substrate, ground, and isolation slots created
PyAEDT INFO: Parsing design objects. This operation can take time
PyAEDT INFO: Refreshing objects from AEDT file
PyAEDT INFO: Parsing D:\WorkSpace\HFSS Sim\UWB-Antenna-Simulation-By-HFSS\UWB_CH9_Diamond_CP_Array_D44_DUALPOL_XY.aedt.
PyAEDT INFO: File D:\WorkSpace\HFSS Sim\UWB-Antenna-Simulation-By-HFSS\UWB_CH9_Diamond_CP_Array_D44_DUALPOL_XY.aedt correctly loaded. Elapsed time: 0m 0sec
PyAEDT INFO: aedt file load time 0.007688999176025391
PyAEDT INFO: 3D Modeler objects parsed. Elapsed time: 0m 0sec
PyAEDT INFO: Boundary Lumped Port P1A has been created.
PyAEDT INFO: Boundary Lumped RLC P1B_switch_off_load has been created.
PyAEDT INFO: Parsing design objects. This operation can take time
PyAEDT INFO: Refreshing objects from AEDT file
PyAEDT INFO: 3D Modeler objects parsed. Elapsed time: 0m 0sec
PyAEDT INFO: Boundary Lumped Port P2A has been created.
PyAEDT INFO: Boundary Lumped RLC P2B_switch_off_load has been created.
PyAEDT INFO: Parsing design objects. This operation can take time
PyAEDT INFO: Refreshing objects from AEDT file
PyAEDT INFO: 3D Modeler objects parsed. Elapsed time: 0m 0sec
PyAEDT INFO: Boundary Lumped Port P3A has been created.
PyAEDT INFO: Boundary Lumped RLC P3B_switch_off_load has been created.
PyAEDT INFO: Parsing design objects. This operation can take time
PyAEDT INFO: Refreshing objects from AEDT file
PyAEDT INFO: 3D Modeler objects parsed. Elapsed time: 0m 0sec
PyAEDT INFO: Boundary Lumped Port P4A has been created.
PyAEDT INFO: Boundary Lumped RLC P4B_switch_off_load has been created.
Stage: DUALPOL_XY radiators and feeds created
PyAEDT INFO: Parsing design objects. This operation can take time
PyAEDT INFO: Refreshing objects from AEDT file
PyAEDT INFO: 3D Modeler objects parsed. Elapsed time: 0m 0sec
Stage: ground slots cut
PyAEDT INFO: Boundary Perfect E DUALPOL_XY_PEC_metallization has been created.
PyAEDT INFO: Open Region correctly created.
PyAEDT INFO: Project UWB_CH9_Diamond_CP_Array_D44_DUALPOL_XY Saved correctly
Stage: radiation region and upper-hemisphere sphere created
PyAEDT INFO: Parsing D:\WorkSpace\HFSS Sim\UWB-Antenna-Simulation-By-HFSS\UWB_CH9_Diamond_CP_Array_D44_DUALPOL_XY.aedt.
PyAEDT INFO: File D:\WorkSpace\HFSS Sim\UWB-Antenna-Simulation-By-HFSS\UWB_CH9_Diamond_CP_Array_D44_DUALPOL_XY.aedt correctly loaded. Elapsed time: 0m 0sec
PyAEDT INFO: aedt file load time 0.08907127380371094
PyAEDT INFO: Linear count sweep Sweep_CH9 has been correctly created.
PyAEDT INFO: PostProcessor class has been initialized! Elapsed time: 0m 0sec
PyAEDT INFO: PostProcessor class has been initialized! Elapsed time: 0m 0sec
PyAEDT INFO: Post class has been initialized! Elapsed time: 0m 0sec
Stage: setup, sweep, and reports created
PyAEDT INFO: Project UWB_CH9_Diamond_CP_Array_D44_DUALPOL_XY Saved correctly
Stage: DUALPOL_XY analysis started
PyAEDT INFO: Key Desktop/ActiveDSOConfigurations/HFSS correctly changed.
PyAEDT INFO: Solving design setup Setup_CH9
PyAEDT INFO: Design setup Setup_CH9 solved correctly in 0.0h 0.0m 55.0s
PyAEDT INFO: Key Desktop/ActiveDSOConfigurations/HFSS correctly changed.
Analyze result: True
PyAEDT INFO: Project UWB_CH9_Diamond_CP_Array_D44_DUALPOL_XY Saved correctly
PyAEDT INFO: Solution Correctly loaded. Elapsed time: 0m 0sec
PyAEDT INFO: Solution Correctly parsed. Elapsed time: 0m 0sec
PyAEDT INFO: Solution Correctly loaded. Elapsed time: 0m 0sec
PyAEDT INFO: Solution Correctly parsed. Elapsed time: 0m 0sec
PyAEDT INFO: Solution Correctly loaded. Elapsed time: 0m 0sec
PyAEDT INFO: Solution Correctly parsed. Elapsed time: 0m 0sec
PyAEDT INFO: Solution Correctly loaded. Elapsed time: 0m 0sec
PyAEDT INFO: Solution Correctly parsed. Elapsed time: 0m 0sec
PyAEDT INFO: Solution Correctly loaded. Elapsed time: 0m 0sec
PyAEDT INFO: Solution Correctly parsed. Elapsed time: 0m 0sec
PyAEDT INFO: Solution Correctly loaded. Elapsed time: 0m 0sec
PyAEDT INFO: Solution Correctly parsed. Elapsed time: 0m 0sec
PyAEDT INFO: Solution Correctly loaded. Elapsed time: 0m 0sec
PyAEDT INFO: Solution Correctly parsed. Elapsed time: 0m 0sec
PyAEDT INFO: Solution Correctly loaded. Elapsed time: 0m 0sec
PyAEDT INFO: Solution Correctly parsed. Elapsed time: 0m 0sec
PyAEDT INFO: Solution Correctly loaded. Elapsed time: 0m 0sec
PyAEDT INFO: Solution Correctly parsed. Elapsed time: 0m 0sec
PyAEDT INFO: Solution Correctly loaded. Elapsed time: 0m 0sec
PyAEDT INFO: Solution Correctly parsed. Elapsed time: 0m 0sec
PyAEDT INFO: Solution Correctly loaded. Elapsed time: 0m 0sec
PyAEDT INFO: Solution Correctly parsed. Elapsed time: 0m 0sec
PyAEDT INFO: Solution Correctly loaded. Elapsed time: 0m 0sec
PyAEDT INFO: Solution Correctly parsed. Elapsed time: 0m 0sec
PyAEDT INFO: Solution Correctly loaded. Elapsed time: 0m 0sec
PyAEDT INFO: Solution Correctly parsed. Elapsed time: 0m 0sec
PyAEDT INFO: Solution Correctly loaded. Elapsed time: 0m 0sec
PyAEDT INFO: Solution Correctly parsed. Elapsed time: 0m 0sec
PyAEDT INFO: Desktop has been released and closed.
Stage: AEDT settle wait 10.0s
Stage: starting DUALPOL_XY AEDT/project build
PyAEDT INFO: Python version 3.12.10 (tags/v3.12.10:0cc8128, Apr  8 2025, 12:21:36) [MSC v.1943 64 bit (AMD64)].
PyAEDT INFO: PyAEDT version 0.26.3.
PyAEDT INFO: Initializing new Desktop session.
PyAEDT INFO: AEDT version 2023.1.
PyAEDT INFO: New AEDT session is starting on gRPC port 56230.
PyAEDT INFO: Starting new AEDT gRPC session on port 56230.
PyAEDT INFO: Launching AEDT server with gRPC transport mode: TransportMode.WNUA
PyAEDT INFO: Electronics Desktop started on gRPC port 56230 after 6.1 seconds.
PyAEDT INFO: AEDT installation Path D:\Program Files\AnsysEM\v231\Win64
PyAEDT INFO: Connected to AEDT gRPC session on port 56230.
PyAEDT INFO: Non-graphical mode detected. Disabling Desktop logs.
PyAEDT INFO: Project UWB_CH9_Diamond_CP_Array_D44_DUALPOL_XY has been created.
PyAEDT INFO: Added design 'Array4_Diamond_D44_DualPolarized_XY' of type HFSS.
PyAEDT INFO: AEDT objects correctly read
PyAEDT INFO: Modeler class has been initialized! Elapsed time: 0m 0sec
PyAEDT INFO: Materials class has been initialized! Elapsed time: 0m 0sec
PyAEDT INFO: Adding new material to the Project Library: RO4350B_custom_D44_Topology
PyAEDT INFO: Material has been added in Desktop.
Stage: substrate, ground, and isolation slots created
PyAEDT INFO: Parsing design objects. This operation can take time
PyAEDT INFO: Refreshing objects from AEDT file
PyAEDT INFO: Parsing D:\WorkSpace\HFSS Sim\UWB-Antenna-Simulation-By-HFSS\UWB_CH9_Diamond_CP_Array_D44_DUALPOL_XY.aedt.
PyAEDT INFO: File D:\WorkSpace\HFSS Sim\UWB-Antenna-Simulation-By-HFSS\UWB_CH9_Diamond_CP_Array_D44_DUALPOL_XY.aedt correctly loaded. Elapsed time: 0m 0sec
PyAEDT INFO: aedt file load time 0.013405084609985352
PyAEDT INFO: 3D Modeler objects parsed. Elapsed time: 0m 0sec
PyAEDT INFO: Boundary Lumped RLC P1A_switch_off_load has been created.
PyAEDT INFO: Boundary Lumped Port P1B has been created.
PyAEDT INFO: Parsing design objects. This operation can take time
PyAEDT INFO: Refreshing objects from AEDT file
PyAEDT INFO: 3D Modeler objects parsed. Elapsed time: 0m 0sec
PyAEDT INFO: Boundary Lumped RLC P2A_switch_off_load has been created.
PyAEDT INFO: Boundary Lumped Port P2B has been created.
PyAEDT INFO: Parsing design objects. This operation can take time
PyAEDT INFO: Refreshing objects from AEDT file
PyAEDT INFO: 3D Modeler objects parsed. Elapsed time: 0m 0sec
PyAEDT INFO: Boundary Lumped RLC P3A_switch_off_load has been created.
PyAEDT INFO: Boundary Lumped Port P3B has been created.
PyAEDT INFO: Parsing design objects. This operation can take time
PyAEDT INFO: Refreshing objects from AEDT file
PyAEDT INFO: 3D Modeler objects parsed. Elapsed time: 0m 0sec
PyAEDT INFO: Boundary Lumped RLC P4A_switch_off_load has been created.
PyAEDT INFO: Boundary Lumped Port P4B has been created.
Stage: DUALPOL_XY radiators and feeds created
PyAEDT INFO: Parsing design objects. This operation can take time
PyAEDT INFO: Refreshing objects from AEDT file
PyAEDT INFO: 3D Modeler objects parsed. Elapsed time: 0m 0sec
Stage: ground slots cut
PyAEDT INFO: Boundary Perfect E DUALPOL_XY_PEC_metallization has been created.
PyAEDT INFO: Open Region correctly created.
PyAEDT INFO: Project UWB_CH9_Diamond_CP_Array_D44_DUALPOL_XY Saved correctly
Stage: radiation region and upper-hemisphere sphere created
PyAEDT INFO: Parsing D:\WorkSpace\HFSS Sim\UWB-Antenna-Simulation-By-HFSS\UWB_CH9_Diamond_CP_Array_D44_DUALPOL_XY.aedt.
PyAEDT INFO: File D:\WorkSpace\HFSS Sim\UWB-Antenna-Simulation-By-HFSS\UWB_CH9_Diamond_CP_Array_D44_DUALPOL_XY.aedt correctly loaded. Elapsed time: 0m 0sec
PyAEDT INFO: aedt file load time 0.08582735061645508
PyAEDT INFO: Linear count sweep Sweep_CH9 has been correctly created.
PyAEDT INFO: PostProcessor class has been initialized! Elapsed time: 0m 0sec
PyAEDT INFO: PostProcessor class has been initialized! Elapsed time: 0m 0sec
PyAEDT INFO: Post class has been initialized! Elapsed time: 0m 0sec
Stage: setup, sweep, and reports created
PyAEDT INFO: Project UWB_CH9_Diamond_CP_Array_D44_DUALPOL_XY Saved correctly
Stage: DUALPOL_XY analysis started
PyAEDT INFO: Key Desktop/ActiveDSOConfigurations/HFSS correctly changed.
PyAEDT INFO: Solving design setup Setup_CH9
PyAEDT INFO: Design setup Setup_CH9 solved correctly in 0.0h 0.0m 56.0s
PyAEDT INFO: Key Desktop/ActiveDSOConfigurations/HFSS correctly changed.
Analyze result: True
PyAEDT INFO: Project UWB_CH9_Diamond_CP_Array_D44_DUALPOL_XY Saved correctly
PyAEDT INFO: Solution Correctly loaded. Elapsed time: 0m 0sec
PyAEDT INFO: Solution Correctly parsed. Elapsed time: 0m 0sec
PyAEDT INFO: Solution Correctly loaded. Elapsed time: 0m 0sec
PyAEDT INFO: Solution Correctly parsed. Elapsed time: 0m 0sec
PyAEDT INFO: Solution Correctly loaded. Elapsed time: 0m 0sec
PyAEDT INFO: Solution Correctly parsed. Elapsed time: 0m 0sec
PyAEDT INFO: Solution Correctly loaded. Elapsed time: 0m 0sec
PyAEDT INFO: Solution Correctly parsed. Elapsed time: 0m 0sec
PyAEDT INFO: Solution Correctly loaded. Elapsed time: 0m 0sec
PyAEDT INFO: Solution Correctly parsed. Elapsed time: 0m 0sec
PyAEDT INFO: Solution Correctly loaded. Elapsed time: 0m 0sec
PyAEDT INFO: Solution Correctly parsed. Elapsed time: 0m 0sec
PyAEDT INFO: Solution Correctly loaded. Elapsed time: 0m 0sec
PyAEDT INFO: Solution Correctly parsed. Elapsed time: 0m 0sec
PyAEDT INFO: Solution Correctly loaded. Elapsed time: 0m 0sec
PyAEDT INFO: Solution Correctly parsed. Elapsed time: 0m 0sec
PyAEDT INFO: Solution Correctly loaded. Elapsed time: 0m 0sec
PyAEDT INFO: Solution Correctly parsed. Elapsed time: 0m 0sec
PyAEDT INFO: Solution Correctly loaded. Elapsed time: 0m 0sec
PyAEDT INFO: Solution Correctly parsed. Elapsed time: 0m 0sec
PyAEDT INFO: Solution Correctly loaded. Elapsed time: 0m 0sec
PyAEDT INFO: Solution Correctly parsed. Elapsed time: 0m 0sec
PyAEDT INFO: Solution Correctly loaded. Elapsed time: 0m 0sec
PyAEDT INFO: Solution Correctly parsed. Elapsed time: 0m 0sec
PyAEDT INFO: Solution Correctly loaded. Elapsed time: 0m 0sec
PyAEDT INFO: Solution Correctly parsed. Elapsed time: 0m 0sec
PyAEDT INFO: Solution Correctly loaded. Elapsed time: 0m 0sec
PyAEDT INFO: Solution Correctly parsed. Elapsed time: 0m 0sec
PyAEDT INFO: Desktop has been released and closed.
Stage: AEDT settle wait 10.0s
{
  "candidate": "p9p75_l5p6_w0p70_fw0p80_stub1p90_w1p00_off1p55_dstub0p70_step1p0_iso11p5_w0p55_i3p6_slit4p0_off0p45_slit3p6_off0p35",
  "strict_realized_min_dbi": -30.569784277372595,
  "coverage_realized_min_dbi": -20.4642989242787,
  "worst_active_s11_db": -10.59288626732801
}
=== FOV gain candidate 25: p9p75_l5p6_w0p70_fw0p80_stub1p90_w1p00_off1p55_dstub0p70_step1p0_iso11p5_w0p55_i3p6_slit4p0_off0p45_slit3p8_off0p45 ===
Stage: starting DUALPOL_XY AEDT/project build
PyAEDT INFO: Python version 3.12.10 (tags/v3.12.10:0cc8128, Apr  8 2025, 12:21:36) [MSC v.1943 64 bit (AMD64)].
PyAEDT INFO: PyAEDT version 0.26.3.
PyAEDT INFO: Initializing new Desktop session.
PyAEDT INFO: AEDT version 2023.1.
PyAEDT INFO: New AEDT session is starting on gRPC port 56404.
PyAEDT INFO: Starting new AEDT gRPC session on port 56404.
PyAEDT INFO: Launching AEDT server with gRPC transport mode: TransportMode.WNUA
PyAEDT INFO: Electronics Desktop started on gRPC port 56404 after 6.0 seconds.
PyAEDT INFO: AEDT installation Path D:\Program Files\AnsysEM\v231\Win64
PyAEDT INFO: Connected to AEDT gRPC session on port 56404.
PyAEDT INFO: Non-graphical mode detected. Disabling Desktop logs.
PyAEDT INFO: Project UWB_CH9_Diamond_CP_Array_D44_DUALPOL_XY has been created.
PyAEDT INFO: Added design 'Array4_Diamond_D44_DualPolarized_XY' of type HFSS.
PyAEDT INFO: AEDT objects correctly read
PyAEDT INFO: Modeler class has been initialized! Elapsed time: 0m 0sec
PyAEDT INFO: Materials class has been initialized! Elapsed time: 0m 0sec
PyAEDT INFO: Adding new material to the Project Library: RO4350B_custom_D44_Topology
PyAEDT INFO: Material has been added in Desktop.
Stage: substrate, ground, and isolation slots created
PyAEDT INFO: Parsing design objects. This operation can take time
PyAEDT INFO: Refreshing objects from AEDT file
PyAEDT INFO: Parsing D:\WorkSpace\HFSS Sim\UWB-Antenna-Simulation-By-HFSS\UWB_CH9_Diamond_CP_Array_D44_DUALPOL_XY.aedt.
PyAEDT INFO: File D:\WorkSpace\HFSS Sim\UWB-Antenna-Simulation-By-HFSS\UWB_CH9_Diamond_CP_Array_D44_DUALPOL_XY.aedt correctly loaded. Elapsed time: 0m 0sec
PyAEDT INFO: aedt file load time 0.009464025497436523
PyAEDT INFO: 3D Modeler objects parsed. Elapsed time: 0m 0sec
PyAEDT INFO: Boundary Lumped Port P1A has been created.
PyAEDT INFO: Boundary Lumped RLC P1B_switch_off_load has been created.
PyAEDT INFO: Parsing design objects. This operation can take time
PyAEDT INFO: Refreshing objects from AEDT file
PyAEDT INFO: 3D Modeler objects parsed. Elapsed time: 0m 0sec
PyAEDT INFO: Boundary Lumped Port P2A has been created.
PyAEDT INFO: Boundary Lumped RLC P2B_switch_off_load has been created.
PyAEDT INFO: Parsing design objects. This operation can take time
PyAEDT INFO: Refreshing objects from AEDT file
PyAEDT INFO: 3D Modeler objects parsed. Elapsed time: 0m 0sec
PyAEDT INFO: Boundary Lumped Port P3A has been created.
PyAEDT INFO: Boundary Lumped RLC P3B_switch_off_load has been created.
PyAEDT INFO: Parsing design objects. This operation can take time
PyAEDT INFO: Refreshing objects from AEDT file
PyAEDT INFO: 3D Modeler objects parsed. Elapsed time: 0m 0sec
PyAEDT INFO: Boundary Lumped Port P4A has been created.
PyAEDT INFO: Boundary Lumped RLC P4B_switch_off_load has been created.
Stage: DUALPOL_XY radiators and feeds created
PyAEDT INFO: Parsing design objects. This operation can take time
PyAEDT INFO: Refreshing objects from AEDT file
PyAEDT INFO: 3D Modeler objects parsed. Elapsed time: 0m 0sec
Stage: ground slots cut
PyAEDT INFO: Boundary Perfect E DUALPOL_XY_PEC_metallization has been created.
PyAEDT INFO: Open Region correctly created.
PyAEDT INFO: Project UWB_CH9_Diamond_CP_Array_D44_DUALPOL_XY Saved correctly
Stage: radiation region and upper-hemisphere sphere created
PyAEDT INFO: Parsing D:\WorkSpace\HFSS Sim\UWB-Antenna-Simulation-By-HFSS\UWB_CH9_Diamond_CP_Array_D44_DUALPOL_XY.aedt.
PyAEDT INFO: File D:\WorkSpace\HFSS Sim\UWB-Antenna-Simulation-By-HFSS\UWB_CH9_Diamond_CP_Array_D44_DUALPOL_XY.aedt correctly loaded. Elapsed time: 0m 0sec
PyAEDT INFO: aedt file load time 0.1030879020690918
PyAEDT INFO: Linear count sweep Sweep_CH9 has been correctly created.
PyAEDT INFO: PostProcessor class has been initialized! Elapsed time: 0m 0sec
PyAEDT INFO: PostProcessor class has been initialized! Elapsed time: 0m 0sec
PyAEDT INFO: Post class has been initialized! Elapsed time: 0m 0sec
Stage: setup, sweep, and reports created
PyAEDT INFO: Project UWB_CH9_Diamond_CP_Array_D44_DUALPOL_XY Saved correctly
Stage: DUALPOL_XY analysis started
PyAEDT INFO: Key Desktop/ActiveDSOConfigurations/HFSS correctly changed.
PyAEDT INFO: Solving design setup Setup_CH9
PyAEDT INFO: Design setup Setup_CH9 solved correctly in 0.0h 0.0m 57.0s
PyAEDT INFO: Key Desktop/ActiveDSOConfigurations/HFSS correctly changed.
Analyze result: True
PyAEDT INFO: Project UWB_CH9_Diamond_CP_Array_D44_DUALPOL_XY Saved correctly
PyAEDT INFO: Solution Correctly loaded. Elapsed time: 0m 0sec
PyAEDT INFO: Solution Correctly parsed. Elapsed time: 0m 0sec
PyAEDT INFO: Solution Correctly loaded. Elapsed time: 0m 0sec
PyAEDT INFO: Solution Correctly parsed. Elapsed time: 0m 0sec
PyAEDT INFO: Solution Correctly loaded. Elapsed time: 0m 0sec
PyAEDT INFO: Solution Correctly parsed. Elapsed time: 0m 0sec
PyAEDT INFO: Solution Correctly loaded. Elapsed time: 0m 0sec
PyAEDT INFO: Solution Correctly parsed. Elapsed time: 0m 0sec
PyAEDT INFO: Solution Correctly loaded. Elapsed time: 0m 0sec
PyAEDT INFO: Solution Correctly parsed. Elapsed time: 0m 0sec
PyAEDT INFO: Solution Correctly loaded. Elapsed time: 0m 0sec
PyAEDT INFO: Solution Correctly parsed. Elapsed time: 0m 0sec
PyAEDT INFO: Solution Correctly loaded. Elapsed time: 0m 0sec
PyAEDT INFO: Solution Correctly parsed. Elapsed time: 0m 0sec
PyAEDT INFO: Solution Correctly loaded. Elapsed time: 0m 0sec
PyAEDT INFO: Solution Correctly parsed. Elapsed time: 0m 0sec
PyAEDT INFO: Solution Correctly loaded. Elapsed time: 0m 0sec
PyAEDT INFO: Solution Correctly parsed. Elapsed time: 0m 0sec
PyAEDT INFO: Solution Correctly loaded. Elapsed time: 0m 0sec
PyAEDT INFO: Solution Correctly parsed. Elapsed time: 0m 0sec
PyAEDT INFO: Solution Correctly loaded. Elapsed time: 0m 0sec
PyAEDT INFO: Solution Correctly parsed. Elapsed time: 0m 0sec
PyAEDT INFO: Solution Correctly loaded. Elapsed time: 0m 0sec
PyAEDT INFO: Solution Correctly parsed. Elapsed time: 0m 0sec
PyAEDT INFO: Solution Correctly loaded. Elapsed time: 0m 0sec
PyAEDT INFO: Solution Correctly parsed. Elapsed time: 0m 0sec
PyAEDT INFO: Solution Correctly loaded. Elapsed time: 0m 0sec
PyAEDT INFO: Solution Correctly parsed. Elapsed time: 0m 0sec
PyAEDT INFO: Desktop has been released and closed.
Stage: AEDT settle wait 10.0s
Stage: starting DUALPOL_XY AEDT/project build
PyAEDT INFO: Python version 3.12.10 (tags/v3.12.10:0cc8128, Apr  8 2025, 12:21:36) [MSC v.1943 64 bit (AMD64)].
PyAEDT INFO: PyAEDT version 0.26.3.
PyAEDT INFO: Initializing new Desktop session.
PyAEDT INFO: AEDT version 2023.1.
PyAEDT INFO: New AEDT session is starting on gRPC port 56563.
PyAEDT INFO: Starting new AEDT gRPC session on port 56563.
PyAEDT INFO: Launching AEDT server with gRPC transport mode: TransportMode.WNUA
PyAEDT INFO: Electronics Desktop started on gRPC port 56563 after 6.1 seconds.
PyAEDT INFO: AEDT installation Path D:\Program Files\AnsysEM\v231\Win64
PyAEDT INFO: Connected to AEDT gRPC session on port 56563.
PyAEDT INFO: Non-graphical mode detected. Disabling Desktop logs.
PyAEDT INFO: Project UWB_CH9_Diamond_CP_Array_D44_DUALPOL_XY has been created.
PyAEDT INFO: Added design 'Array4_Diamond_D44_DualPolarized_XY' of type HFSS.
PyAEDT INFO: AEDT objects correctly read
PyAEDT INFO: Modeler class has been initialized! Elapsed time: 0m 0sec
PyAEDT INFO: Materials class has been initialized! Elapsed time: 0m 0sec
PyAEDT INFO: Adding new material to the Project Library: RO4350B_custom_D44_Topology
PyAEDT INFO: Material has been added in Desktop.
Stage: substrate, ground, and isolation slots created
PyAEDT INFO: Parsing design objects. This operation can take time
PyAEDT INFO: Refreshing objects from AEDT file
PyAEDT INFO: Parsing D:\WorkSpace\HFSS Sim\UWB-Antenna-Simulation-By-HFSS\UWB_CH9_Diamond_CP_Array_D44_DUALPOL_XY.aedt.
PyAEDT INFO: File D:\WorkSpace\HFSS Sim\UWB-Antenna-Simulation-By-HFSS\UWB_CH9_Diamond_CP_Array_D44_DUALPOL_XY.aedt correctly loaded. Elapsed time: 0m 0sec
PyAEDT INFO: aedt file load time 0.008117914199829102
PyAEDT INFO: 3D Modeler objects parsed. Elapsed time: 0m 0sec
PyAEDT INFO: Boundary Lumped RLC P1A_switch_off_load has been created.
PyAEDT INFO: Boundary Lumped Port P1B has been created.
PyAEDT INFO: Parsing design objects. This operation can take time
PyAEDT INFO: Refreshing objects from AEDT file
PyAEDT INFO: 3D Modeler objects parsed. Elapsed time: 0m 0sec
PyAEDT INFO: Boundary Lumped RLC P2A_switch_off_load has been created.
PyAEDT INFO: Boundary Lumped Port P2B has been created.
PyAEDT INFO: Parsing design objects. This operation can take time
PyAEDT INFO: Refreshing objects from AEDT file
PyAEDT INFO: 3D Modeler objects parsed. Elapsed time: 0m 0sec
PyAEDT INFO: Boundary Lumped RLC P3A_switch_off_load has been created.
PyAEDT INFO: Boundary Lumped Port P3B has been created.
PyAEDT INFO: Parsing design objects. This operation can take time
PyAEDT INFO: Refreshing objects from AEDT file
PyAEDT INFO: 3D Modeler objects parsed. Elapsed time: 0m 0sec
PyAEDT INFO: Boundary Lumped RLC P4A_switch_off_load has been created.
PyAEDT INFO: Boundary Lumped Port P4B has been created.
Stage: DUALPOL_XY radiators and feeds created
PyAEDT INFO: Parsing design objects. This operation can take time
PyAEDT INFO: Refreshing objects from AEDT file
PyAEDT INFO: 3D Modeler objects parsed. Elapsed time: 0m 0sec
Stage: ground slots cut
PyAEDT INFO: Boundary Perfect E DUALPOL_XY_PEC_metallization has been created.
PyAEDT INFO: Open Region correctly created.
PyAEDT INFO: Project UWB_CH9_Diamond_CP_Array_D44_DUALPOL_XY Saved correctly
Stage: radiation region and upper-hemisphere sphere created
PyAEDT INFO: Parsing D:\WorkSpace\HFSS Sim\UWB-Antenna-Simulation-By-HFSS\UWB_CH9_Diamond_CP_Array_D44_DUALPOL_XY.aedt.
PyAEDT INFO: File D:\WorkSpace\HFSS Sim\UWB-Antenna-Simulation-By-HFSS\UWB_CH9_Diamond_CP_Array_D44_DUALPOL_XY.aedt correctly loaded. Elapsed time: 0m 0sec
PyAEDT INFO: aedt file load time 0.08196449279785156
PyAEDT INFO: Linear count sweep Sweep_CH9 has been correctly created.
PyAEDT INFO: PostProcessor class has been initialized! Elapsed time: 0m 0sec
PyAEDT INFO: PostProcessor class has been initialized! Elapsed time: 0m 0sec
PyAEDT INFO: Post class has been initialized! Elapsed time: 0m 0sec
Stage: setup, sweep, and reports created
PyAEDT INFO: Project UWB_CH9_Diamond_CP_Array_D44_DUALPOL_XY Saved correctly
Stage: DUALPOL_XY analysis started
PyAEDT INFO: Key Desktop/ActiveDSOConfigurations/HFSS correctly changed.
PyAEDT INFO: Solving design setup Setup_CH9
PyAEDT INFO: Design setup Setup_CH9 solved correctly in 0.0h 0.0m 50.0s
PyAEDT INFO: Key Desktop/ActiveDSOConfigurations/HFSS correctly changed.
Analyze result: True
PyAEDT INFO: Project UWB_CH9_Diamond_CP_Array_D44_DUALPOL_XY Saved correctly
PyAEDT INFO: Solution Correctly loaded. Elapsed time: 0m 0sec
PyAEDT INFO: Solution Correctly parsed. Elapsed time: 0m 0sec
PyAEDT INFO: Solution Correctly loaded. Elapsed time: 0m 0sec
PyAEDT INFO: Solution Correctly parsed. Elapsed time: 0m 0sec
PyAEDT INFO: Solution Correctly loaded. Elapsed time: 0m 0sec
PyAEDT INFO: Solution Correctly parsed. Elapsed time: 0m 0sec
PyAEDT INFO: Solution Correctly loaded. Elapsed time: 0m 0sec
PyAEDT INFO: Solution Correctly parsed. Elapsed time: 0m 0sec
PyAEDT INFO: Solution Correctly loaded. Elapsed time: 0m 0sec
PyAEDT INFO: Solution Correctly parsed. Elapsed time: 0m 0sec
PyAEDT INFO: Solution Correctly loaded. Elapsed time: 0m 0sec
PyAEDT INFO: Solution Correctly parsed. Elapsed time: 0m 0sec
PyAEDT INFO: Solution Correctly loaded. Elapsed time: 0m 0sec
PyAEDT INFO: Solution Correctly parsed. Elapsed time: 0m 0sec
PyAEDT INFO: Solution Correctly loaded. Elapsed time: 0m 0sec
PyAEDT INFO: Solution Correctly parsed. Elapsed time: 0m 0sec
PyAEDT INFO: Solution Correctly loaded. Elapsed time: 0m 0sec
PyAEDT INFO: Solution Correctly parsed. Elapsed time: 0m 0sec
PyAEDT INFO: Solution Correctly loaded. Elapsed time: 0m 0sec
PyAEDT INFO: Solution Correctly parsed. Elapsed time: 0m 0sec
PyAEDT INFO: Solution Correctly loaded. Elapsed time: 0m 0sec
PyAEDT INFO: Solution Correctly parsed. Elapsed time: 0m 0sec
PyAEDT INFO: Solution Correctly loaded. Elapsed time: 0m 0sec
PyAEDT INFO: Solution Correctly parsed. Elapsed time: 0m 0sec
PyAEDT INFO: Solution Correctly loaded. Elapsed time: 0m 0sec
PyAEDT INFO: Solution Correctly parsed. Elapsed time: 0m 0sec
PyAEDT INFO: Solution Correctly loaded. Elapsed time: 0m 0sec
PyAEDT INFO: Solution Correctly parsed. Elapsed time: 0m 0sec
PyAEDT INFO: Desktop has been released and closed.
Stage: AEDT settle wait 10.0s
{
  "candidate": "p9p75_l5p6_w0p70_fw0p80_stub1p90_w1p00_off1p55_dstub0p70_step1p0_iso11p5_w0p55_i3p6_slit4p0_off0p45_slit3p8_off0p45",
  "strict_realized_min_dbi": -28.60091189000961,
  "coverage_realized_min_dbi": -19.82847649307324,
  "worst_active_s11_db": -12.80938425264826
}
=== FOV gain candidate 26: p9p75_l5p6_w0p70_fw0p80_stub1p90_w1p00_off1p55_dstub0p70_step1p0_iso11p5_w0p55_i3p6_slit4p0_off0p45_slit4p0_w0p16_off0p45 ===
Stage: starting DUALPOL_XY AEDT/project build
PyAEDT INFO: Python version 3.12.10 (tags/v3.12.10:0cc8128, Apr  8 2025, 12:21:36) [MSC v.1943 64 bit (AMD64)].
PyAEDT INFO: PyAEDT version 0.26.3.
PyAEDT INFO: Initializing new Desktop session.
PyAEDT INFO: AEDT version 2023.1.
PyAEDT INFO: New AEDT session is starting on gRPC port 56724.
PyAEDT INFO: Starting new AEDT gRPC session on port 56724.
PyAEDT INFO: Launching AEDT server with gRPC transport mode: TransportMode.WNUA
PyAEDT INFO: Electronics Desktop started on gRPC port 56724 after 6.1 seconds.
PyAEDT INFO: AEDT installation Path D:\Program Files\AnsysEM\v231\Win64
PyAEDT INFO: Connected to AEDT gRPC session on port 56724.
PyAEDT INFO: Non-graphical mode detected. Disabling Desktop logs.
PyAEDT INFO: Project UWB_CH9_Diamond_CP_Array_D44_DUALPOL_XY has been created.
PyAEDT INFO: Added design 'Array4_Diamond_D44_DualPolarized_XY' of type HFSS.
PyAEDT INFO: AEDT objects correctly read
PyAEDT INFO: Modeler class has been initialized! Elapsed time: 0m 0sec
PyAEDT INFO: Materials class has been initialized! Elapsed time: 0m 0sec
PyAEDT INFO: Adding new material to the Project Library: RO4350B_custom_D44_Topology
PyAEDT INFO: Material has been added in Desktop.
Stage: substrate, ground, and isolation slots created
PyAEDT INFO: Parsing design objects. This operation can take time
PyAEDT INFO: Refreshing objects from AEDT file
PyAEDT INFO: Parsing D:\WorkSpace\HFSS Sim\UWB-Antenna-Simulation-By-HFSS\UWB_CH9_Diamond_CP_Array_D44_DUALPOL_XY.aedt.
PyAEDT INFO: File D:\WorkSpace\HFSS Sim\UWB-Antenna-Simulation-By-HFSS\UWB_CH9_Diamond_CP_Array_D44_DUALPOL_XY.aedt correctly loaded. Elapsed time: 0m 0sec
PyAEDT INFO: aedt file load time 0.009077787399291992
PyAEDT INFO: 3D Modeler objects parsed. Elapsed time: 0m 0sec
PyAEDT INFO: Boundary Lumped Port P1A has been created.
PyAEDT INFO: Boundary Lumped RLC P1B_switch_off_load has been created.
PyAEDT INFO: Parsing design objects. This operation can take time
PyAEDT INFO: Refreshing objects from AEDT file
PyAEDT INFO: 3D Modeler objects parsed. Elapsed time: 0m 0sec
PyAEDT INFO: Boundary Lumped Port P2A has been created.
PyAEDT INFO: Boundary Lumped RLC P2B_switch_off_load has been created.
PyAEDT INFO: Parsing design objects. This operation can take time
PyAEDT INFO: Refreshing objects from AEDT file
PyAEDT INFO: 3D Modeler objects parsed. Elapsed time: 0m 0sec
PyAEDT INFO: Boundary Lumped Port P3A has been created.
PyAEDT INFO: Boundary Lumped RLC P3B_switch_off_load has been created.
PyAEDT INFO: Parsing design objects. This operation can take time
PyAEDT INFO: Refreshing objects from AEDT file
PyAEDT INFO: 3D Modeler objects parsed. Elapsed time: 0m 0sec
PyAEDT INFO: Boundary Lumped Port P4A has been created.
PyAEDT INFO: Boundary Lumped RLC P4B_switch_off_load has been created.
Stage: DUALPOL_XY radiators and feeds created
PyAEDT INFO: Parsing design objects. This operation can take time
PyAEDT INFO: Refreshing objects from AEDT file
PyAEDT INFO: 3D Modeler objects parsed. Elapsed time: 0m 0sec
Stage: ground slots cut
PyAEDT INFO: Boundary Perfect E DUALPOL_XY_PEC_metallization has been created.
PyAEDT INFO: Open Region correctly created.
PyAEDT INFO: Project UWB_CH9_Diamond_CP_Array_D44_DUALPOL_XY Saved correctly
Stage: radiation region and upper-hemisphere sphere created
PyAEDT INFO: Parsing D:\WorkSpace\HFSS Sim\UWB-Antenna-Simulation-By-HFSS\UWB_CH9_Diamond_CP_Array_D44_DUALPOL_XY.aedt.
PyAEDT INFO: File D:\WorkSpace\HFSS Sim\UWB-Antenna-Simulation-By-HFSS\UWB_CH9_Diamond_CP_Array_D44_DUALPOL_XY.aedt correctly loaded. Elapsed time: 0m 0sec
PyAEDT INFO: aedt file load time 0.07848644256591797
PyAEDT INFO: Linear count sweep Sweep_CH9 has been correctly created.
PyAEDT INFO: PostProcessor class has been initialized! Elapsed time: 0m 0sec
PyAEDT INFO: PostProcessor class has been initialized! Elapsed time: 0m 0sec
PyAEDT INFO: Post class has been initialized! Elapsed time: 0m 0sec
Stage: setup, sweep, and reports created
PyAEDT INFO: Project UWB_CH9_Diamond_CP_Array_D44_DUALPOL_XY Saved correctly
Stage: DUALPOL_XY analysis started
PyAEDT INFO: Key Desktop/ActiveDSOConfigurations/HFSS correctly changed.
PyAEDT INFO: Solving design setup Setup_CH9
PyAEDT INFO: Design setup Setup_CH9 solved correctly in 0.0h 1.0m 10.0s
PyAEDT INFO: Key Desktop/ActiveDSOConfigurations/HFSS correctly changed.
Analyze result: True
PyAEDT INFO: Project UWB_CH9_Diamond_CP_Array_D44_DUALPOL_XY Saved correctly
PyAEDT INFO: Solution Correctly loaded. Elapsed time: 0m 0sec
PyAEDT INFO: Solution Correctly parsed. Elapsed time: 0m 0sec
PyAEDT INFO: Solution Correctly loaded. Elapsed time: 0m 0sec
PyAEDT INFO: Solution Correctly parsed. Elapsed time: 0m 0sec
PyAEDT INFO: Solution Correctly loaded. Elapsed time: 0m 0sec
PyAEDT INFO: Solution Correctly parsed. Elapsed time: 0m 0sec
PyAEDT INFO: Solution Correctly loaded. Elapsed time: 0m 0sec
PyAEDT INFO: Solution Correctly parsed. Elapsed time: 0m 0sec
PyAEDT INFO: Solution Correctly loaded. Elapsed time: 0m 0sec
PyAEDT INFO: Solution Correctly parsed. Elapsed time: 0m 0sec
PyAEDT INFO: Solution Correctly loaded. Elapsed time: 0m 0sec
PyAEDT INFO: Solution Correctly parsed. Elapsed time: 0m 0sec
PyAEDT INFO: Solution Correctly loaded. Elapsed time: 0m 0sec
PyAEDT INFO: Solution Correctly parsed. Elapsed time: 0m 0sec
PyAEDT INFO: Solution Correctly loaded. Elapsed time: 0m 0sec
PyAEDT INFO: Solution Correctly parsed. Elapsed time: 0m 0sec
PyAEDT INFO: Solution Correctly loaded. Elapsed time: 0m 0sec
PyAEDT INFO: Solution Correctly parsed. Elapsed time: 0m 0sec
PyAEDT INFO: Solution Correctly loaded. Elapsed time: 0m 0sec
PyAEDT INFO: Solution Correctly parsed. Elapsed time: 0m 0sec
PyAEDT INFO: Solution Correctly loaded. Elapsed time: 0m 0sec
PyAEDT INFO: Solution Correctly parsed. Elapsed time: 0m 0sec
PyAEDT INFO: Solution Correctly loaded. Elapsed time: 0m 0sec
PyAEDT INFO: Solution Correctly parsed. Elapsed time: 0m 0sec
PyAEDT INFO: Solution Correctly loaded. Elapsed time: 0m 0sec
PyAEDT INFO: Solution Correctly parsed. Elapsed time: 0m 0sec
PyAEDT INFO: Solution Correctly loaded. Elapsed time: 0m 0sec
PyAEDT INFO: Solution Correctly parsed. Elapsed time: 0m 0sec
PyAEDT INFO: Desktop has been released and closed.
Stage: AEDT settle wait 10.0s
Stage: starting DUALPOL_XY AEDT/project build
PyAEDT INFO: Python version 3.12.10 (tags/v3.12.10:0cc8128, Apr  8 2025, 12:21:36) [MSC v.1943 64 bit (AMD64)].
PyAEDT INFO: PyAEDT version 0.26.3.
PyAEDT INFO: Initializing new Desktop session.
PyAEDT INFO: AEDT version 2023.1.
PyAEDT INFO: New AEDT session is starting on gRPC port 56888.
PyAEDT INFO: Starting new AEDT gRPC session on port 56888.
PyAEDT INFO: Launching AEDT server with gRPC transport mode: TransportMode.WNUA
PyAEDT INFO: Electronics Desktop started on gRPC port 56888 after 6.2 seconds.
PyAEDT INFO: AEDT installation Path D:\Program Files\AnsysEM\v231\Win64
PyAEDT INFO: Connected to AEDT gRPC session on port 56888.
PyAEDT INFO: Non-graphical mode detected. Disabling Desktop logs.
PyAEDT INFO: Project UWB_CH9_Diamond_CP_Array_D44_DUALPOL_XY has been created.
PyAEDT INFO: Added design 'Array4_Diamond_D44_DualPolarized_XY' of type HFSS.
PyAEDT INFO: AEDT objects correctly read
PyAEDT INFO: Modeler class has been initialized! Elapsed time: 0m 0sec
PyAEDT INFO: Materials class has been initialized! Elapsed time: 0m 0sec
PyAEDT INFO: Adding new material to the Project Library: RO4350B_custom_D44_Topology
PyAEDT INFO: Material has been added in Desktop.
Stage: substrate, ground, and isolation slots created
PyAEDT INFO: Parsing design objects. This operation can take time
PyAEDT INFO: Refreshing objects from AEDT file
PyAEDT INFO: Parsing D:\WorkSpace\HFSS Sim\UWB-Antenna-Simulation-By-HFSS\UWB_CH9_Diamond_CP_Array_D44_DUALPOL_XY.aedt.
PyAEDT INFO: File D:\WorkSpace\HFSS Sim\UWB-Antenna-Simulation-By-HFSS\UWB_CH9_Diamond_CP_Array_D44_DUALPOL_XY.aedt correctly loaded. Elapsed time: 0m 0sec
PyAEDT INFO: aedt file load time 0.008730888366699219
PyAEDT INFO: 3D Modeler objects parsed. Elapsed time: 0m 0sec
PyAEDT INFO: Boundary Lumped RLC P1A_switch_off_load has been created.
PyAEDT INFO: Boundary Lumped Port P1B has been created.
PyAEDT INFO: Parsing design objects. This operation can take time
PyAEDT INFO: Refreshing objects from AEDT file
PyAEDT INFO: 3D Modeler objects parsed. Elapsed time: 0m 0sec
PyAEDT INFO: Boundary Lumped RLC P2A_switch_off_load has been created.
PyAEDT INFO: Boundary Lumped Port P2B has been created.
PyAEDT INFO: Parsing design objects. This operation can take time
PyAEDT INFO: Refreshing objects from AEDT file
PyAEDT INFO: 3D Modeler objects parsed. Elapsed time: 0m 0sec
PyAEDT INFO: Boundary Lumped RLC P3A_switch_off_load has been created.
PyAEDT INFO: Boundary Lumped Port P3B has been created.
PyAEDT INFO: Parsing design objects. This operation can take time
PyAEDT INFO: Refreshing objects from AEDT file
PyAEDT INFO: 3D Modeler objects parsed. Elapsed time: 0m 0sec
PyAEDT INFO: Boundary Lumped RLC P4A_switch_off_load has been created.
PyAEDT INFO: Boundary Lumped Port P4B has been created.
Stage: DUALPOL_XY radiators and feeds created
PyAEDT INFO: Parsing design objects. This operation can take time
PyAEDT INFO: Refreshing objects from AEDT file
PyAEDT INFO: 3D Modeler objects parsed. Elapsed time: 0m 0sec
Stage: ground slots cut
PyAEDT INFO: Boundary Perfect E DUALPOL_XY_PEC_metallization has been created.
PyAEDT INFO: Open Region correctly created.
PyAEDT INFO: Project UWB_CH9_Diamond_CP_Array_D44_DUALPOL_XY Saved correctly
Stage: radiation region and upper-hemisphere sphere created
PyAEDT INFO: Parsing D:\WorkSpace\HFSS Sim\UWB-Antenna-Simulation-By-HFSS\UWB_CH9_Diamond_CP_Array_D44_DUALPOL_XY.aedt.
PyAEDT INFO: File D:\WorkSpace\HFSS Sim\UWB-Antenna-Simulation-By-HFSS\UWB_CH9_Diamond_CP_Array_D44_DUALPOL_XY.aedt correctly loaded. Elapsed time: 0m 0sec
PyAEDT INFO: aedt file load time 0.07990717887878418
PyAEDT INFO: Linear count sweep Sweep_CH9 has been correctly created.
PyAEDT INFO: PostProcessor class has been initialized! Elapsed time: 0m 0sec
PyAEDT INFO: PostProcessor class has been initialized! Elapsed time: 0m 0sec
PyAEDT INFO: Post class has been initialized! Elapsed time: 0m 0sec
Stage: setup, sweep, and reports created
PyAEDT INFO: Project UWB_CH9_Diamond_CP_Array_D44_DUALPOL_XY Saved correctly
Stage: DUALPOL_XY analysis started
PyAEDT INFO: Key Desktop/ActiveDSOConfigurations/HFSS correctly changed.
PyAEDT INFO: Solving design setup Setup_CH9
PyAEDT INFO: Design setup Setup_CH9 solved correctly in 0.0h 0.0m 52.0s
PyAEDT INFO: Key Desktop/ActiveDSOConfigurations/HFSS correctly changed.
Analyze result: True
PyAEDT INFO: Project UWB_CH9_Diamond_CP_Array_D44_DUALPOL_XY Saved correctly
PyAEDT INFO: Solution Correctly loaded. Elapsed time: 0m 0sec
PyAEDT INFO: Solution Correctly parsed. Elapsed time: 0m 0sec
PyAEDT INFO: Solution Correctly loaded. Elapsed time: 0m 0sec
PyAEDT INFO: Solution Correctly parsed. Elapsed time: 0m 0sec
PyAEDT INFO: Solution Correctly loaded. Elapsed time: 0m 0sec
PyAEDT INFO: Solution Correctly parsed. Elapsed time: 0m 0sec
PyAEDT INFO: Solution Correctly loaded. Elapsed time: 0m 0sec
PyAEDT INFO: Solution Correctly parsed. Elapsed time: 0m 0sec
PyAEDT INFO: Solution Correctly loaded. Elapsed time: 0m 0sec
PyAEDT INFO: Solution Correctly parsed. Elapsed time: 0m 0sec
PyAEDT INFO: Solution Correctly loaded. Elapsed time: 0m 0sec
PyAEDT INFO: Solution Correctly parsed. Elapsed time: 0m 0sec
PyAEDT INFO: Solution Correctly loaded. Elapsed time: 0m 0sec
PyAEDT INFO: Solution Correctly parsed. Elapsed time: 0m 0sec
PyAEDT INFO: Solution Correctly loaded. Elapsed time: 0m 0sec
PyAEDT INFO: Solution Correctly parsed. Elapsed time: 0m 0sec
PyAEDT INFO: Solution Correctly loaded. Elapsed time: 0m 0sec
PyAEDT INFO: Solution Correctly parsed. Elapsed time: 0m 0sec
PyAEDT INFO: Solution Correctly loaded. Elapsed time: 0m 0sec
PyAEDT INFO: Solution Correctly parsed. Elapsed time: 0m 0sec
PyAEDT INFO: Solution Correctly loaded. Elapsed time: 0m 0sec
PyAEDT INFO: Solution Correctly parsed. Elapsed time: 0m 0sec
PyAEDT INFO: Solution Correctly loaded. Elapsed time: 0m 1sec
PyAEDT INFO: Solution Correctly parsed. Elapsed time: 0m 0sec
PyAEDT INFO: Solution Correctly loaded. Elapsed time: 0m 0sec
PyAEDT INFO: Solution Correctly parsed. Elapsed time: 0m 0sec
PyAEDT INFO: Solution Correctly loaded. Elapsed time: 0m 0sec
PyAEDT INFO: Solution Correctly parsed. Elapsed time: 0m 0sec
PyAEDT INFO: Desktop has been released and closed.
Stage: AEDT settle wait 10.0s
{
  "candidate": "p9p75_l5p6_w0p70_fw0p80_stub1p90_w1p00_off1p55_dstub0p70_step1p0_iso11p5_w0p55_i3p6_slit4p0_off0p45_slit4p0_w0p16_off0p45",
  "strict_realized_min_dbi": -28.118990048568584,
  "coverage_realized_min_dbi": -19.732119440623606,
  "worst_active_s11_db": -13.066004464113334
}
=== FOV gain candidate 27: p9p75_l5p6_w0p70_fw0p80_stub1p90_w1p00_off1p55_dstub0p70_step1p0_iso11p5_w0p55_i3p6_slit4p0_off0p45_slit4p0_ang30_off0p45 ===
Stage: starting DUALPOL_XY AEDT/project build
PyAEDT INFO: Python version 3.12.10 (tags/v3.12.10:0cc8128, Apr  8 2025, 12:21:36) [MSC v.1943 64 bit (AMD64)].
PyAEDT INFO: PyAEDT version 0.26.3.
PyAEDT INFO: Initializing new Desktop session.
PyAEDT INFO: AEDT version 2023.1.
PyAEDT INFO: New AEDT session is starting on gRPC port 57049.
PyAEDT INFO: Starting new AEDT gRPC session on port 57049.
PyAEDT INFO: Launching AEDT server with gRPC transport mode: TransportMode.WNUA
PyAEDT INFO: Electronics Desktop started on gRPC port 57049 after 6.1 seconds.
PyAEDT INFO: AEDT installation Path D:\Program Files\AnsysEM\v231\Win64
PyAEDT INFO: Connected to AEDT gRPC session on port 57049.
PyAEDT INFO: Non-graphical mode detected. Disabling Desktop logs.
PyAEDT INFO: Project UWB_CH9_Diamond_CP_Array_D44_DUALPOL_XY has been created.
PyAEDT INFO: Added design 'Array4_Diamond_D44_DualPolarized_XY' of type HFSS.
PyAEDT INFO: AEDT objects correctly read
PyAEDT INFO: Modeler class has been initialized! Elapsed time: 0m 0sec
PyAEDT INFO: Materials class has been initialized! Elapsed time: 0m 0sec
PyAEDT INFO: Adding new material to the Project Library: RO4350B_custom_D44_Topology
PyAEDT INFO: Material has been added in Desktop.
Stage: substrate, ground, and isolation slots created
PyAEDT INFO: Parsing design objects. This operation can take time
PyAEDT INFO: Refreshing objects from AEDT file
PyAEDT INFO: Parsing D:\WorkSpace\HFSS Sim\UWB-Antenna-Simulation-By-HFSS\UWB_CH9_Diamond_CP_Array_D44_DUALPOL_XY.aedt.
PyAEDT INFO: File D:\WorkSpace\HFSS Sim\UWB-Antenna-Simulation-By-HFSS\UWB_CH9_Diamond_CP_Array_D44_DUALPOL_XY.aedt correctly loaded. Elapsed time: 0m 0sec
PyAEDT INFO: aedt file load time 0.00874471664428711
PyAEDT INFO: 3D Modeler objects parsed. Elapsed time: 0m 0sec
PyAEDT INFO: Boundary Lumped Port P1A has been created.
PyAEDT INFO: Boundary Lumped RLC P1B_switch_off_load has been created.
PyAEDT INFO: Parsing design objects. This operation can take time
PyAEDT INFO: Refreshing objects from AEDT file
PyAEDT INFO: 3D Modeler objects parsed. Elapsed time: 0m 0sec
PyAEDT INFO: Boundary Lumped Port P2A has been created.
PyAEDT INFO: Boundary Lumped RLC P2B_switch_off_load has been created.
PyAEDT INFO: Parsing design objects. This operation can take time
PyAEDT INFO: Refreshing objects from AEDT file
PyAEDT INFO: 3D Modeler objects parsed. Elapsed time: 0m 0sec
PyAEDT INFO: Boundary Lumped Port P3A has been created.
PyAEDT INFO: Boundary Lumped RLC P3B_switch_off_load has been created.
PyAEDT INFO: Parsing design objects. This operation can take time
PyAEDT INFO: Refreshing objects from AEDT file
PyAEDT INFO: 3D Modeler objects parsed. Elapsed time: 0m 0sec
PyAEDT INFO: Boundary Lumped Port P4A has been created.
PyAEDT INFO: Boundary Lumped RLC P4B_switch_off_load has been created.
Stage: DUALPOL_XY radiators and feeds created
PyAEDT INFO: Parsing design objects. This operation can take time
PyAEDT INFO: Refreshing objects from AEDT file
PyAEDT INFO: 3D Modeler objects parsed. Elapsed time: 0m 0sec
Stage: ground slots cut
PyAEDT INFO: Boundary Perfect E DUALPOL_XY_PEC_metallization has been created.
PyAEDT INFO: Open Region correctly created.
PyAEDT INFO: Project UWB_CH9_Diamond_CP_Array_D44_DUALPOL_XY Saved correctly
Stage: radiation region and upper-hemisphere sphere created
PyAEDT INFO: Parsing D:\WorkSpace\HFSS Sim\UWB-Antenna-Simulation-By-HFSS\UWB_CH9_Diamond_CP_Array_D44_DUALPOL_XY.aedt.
PyAEDT INFO: File D:\WorkSpace\HFSS Sim\UWB-Antenna-Simulation-By-HFSS\UWB_CH9_Diamond_CP_Array_D44_DUALPOL_XY.aedt correctly loaded. Elapsed time: 0m 0sec
PyAEDT INFO: aedt file load time 0.07882952690124512
PyAEDT INFO: Linear count sweep Sweep_CH9 has been correctly created.
PyAEDT INFO: PostProcessor class has been initialized! Elapsed time: 0m 0sec
PyAEDT INFO: PostProcessor class has been initialized! Elapsed time: 0m 0sec
PyAEDT INFO: Post class has been initialized! Elapsed time: 0m 0sec
Stage: setup, sweep, and reports created
PyAEDT INFO: Project UWB_CH9_Diamond_CP_Array_D44_DUALPOL_XY Saved correctly
Stage: DUALPOL_XY analysis started
PyAEDT INFO: Key Desktop/ActiveDSOConfigurations/HFSS correctly changed.
PyAEDT INFO: Solving design setup Setup_CH9
PyAEDT INFO: Design setup Setup_CH9 solved correctly in 0.0h 0.0m 50.0s
PyAEDT INFO: Key Desktop/ActiveDSOConfigurations/HFSS correctly changed.
Analyze result: True
PyAEDT INFO: Project UWB_CH9_Diamond_CP_Array_D44_DUALPOL_XY Saved correctly
PyAEDT INFO: Solution Correctly loaded. Elapsed time: 0m 0sec
PyAEDT INFO: Solution Correctly parsed. Elapsed time: 0m 0sec
PyAEDT INFO: Solution Correctly loaded. Elapsed time: 0m 0sec
PyAEDT INFO: Solution Correctly parsed. Elapsed time: 0m 0sec
PyAEDT INFO: Solution Correctly loaded. Elapsed time: 0m 0sec
PyAEDT INFO: Solution Correctly parsed. Elapsed time: 0m 0sec
PyAEDT INFO: Solution Correctly loaded. Elapsed time: 0m 0sec
PyAEDT INFO: Solution Correctly parsed. Elapsed time: 0m 0sec
PyAEDT INFO: Solution Correctly loaded. Elapsed time: 0m 0sec
PyAEDT INFO: Solution Correctly parsed. Elapsed time: 0m 0sec
PyAEDT INFO: Solution Correctly loaded. Elapsed time: 0m 0sec
PyAEDT INFO: Solution Correctly parsed. Elapsed time: 0m 0sec
PyAEDT INFO: Solution Correctly loaded. Elapsed time: 0m 0sec
PyAEDT INFO: Solution Correctly parsed. Elapsed time: 0m 0sec
PyAEDT INFO: Solution Correctly loaded. Elapsed time: 0m 0sec
PyAEDT INFO: Solution Correctly parsed. Elapsed time: 0m 0sec
PyAEDT INFO: Solution Correctly loaded. Elapsed time: 0m 0sec
PyAEDT INFO: Solution Correctly parsed. Elapsed time: 0m 0sec
PyAEDT INFO: Solution Correctly loaded. Elapsed time: 0m 0sec
PyAEDT INFO: Solution Correctly parsed. Elapsed time: 0m 0sec
PyAEDT INFO: Solution Correctly loaded. Elapsed time: 0m 0sec
PyAEDT INFO: Solution Correctly parsed. Elapsed time: 0m 0sec
PyAEDT INFO: Solution Correctly loaded. Elapsed time: 0m 0sec
PyAEDT INFO: Solution Correctly parsed. Elapsed time: 0m 0sec
PyAEDT INFO: Solution Correctly loaded. Elapsed time: 0m 0sec
PyAEDT INFO: Solution Correctly parsed. Elapsed time: 0m 0sec
PyAEDT INFO: Solution Correctly loaded. Elapsed time: 0m 0sec
PyAEDT INFO: Solution Correctly parsed. Elapsed time: 0m 0sec
PyAEDT INFO: Desktop has been released and closed.
Stage: AEDT settle wait 10.0s
Stage: starting DUALPOL_XY AEDT/project build
PyAEDT INFO: Python version 3.12.10 (tags/v3.12.10:0cc8128, Apr  8 2025, 12:21:36) [MSC v.1943 64 bit (AMD64)].
PyAEDT INFO: PyAEDT version 0.26.3.
PyAEDT INFO: Initializing new Desktop session.
PyAEDT INFO: AEDT version 2023.1.
PyAEDT INFO: New AEDT session is starting on gRPC port 57210.
PyAEDT INFO: Starting new AEDT gRPC session on port 57210.
PyAEDT INFO: Launching AEDT server with gRPC transport mode: TransportMode.WNUA
PyAEDT INFO: Electronics Desktop started on gRPC port 57210 after 5.6 seconds.
PyAEDT INFO: AEDT installation Path D:\Program Files\AnsysEM\v231\Win64
PyAEDT INFO: Connected to AEDT gRPC session on port 57210.
PyAEDT INFO: Non-graphical mode detected. Disabling Desktop logs.
PyAEDT INFO: Project UWB_CH9_Diamond_CP_Array_D44_DUALPOL_XY has been created.
PyAEDT INFO: Added design 'Array4_Diamond_D44_DualPolarized_XY' of type HFSS.
PyAEDT INFO: AEDT objects correctly read
PyAEDT INFO: Modeler class has been initialized! Elapsed time: 0m 0sec
PyAEDT INFO: Materials class has been initialized! Elapsed time: 0m 0sec
PyAEDT INFO: Adding new material to the Project Library: RO4350B_custom_D44_Topology
PyAEDT INFO: Material has been added in Desktop.
Stage: substrate, ground, and isolation slots created
PyAEDT INFO: Parsing design objects. This operation can take time
PyAEDT INFO: Refreshing objects from AEDT file
PyAEDT INFO: Parsing D:\WorkSpace\HFSS Sim\UWB-Antenna-Simulation-By-HFSS\UWB_CH9_Diamond_CP_Array_D44_DUALPOL_XY.aedt.
PyAEDT INFO: File D:\WorkSpace\HFSS Sim\UWB-Antenna-Simulation-By-HFSS\UWB_CH9_Diamond_CP_Array_D44_DUALPOL_XY.aedt correctly loaded. Elapsed time: 0m 0sec
PyAEDT INFO: aedt file load time 0.00951385498046875
PyAEDT INFO: 3D Modeler objects parsed. Elapsed time: 0m 0sec
PyAEDT INFO: Boundary Lumped RLC P1A_switch_off_load has been created.
PyAEDT INFO: Boundary Lumped Port P1B has been created.
PyAEDT INFO: Parsing design objects. This operation can take time
PyAEDT INFO: Refreshing objects from AEDT file
PyAEDT INFO: 3D Modeler objects parsed. Elapsed time: 0m 0sec
PyAEDT INFO: Boundary Lumped RLC P2A_switch_off_load has been created.
PyAEDT INFO: Boundary Lumped Port P2B has been created.
PyAEDT INFO: Parsing design objects. This operation can take time
PyAEDT INFO: Refreshing objects from AEDT file
PyAEDT INFO: 3D Modeler objects parsed. Elapsed time: 0m 0sec
PyAEDT INFO: Boundary Lumped RLC P3A_switch_off_load has been created.
PyAEDT INFO: Boundary Lumped Port P3B has been created.
PyAEDT INFO: Parsing design objects. This operation can take time
PyAEDT INFO: Refreshing objects from AEDT file
PyAEDT INFO: 3D Modeler objects parsed. Elapsed time: 0m 0sec
PyAEDT INFO: Boundary Lumped RLC P4A_switch_off_load has been created.
PyAEDT INFO: Boundary Lumped Port P4B has been created.
Stage: DUALPOL_XY radiators and feeds created
PyAEDT INFO: Parsing design objects. This operation can take time
PyAEDT INFO: Refreshing objects from AEDT file
PyAEDT INFO: 3D Modeler objects parsed. Elapsed time: 0m 0sec
Stage: ground slots cut
PyAEDT INFO: Boundary Perfect E DUALPOL_XY_PEC_metallization has been created.
PyAEDT INFO: Open Region correctly created.
PyAEDT INFO: Project UWB_CH9_Diamond_CP_Array_D44_DUALPOL_XY Saved correctly
Stage: radiation region and upper-hemisphere sphere created
PyAEDT INFO: Parsing D:\WorkSpace\HFSS Sim\UWB-Antenna-Simulation-By-HFSS\UWB_CH9_Diamond_CP_Array_D44_DUALPOL_XY.aedt.
PyAEDT INFO: File D:\WorkSpace\HFSS Sim\UWB-Antenna-Simulation-By-HFSS\UWB_CH9_Diamond_CP_Array_D44_DUALPOL_XY.aedt correctly loaded. Elapsed time: 0m 0sec
PyAEDT INFO: aedt file load time 0.08402562141418457
PyAEDT INFO: Linear count sweep Sweep_CH9 has been correctly created.
PyAEDT INFO: PostProcessor class has been initialized! Elapsed time: 0m 0sec
PyAEDT INFO: PostProcessor class has been initialized! Elapsed time: 0m 0sec
PyAEDT INFO: Post class has been initialized! Elapsed time: 0m 0sec
Stage: setup, sweep, and reports created
PyAEDT INFO: Project UWB_CH9_Diamond_CP_Array_D44_DUALPOL_XY Saved correctly
Stage: DUALPOL_XY analysis started
PyAEDT INFO: Key Desktop/ActiveDSOConfigurations/HFSS correctly changed.
PyAEDT INFO: Solving design setup Setup_CH9
PyAEDT INFO: Design setup Setup_CH9 solved correctly in 0.0h 0.0m 51.0s
PyAEDT INFO: Key Desktop/ActiveDSOConfigurations/HFSS correctly changed.
Analyze result: True
PyAEDT INFO: Project UWB_CH9_Diamond_CP_Array_D44_DUALPOL_XY Saved correctly
PyAEDT INFO: Solution Correctly loaded. Elapsed time: 0m 0sec
PyAEDT INFO: Solution Correctly parsed. Elapsed time: 0m 0sec
PyAEDT INFO: Solution Correctly loaded. Elapsed time: 0m 0sec
PyAEDT INFO: Solution Correctly parsed. Elapsed time: 0m 0sec
PyAEDT INFO: Solution Correctly loaded. Elapsed time: 0m 0sec
PyAEDT INFO: Solution Correctly parsed. Elapsed time: 0m 0sec
PyAEDT INFO: Solution Correctly loaded. Elapsed time: 0m 0sec
PyAEDT INFO: Solution Correctly parsed. Elapsed time: 0m 0sec
PyAEDT INFO: Solution Correctly loaded. Elapsed time: 0m 0sec
PyAEDT INFO: Solution Correctly parsed. Elapsed time: 0m 0sec
PyAEDT INFO: Solution Correctly loaded. Elapsed time: 0m 0sec
PyAEDT INFO: Solution Correctly parsed. Elapsed time: 0m 0sec
PyAEDT INFO: Solution Correctly loaded. Elapsed time: 0m 0sec
PyAEDT INFO: Solution Correctly parsed. Elapsed time: 0m 0sec
PyAEDT INFO: Solution Correctly loaded. Elapsed time: 0m 0sec
PyAEDT INFO: Solution Correctly parsed. Elapsed time: 0m 0sec
PyAEDT INFO: Solution Correctly loaded. Elapsed time: 0m 0sec
PyAEDT INFO: Solution Correctly parsed. Elapsed time: 0m 0sec
PyAEDT INFO: Solution Correctly loaded. Elapsed time: 0m 0sec
PyAEDT INFO: Solution Correctly parsed. Elapsed time: 0m 0sec
PyAEDT INFO: Solution Correctly loaded. Elapsed time: 0m 0sec
PyAEDT INFO: Solution Correctly parsed. Elapsed time: 0m 0sec
PyAEDT INFO: Solution Correctly loaded. Elapsed time: 0m 0sec
PyAEDT INFO: Solution Correctly parsed. Elapsed time: 0m 0sec
PyAEDT INFO: Solution Correctly loaded. Elapsed time: 0m 0sec
PyAEDT INFO: Solution Correctly parsed. Elapsed time: 0m 0sec
PyAEDT INFO: Solution Correctly loaded. Elapsed time: 0m 0sec
PyAEDT INFO: Solution Correctly parsed. Elapsed time: 0m 0sec
PyAEDT INFO: Desktop has been released and closed.
Stage: AEDT settle wait 10.0s
{
  "candidate": "p9p75_l5p6_w0p70_fw0p80_stub1p90_w1p00_off1p55_dstub0p70_step1p0_iso11p5_w0p55_i3p6_slit4p0_off0p45_slit4p0_ang30_off0p45",
  "strict_realized_min_dbi": -29.445268089244337,
  "coverage_realized_min_dbi": -20.662989267786237,
  "worst_active_s11_db": -11.00297882999729
}
Wrote D:\WorkSpace\HFSS Sim\UWB-Antenna-Simulation-By-HFSS\reports_d44_dualpol_rf_switch_fov_gain_opt\UWB_CH9_D44_DUALPOL_RF_SWITCH_FOV_GAIN_report.md
